[0.020s] Invoking command in '/home/unknown/ROS2_Workspaces/bumperbot_ws/build/bumperbot_utils': CMAKE_PREFIX_PATH=${CMAKE_PREFIX_PATH}:/home/unknown/ROS2_Workspaces/bumperbot_ws/install/my_robot_controller:/home/unknown/ROS2_Workspaces/bumperbot_ws/install/bumper_bot_py:/home/unknown/bumperbot_ws/install/my_robot_controller:/home/unknown/bumperbot_ws/install/bumper_bot_py:/home/unknown/ros2_ws/install/my_robot_controller:/home/unknown/ros2_ws/install/bumper_bot_py:/opt/ros/humble /usr/bin/cmake /home/unknown/ROS2_Workspaces/bumperbot_ws/src/bumperbot_utils -DCMAKE_INSTALL_PREFIX=/home/unknown/ROS2_Workspaces/bumperbot_ws/install/bumperbot_utils
[0.136s] -- The C compiler identification is GNU 11.4.0
[0.220s] -- The CXX compiler identification is GNU 11.4.0
[0.228s] -- Detecting C compiler ABI info
[0.313s] -- Detecting C compiler ABI info - done
[0.328s] -- Check for working C compiler: /usr/bin/cc - skipped
[0.328s] -- Detecting C compile features
[0.328s] -- Detecting C compile features - done
[0.332s] -- Detecting CXX compiler ABI info
[0.437s] -- Detecting CXX compiler ABI info - done
[0.450s] -- Check for working CXX compiler: /usr/bin/c++ - skipped
[0.450s] -- Detecting CXX compile features
[0.451s] -- Detecting CXX compile features - done
[0.454s] -- Found ament_cmake: 1.3.13 (/opt/ros/humble/share/ament_cmake/cmake)
[0.661s] -- Found Python3: /usr/bin/python3 (found version "3.10.12") found components: Interpreter 
[0.787s] -- Found nav_msgs: 4.9.1 (/opt/ros/humble/share/nav_msgs/cmake)
[0.829s] -- Found rosidl_generator_c: 3.1.8 (/opt/ros/humble/share/rosidl_generator_c/cmake)
[0.836s] -- Found rosidl_adapter: 3.1.8 (/opt/ros/humble/share/rosidl_adapter/cmake)
[0.849s] -- Found rosidl_generator_cpp: 3.1.8 (/opt/ros/humble/share/rosidl_generator_cpp/cmake)
[0.869s] -- Using all available rosidl_typesupport_c: rosidl_typesupport_fastrtps_c;rosidl_typesupport_introspection_c
[0.891s] -- Using all available rosidl_typesupport_cpp: rosidl_typesupport_fastrtps_cpp;rosidl_typesupport_introspection_cpp
[0.960s] -- Found ament_lint_auto: 0.12.15 (/opt/ros/humble/share/ament_lint_auto/cmake)
[1.073s] -- Added test 'flake8' to check Python code syntax and style conventions
[1.074s] -- Added test 'lint_cmake' to check CMake code style
[1.075s] -- Added test 'pep257' to check Python code against some of the docstring style conventions in PEP 257
[1.077s] -- Added test 'xmllint' to check XML markup files
[1.079s] -- Configuring done
[1.082s] -- Generating done
[1.085s] -- Build files have been written to: /home/unknown/ROS2_Workspaces/bumperbot_ws/build/bumperbot_utils
[1.094s] Invoked command in '/home/unknown/ROS2_Workspaces/bumperbot_ws/build/bumperbot_utils' returned '0': CMAKE_PREFIX_PATH=${CMAKE_PREFIX_PATH}:/home/unknown/ROS2_Workspaces/bumperbot_ws/install/my_robot_controller:/home/unknown/ROS2_Workspaces/bumperbot_ws/install/bumper_bot_py:/home/unknown/bumperbot_ws/install/my_robot_controller:/home/unknown/bumperbot_ws/install/bumper_bot_py:/home/unknown/ros2_ws/install/my_robot_controller:/home/unknown/ros2_ws/install/bumper_bot_py:/opt/ros/humble /usr/bin/cmake /home/unknown/ROS2_Workspaces/bumperbot_ws/src/bumperbot_utils -DCMAKE_INSTALL_PREFIX=/home/unknown/ROS2_Workspaces/bumperbot_ws/install/bumperbot_utils
[1.095s] Invoking command in '/home/unknown/ROS2_Workspaces/bumperbot_ws/build/bumperbot_utils': CMAKE_PREFIX_PATH=${CMAKE_PREFIX_PATH}:/home/unknown/ROS2_Workspaces/bumperbot_ws/install/my_robot_controller:/home/unknown/ROS2_Workspaces/bumperbot_ws/install/bumper_bot_py:/home/unknown/bumperbot_ws/install/my_robot_controller:/home/unknown/bumperbot_ws/install/bumper_bot_py:/home/unknown/ros2_ws/install/my_robot_controller:/home/unknown/ros2_ws/install/bumper_bot_py:/opt/ros/humble /usr/bin/cmake --build /home/unknown/ROS2_Workspaces/bumperbot_ws/build/bumperbot_utils -- -j8 -l8
[1.138s] Invoked command in '/home/unknown/ROS2_Workspaces/bumperbot_ws/build/bumperbot_utils' returned '0': CMAKE_PREFIX_PATH=${CMAKE_PREFIX_PATH}:/home/unknown/ROS2_Workspaces/bumperbot_ws/install/my_robot_controller:/home/unknown/ROS2_Workspaces/bumperbot_ws/install/bumper_bot_py:/home/unknown/bumperbot_ws/install/my_robot_controller:/home/unknown/bumperbot_ws/install/bumper_bot_py:/home/unknown/ros2_ws/install/my_robot_controller:/home/unknown/ros2_ws/install/bumper_bot_py:/opt/ros/humble /usr/bin/cmake --build /home/unknown/ROS2_Workspaces/bumperbot_ws/build/bumperbot_utils -- -j8 -l8
[1.140s] Invoking command in '/home/unknown/ROS2_Workspaces/bumperbot_ws/build/bumperbot_utils': CMAKE_PREFIX_PATH=${CMAKE_PREFIX_PATH}:/home/unknown/ROS2_Workspaces/bumperbot_ws/install/my_robot_controller:/home/unknown/ROS2_Workspaces/bumperbot_ws/install/bumper_bot_py:/home/unknown/bumperbot_ws/install/my_robot_controller:/home/unknown/bumperbot_ws/install/bumper_bot_py:/home/unknown/ros2_ws/install/my_robot_controller:/home/unknown/ros2_ws/install/bumper_bot_py:/opt/ros/humble /usr/bin/cmake --install /home/unknown/ROS2_Workspaces/bumperbot_ws/build/bumperbot_utils
[1.146s] -- Install configuration: ""
[1.146s] -- Installing: /home/unknown/ROS2_Workspaces/bumperbot_ws/install/bumperbot_utils/share/bumperbot_utils/launch
[1.146s] -- Installing: /home/unknown/ROS2_Workspaces/bumperbot_ws/install/bumperbot_utils/share/bumperbot_utils/launch/path_creation.launch.py
[1.146s] -- Installing: /home/unknown/ROS2_Workspaces/bumperbot_ws/install/bumperbot_utils/share/bumperbot_utils/launch/trajectory.launch.py
[1.147s] -- Installing: /home/unknown/ROS2_Workspaces/bumperbot_ws/install/bumperbot_utils/lib/bumperbot_utils/trajectory_drawer.py
[1.147s] -- Installing: /home/unknown/ROS2_Workspaces/bumperbot_ws/install/bumperbot_utils/share/ament_index/resource_index/package_run_dependencies/bumperbot_utils
[1.147s] -- Installing: /home/unknown/ROS2_Workspaces/bumperbot_ws/install/bumperbot_utils/share/ament_index/resource_index/parent_prefix_path/bumperbot_utils
[1.147s] -- Installing: /home/unknown/ROS2_Workspaces/bumperbot_ws/install/bumperbot_utils/share/bumperbot_utils/environment/ament_prefix_path.sh
[1.147s] -- Installing: /home/unknown/ROS2_Workspaces/bumperbot_ws/install/bumperbot_utils/share/bumperbot_utils/environment/ament_prefix_path.dsv
[1.148s] -- Installing: /home/unknown/ROS2_Workspaces/bumperbot_ws/install/bumperbot_utils/share/bumperbot_utils/environment/path.sh
[1.148s] -- Installing: /home/unknown/ROS2_Workspaces/bumperbot_ws/install/bumperbot_utils/share/bumperbot_utils/environment/path.dsv
[1.148s] -- Installing: /home/unknown/ROS2_Workspaces/bumperbot_ws/install/bumperbot_utils/share/bumperbot_utils/local_setup.bash
[1.148s] -- Installing: /home/unknown/ROS2_Workspaces/bumperbot_ws/install/bumperbot_utils/share/bumperbot_utils/local_setup.sh
[1.148s] -- Installing: /home/unknown/ROS2_Workspaces/bumperbot_ws/install/bumperbot_utils/share/bumperbot_utils/local_setup.zsh
[1.148s] -- Installing: /home/unknown/ROS2_Workspaces/bumperbot_ws/install/bumperbot_utils/share/bumperbot_utils/local_setup.dsv
[1.148s] -- Installing: /home/unknown/ROS2_Workspaces/bumperbot_ws/install/bumperbot_utils/share/bumperbot_utils/package.dsv
[1.149s] -- Installing: /home/unknown/ROS2_Workspaces/bumperbot_ws/install/bumperbot_utils/share/ament_index/resource_index/packages/bumperbot_utils
[1.149s] -- Installing: /home/unknown/ROS2_Workspaces/bumperbot_ws/install/bumperbot_utils/share/bumperbot_utils/cmake/bumperbot_utilsConfig.cmake
[1.149s] -- Installing: /home/unknown/ROS2_Workspaces/bumperbot_ws/install/bumperbot_utils/share/bumperbot_utils/cmake/bumperbot_utilsConfig-version.cmake
[1.149s] -- Installing: /home/unknown/ROS2_Workspaces/bumperbot_ws/install/bumperbot_utils/share/bumperbot_utils/package.xml
[1.152s] Invoked command in '/home/unknown/ROS2_Workspaces/bumperbot_ws/build/bumperbot_utils' returned '0': CMAKE_PREFIX_PATH=${CMAKE_PREFIX_PATH}:/home/unknown/ROS2_Workspaces/bumperbot_ws/install/my_robot_controller:/home/unknown/ROS2_Workspaces/bumperbot_ws/install/bumper_bot_py:/home/unknown/bumperbot_ws/install/my_robot_controller:/home/unknown/bumperbot_ws/install/bumper_bot_py:/home/unknown/ros2_ws/install/my_robot_controller:/home/unknown/ros2_ws/install/bumper_bot_py:/opt/ros/humble /usr/bin/cmake --install /home/unknown/ROS2_Workspaces/bumperbot_ws/build/bumperbot_utils
