running egg_info
creating ../../build/bumper_bot_py/bumper_bot_py.egg-info
writing ../../build/bumper_bot_py/bumper_bot_py.egg-info/PKG-INFO
writing dependency_links to ../../build/bumper_bot_py/bumper_bot_py.egg-info/dependency_links.txt
writing entry points to ../../build/bumper_bot_py/bumper_bot_py.egg-info/entry_points.txt
writing requirements to ../../build/bumper_bot_py/bumper_bot_py.egg-info/requires.txt
writing top-level names to ../../build/bumper_bot_py/bumper_bot_py.egg-info/top_level.txt
writing manifest file '../../build/bumper_bot_py/bumper_bot_py.egg-info/SOURCES.txt'
reading manifest file '../../build/bumper_bot_py/bumper_bot_py.egg-info/SOURCES.txt'
writing manifest file '../../build/bumper_bot_py/bumper_bot_py.egg-info/SOURCES.txt'
running build
running build_py
creating /home/unknown/ROS2_Workspaces/bumperbot_ws/build/bumper_bot_py/build
creating /home/unknown/ROS2_Workspaces/bumperbot_ws/build/bumper_bot_py/build/lib
creating /home/unknown/ROS2_Workspaces/bumperbot_ws/build/bumper_bot_py/build/lib/bumper_bot_py
copying bumper_bot_py/turtlesim_rotation.py -> /home/unknown/ROS2_Workspaces/bumperbot_ws/build/bumper_bot_py/build/lib/bumper_bot_py
copying bumper_bot_py/turtlesim_kinematics.py -> /home/unknown/ROS2_Workspaces/bumperbot_ws/build/bumper_bot_py/build/lib/bumper_bot_py
copying bumper_bot_py/parameter_simple.py -> /home/unknown/ROS2_Workspaces/bumperbot_ws/build/bumper_bot_py/build/lib/bumper_bot_py
copying bumper_bot_py/simple_subscriber.py -> /home/unknown/ROS2_Workspaces/bumperbot_ws/build/bumper_bot_py/build/lib/bumper_bot_py
copying bumper_bot_py/__init__.py -> /home/unknown/ROS2_Workspaces/bumperbot_ws/build/bumper_bot_py/build/lib/bumper_bot_py
copying bumper_bot_py/simple_service_server.py -> /home/unknown/ROS2_Workspaces/bumperbot_ws/build/bumper_bot_py/build/lib/bumper_bot_py
copying bumper_bot_py/simple_tf_service.py -> /home/unknown/ROS2_Workspaces/bumperbot_ws/build/bumper_bot_py/build/lib/bumper_bot_py
copying bumper_bot_py/euler_to_quaternion.py -> /home/unknown/ROS2_Workspaces/bumperbot_ws/build/bumper_bot_py/build/lib/bumper_bot_py
copying bumper_bot_py/dynamic_tf_kinematics.py -> /home/unknown/ROS2_Workspaces/bumperbot_ws/build/bumper_bot_py/build/lib/bumper_bot_py
copying bumper_bot_py/simple_service_client.py -> /home/unknown/ROS2_Workspaces/bumperbot_ws/build/bumper_bot_py/build/lib/bumper_bot_py
copying bumper_bot_py/simple_publisher.py -> /home/unknown/ROS2_Workspaces/bumperbot_ws/build/bumper_bot_py/build/lib/bumper_bot_py
copying bumper_bot_py/simple_tf_kinematics.py -> /home/unknown/ROS2_Workspaces/bumperbot_ws/build/bumper_bot_py/build/lib/bumper_bot_py
running install
running install_lib
creating /home/unknown/ROS2_Workspaces/bumperbot_ws/install/bumper_bot_py/lib/python3.10/site-packages/bumper_bot_py
copying /home/unknown/ROS2_Workspaces/bumperbot_ws/build/bumper_bot_py/build/lib/bumper_bot_py/turtlesim_rotation.py -> /home/unknown/ROS2_Workspaces/bumperbot_ws/install/bumper_bot_py/lib/python3.10/site-packages/bumper_bot_py
copying /home/unknown/ROS2_Workspaces/bumperbot_ws/build/bumper_bot_py/build/lib/bumper_bot_py/turtlesim_kinematics.py -> /home/unknown/ROS2_Workspaces/bumperbot_ws/install/bumper_bot_py/lib/python3.10/site-packages/bumper_bot_py
copying /home/unknown/ROS2_Workspaces/bumperbot_ws/build/bumper_bot_py/build/lib/bumper_bot_py/parameter_simple.py -> /home/unknown/ROS2_Workspaces/bumperbot_ws/install/bumper_bot_py/lib/python3.10/site-packages/bumper_bot_py
copying /home/unknown/ROS2_Workspaces/bumperbot_ws/build/bumper_bot_py/build/lib/bumper_bot_py/simple_subscriber.py -> /home/unknown/ROS2_Workspaces/bumperbot_ws/install/bumper_bot_py/lib/python3.10/site-packages/bumper_bot_py
copying /home/unknown/ROS2_Workspaces/bumperbot_ws/build/bumper_bot_py/build/lib/bumper_bot_py/__init__.py -> /home/unknown/ROS2_Workspaces/bumperbot_ws/install/bumper_bot_py/lib/python3.10/site-packages/bumper_bot_py
copying /home/unknown/ROS2_Workspaces/bumperbot_ws/build/bumper_bot_py/build/lib/bumper_bot_py/simple_service_server.py -> /home/unknown/ROS2_Workspaces/bumperbot_ws/install/bumper_bot_py/lib/python3.10/site-packages/bumper_bot_py
copying /home/unknown/ROS2_Workspaces/bumperbot_ws/build/bumper_bot_py/build/lib/bumper_bot_py/simple_tf_service.py -> /home/unknown/ROS2_Workspaces/bumperbot_ws/install/bumper_bot_py/lib/python3.10/site-packages/bumper_bot_py
copying /home/unknown/ROS2_Workspaces/bumperbot_ws/build/bumper_bot_py/build/lib/bumper_bot_py/euler_to_quaternion.py -> /home/unknown/ROS2_Workspaces/bumperbot_ws/install/bumper_bot_py/lib/python3.10/site-packages/bumper_bot_py
copying /home/unknown/ROS2_Workspaces/bumperbot_ws/build/bumper_bot_py/build/lib/bumper_bot_py/dynamic_tf_kinematics.py -> /home/unknown/ROS2_Workspaces/bumperbot_ws/install/bumper_bot_py/lib/python3.10/site-packages/bumper_bot_py
copying /home/unknown/ROS2_Workspaces/bumperbot_ws/build/bumper_bot_py/build/lib/bumper_bot_py/simple_service_client.py -> /home/unknown/ROS2_Workspaces/bumperbot_ws/install/bumper_bot_py/lib/python3.10/site-packages/bumper_bot_py
copying /home/unknown/ROS2_Workspaces/bumperbot_ws/build/bumper_bot_py/build/lib/bumper_bot_py/simple_publisher.py -> /home/unknown/ROS2_Workspaces/bumperbot_ws/install/bumper_bot_py/lib/python3.10/site-packages/bumper_bot_py
copying /home/unknown/ROS2_Workspaces/bumperbot_ws/build/bumper_bot_py/build/lib/bumper_bot_py/simple_tf_kinematics.py -> /home/unknown/ROS2_Workspaces/bumperbot_ws/install/bumper_bot_py/lib/python3.10/site-packages/bumper_bot_py
byte-compiling /home/unknown/ROS2_Workspaces/bumperbot_ws/install/bumper_bot_py/lib/python3.10/site-packages/bumper_bot_py/turtlesim_rotation.py to turtlesim_rotation.cpython-310.pyc
byte-compiling /home/unknown/ROS2_Workspaces/bumperbot_ws/install/bumper_bot_py/lib/python3.10/site-packages/bumper_bot_py/turtlesim_kinematics.py to turtlesim_kinematics.cpython-310.pyc
byte-compiling /home/unknown/ROS2_Workspaces/bumperbot_ws/install/bumper_bot_py/lib/python3.10/site-packages/bumper_bot_py/parameter_simple.py to parameter_simple.cpython-310.pyc
byte-compiling /home/unknown/ROS2_Workspaces/bumperbot_ws/install/bumper_bot_py/lib/python3.10/site-packages/bumper_bot_py/simple_subscriber.py to simple_subscriber.cpython-310.pyc
byte-compiling /home/unknown/ROS2_Workspaces/bumperbot_ws/install/bumper_bot_py/lib/python3.10/site-packages/bumper_bot_py/__init__.py to __init__.cpython-310.pyc
byte-compiling /home/unknown/ROS2_Workspaces/bumperbot_ws/install/bumper_bot_py/lib/python3.10/site-packages/bumper_bot_py/simple_service_server.py to simple_service_server.cpython-310.pyc
byte-compiling /home/unknown/ROS2_Workspaces/bumperbot_ws/install/bumper_bot_py/lib/python3.10/site-packages/bumper_bot_py/simple_tf_service.py to simple_tf_service.cpython-310.pyc
byte-compiling /home/unknown/ROS2_Workspaces/bumperbot_ws/install/bumper_bot_py/lib/python3.10/site-packages/bumper_bot_py/euler_to_quaternion.py to euler_to_quaternion.cpython-310.pyc
byte-compiling /home/unknown/ROS2_Workspaces/bumperbot_ws/install/bumper_bot_py/lib/python3.10/site-packages/bumper_bot_py/dynamic_tf_kinematics.py to dynamic_tf_kinematics.cpython-310.pyc
byte-compiling /home/unknown/ROS2_Workspaces/bumperbot_ws/install/bumper_bot_py/lib/python3.10/site-packages/bumper_bot_py/simple_service_client.py to simple_service_client.cpython-310.pyc
byte-compiling /home/unknown/ROS2_Workspaces/bumperbot_ws/install/bumper_bot_py/lib/python3.10/site-packages/bumper_bot_py/simple_publisher.py to simple_publisher.cpython-310.pyc
byte-compiling /home/unknown/ROS2_Workspaces/bumperbot_ws/install/bumper_bot_py/lib/python3.10/site-packages/bumper_bot_py/simple_tf_kinematics.py to simple_tf_kinematics.cpython-310.pyc
running install_data
creating /home/unknown/ROS2_Workspaces/bumperbot_ws/install/bumper_bot_py/share/ament_index
creating /home/unknown/ROS2_Workspaces/bumperbot_ws/install/bumper_bot_py/share/ament_index/resource_index
creating /home/unknown/ROS2_Workspaces/bumperbot_ws/install/bumper_bot_py/share/ament_index/resource_index/packages
copying resource/bumper_bot_py -> /home/unknown/ROS2_Workspaces/bumperbot_ws/install/bumper_bot_py/share/ament_index/resource_index/packages
copying package.xml -> /home/unknown/ROS2_Workspaces/bumperbot_ws/install/bumper_bot_py/share/bumper_bot_py
running install_egg_info
Copying ../../build/bumper_bot_py/bumper_bot_py.egg-info to /home/unknown/ROS2_Workspaces/bumperbot_ws/install/bumper_bot_py/lib/python3.10/site-packages/bumper_bot_py-0.0.0-py3.10.egg-info
running install_scripts
Installing dynamic_tf_kinematics script to /home/unknown/ROS2_Workspaces/bumperbot_ws/install/bumper_bot_py/lib/bumper_bot_py
Installing euler_to_quaternion script to /home/unknown/ROS2_Workspaces/bumperbot_ws/install/bumper_bot_py/lib/bumper_bot_py
Installing simple_parameter script to /home/unknown/ROS2_Workspaces/bumperbot_ws/install/bumper_bot_py/lib/bumper_bot_py
Installing simple_publisher script to /home/unknown/ROS2_Workspaces/bumperbot_ws/install/bumper_bot_py/lib/bumper_bot_py
Installing simple_service_client script to /home/unknown/ROS2_Workspaces/bumperbot_ws/install/bumper_bot_py/lib/bumper_bot_py
Installing simple_service_server script to /home/unknown/ROS2_Workspaces/bumperbot_ws/install/bumper_bot_py/lib/bumper_bot_py
Installing simple_subscriber script to /home/unknown/ROS2_Workspaces/bumperbot_ws/install/bumper_bot_py/lib/bumper_bot_py
Installing simple_tf_kinematics script to /home/unknown/ROS2_Workspaces/bumperbot_ws/install/bumper_bot_py/lib/bumper_bot_py
Installing simple_tf_service script to /home/unknown/ROS2_Workspaces/bumperbot_ws/install/bumper_bot_py/lib/bumper_bot_py
Installing turtlesim_kinematics script to /home/unknown/ROS2_Workspaces/bumperbot_ws/install/bumper_bot_py/lib/bumper_bot_py
Installing turtlesim_rotation script to /home/unknown/ROS2_Workspaces/bumperbot_ws/install/bumper_bot_py/lib/bumper_bot_py
writing list of installed files to '/home/unknown/ROS2_Workspaces/bumperbot_ws/build/bumper_bot_py/install.log'
