[1.536s] Invoking command in '/home/unknown/ROS2_Workspaces/bumperbot_ws/src/bumper_bot_py': CMAKE_PREFIX_PATH=/home/unknown/ROS2_Workspaces/bumperbot_ws/install/bumperbot_msgs:/home/unknown/ROS2_Workspaces/bumperbot_ws/install/ign_ros2_control_demos:/home/unknown/ROS2_Workspaces/bumperbot_ws/install/bumper_bot:/home/unknown/ROS2_Workspaces/bumperbot_ws/install/ign_ros2_control:/home/unknown/ROS2_Workspaces/bumperbot_ws/install/gz_ros2_control_tests:/home/unknown/ROS2_Workspaces/bumperbot_ws/install/gz_ros2_control_demos:/home/unknown/ROS2_Workspaces/bumperbot_ws/install/gz_ros2_control:/home/unknown/ROS2_Workspaces/bumperbot_ws/install/cpp_folder:/home/unknown/ROS2_Workspaces/bumperbot_ws/install/bumperbot_utils:/home/unknown/ROS2_Workspaces/bumperbot_ws/install/bumperbot_localisation:/home/unknown/ROS2_Workspaces/bumperbot_ws/install/bumperbot_firmware:/home/unknown/ROS2_Workspaces/bumperbot_ws/install/bumperbot_controller:/home/unknown/bumperbot_ws/install/ign_ros2_control_demos:/home/unknown/bumperbot_ws/install/bumper_bot:/home/unknown/bumperbot_ws/install/ign_ros2_control:/home/unknown/bumperbot_ws/install/gz_ros2_control_tests:/home/unknown/bumperbot_ws/install/gz_ros2_control_demos:/home/unknown/bumperbot_ws/install/gz_ros2_control:/home/unknown/bumperbot_ws/install/cpp_folder:/home/unknown/bumperbot_ws/install/bumperbot_utils:/home/unknown/bumperbot_ws/install/bumperbot_msgs:/home/unknown/bumperbot_ws/install/bumperbot_localisation:/home/unknown/bumperbot_ws/install/bumperbot_firmware:/home/unknown/bumperbot_ws/install/bumperbot_controller:/home/unknown/ros2_ws/install/rc_plane:/home/unknown/ros2_ws/install/ign_ros2_control_demos:/home/unknown/ros2_ws/install/bumper_bot:/home/unknown/ros2_ws/install/ign_ros2_control:/home/unknown/ros2_ws/install/gz_ros2_control_tests:/home/unknown/ros2_ws/install/gz_ros2_control_demos:/home/unknown/ros2_ws/install/gz_ros2_control:/home/unknown/ros2_ws/install/cpp_folder:/home/unknown/ros2_ws/install/bumperbot_utils:/home/unknown/ros2_ws/install/bumperbot_msgs:/home/unknown/ros2_ws/install/bumperbot_localisation:/home/unknown/ros2_ws/install/bumperbot_firmware:/home/unknown/ros2_ws/install/bumperbot_controller LD_LIBRARY_PATH=/home/unknown/ROS2_Workspaces/bumperbot_ws/install/bumperbot_msgs/lib:/home/unknown/ROS2_Workspaces/bumperbot_ws/install/gz_ros2_control/lib:/home/unknown/bumperbot_ws/install/gz_ros2_control/lib:/home/unknown/bumperbot_ws/install/bumperbot_msgs/lib:/home/unknown/ros2_ws/install/gz_ros2_control/lib:/home/unknown/ros2_ws/install/bumperbot_msgs/lib:/opt/ros/humble/opt/rviz_ogre_vendor/lib:/opt/ros/humble/lib/x86_64-linux-gnu:/opt/ros/humble/lib PYTHONPATH=/home/unknown/ROS2_Workspaces/bumperbot_ws/build/bumper_bot_py/prefix_override:/usr/lib/python3/dist-packages/colcon_core/task/python/colcon_distutils_commands:/home/unknown/ROS2_Workspaces/bumperbot_ws/install/bumper_bot_py/lib/python3.10/site-packages:${PYTHONPATH} /usr/bin/python3 -W ignore:setup.py install is deprecated -W ignore:easy_install command is deprecated setup.py egg_info --egg-base ../../build/bumper_bot_py build --build-base /home/unknown/ROS2_Workspaces/bumperbot_ws/build/bumper_bot_py/build install --record /home/unknown/ROS2_Workspaces/bumperbot_ws/build/bumper_bot_py/install.log --single-version-externally-managed install_data
[2.082s] running egg_info
[2.083s] creating ../../build/bumper_bot_py/bumper_bot_py.egg-info
[2.084s] writing ../../build/bumper_bot_py/bumper_bot_py.egg-info/PKG-INFO
[2.085s] writing dependency_links to ../../build/bumper_bot_py/bumper_bot_py.egg-info/dependency_links.txt
[2.086s] writing entry points to ../../build/bumper_bot_py/bumper_bot_py.egg-info/entry_points.txt
[2.086s] writing requirements to ../../build/bumper_bot_py/bumper_bot_py.egg-info/requires.txt
[2.087s] writing top-level names to ../../build/bumper_bot_py/bumper_bot_py.egg-info/top_level.txt
[2.087s] writing manifest file '../../build/bumper_bot_py/bumper_bot_py.egg-info/SOURCES.txt'
[2.093s] reading manifest file '../../build/bumper_bot_py/bumper_bot_py.egg-info/SOURCES.txt'
[2.093s] writing manifest file '../../build/bumper_bot_py/bumper_bot_py.egg-info/SOURCES.txt'
[2.094s] running build
[2.094s] running build_py
[2.095s] creating /home/unknown/ROS2_Workspaces/bumperbot_ws/build/bumper_bot_py/build
[2.095s] creating /home/unknown/ROS2_Workspaces/bumperbot_ws/build/bumper_bot_py/build/lib
[2.095s] creating /home/unknown/ROS2_Workspaces/bumperbot_ws/build/bumper_bot_py/build/lib/bumper_bot_py
[2.096s] copying bumper_bot_py/turtlesim_rotation.py -> /home/unknown/ROS2_Workspaces/bumperbot_ws/build/bumper_bot_py/build/lib/bumper_bot_py
[2.100s] copying bumper_bot_py/turtlesim_kinematics.py -> /home/unknown/ROS2_Workspaces/bumperbot_ws/build/bumper_bot_py/build/lib/bumper_bot_py
[2.100s] copying bumper_bot_py/parameter_simple.py -> /home/unknown/ROS2_Workspaces/bumperbot_ws/build/bumper_bot_py/build/lib/bumper_bot_py
[2.100s] copying bumper_bot_py/simple_subscriber.py -> /home/unknown/ROS2_Workspaces/bumperbot_ws/build/bumper_bot_py/build/lib/bumper_bot_py
[2.101s] copying bumper_bot_py/__init__.py -> /home/unknown/ROS2_Workspaces/bumperbot_ws/build/bumper_bot_py/build/lib/bumper_bot_py
[2.101s] copying bumper_bot_py/simple_service_server.py -> /home/unknown/ROS2_Workspaces/bumperbot_ws/build/bumper_bot_py/build/lib/bumper_bot_py
[2.102s] copying bumper_bot_py/simple_tf_service.py -> /home/unknown/ROS2_Workspaces/bumperbot_ws/build/bumper_bot_py/build/lib/bumper_bot_py
[2.102s] copying bumper_bot_py/euler_to_quaternion.py -> /home/unknown/ROS2_Workspaces/bumperbot_ws/build/bumper_bot_py/build/lib/bumper_bot_py
[2.102s] copying bumper_bot_py/dynamic_tf_kinematics.py -> /home/unknown/ROS2_Workspaces/bumperbot_ws/build/bumper_bot_py/build/lib/bumper_bot_py
[2.105s] copying bumper_bot_py/simple_service_client.py -> /home/unknown/ROS2_Workspaces/bumperbot_ws/build/bumper_bot_py/build/lib/bumper_bot_py
[2.106s] copying bumper_bot_py/simple_publisher.py -> /home/unknown/ROS2_Workspaces/bumperbot_ws/build/bumper_bot_py/build/lib/bumper_bot_py
[2.106s] copying bumper_bot_py/simple_tf_kinematics.py -> /home/unknown/ROS2_Workspaces/bumperbot_ws/build/bumper_bot_py/build/lib/bumper_bot_py
[2.106s] running install
[2.107s] running install_lib
[2.108s] creating /home/unknown/ROS2_Workspaces/bumperbot_ws/install/bumper_bot_py/lib/python3.10/site-packages/bumper_bot_py
[2.109s] copying /home/unknown/ROS2_Workspaces/bumperbot_ws/build/bumper_bot_py/build/lib/bumper_bot_py/turtlesim_rotation.py -> /home/unknown/ROS2_Workspaces/bumperbot_ws/install/bumper_bot_py/lib/python3.10/site-packages/bumper_bot_py
[2.109s] copying /home/unknown/ROS2_Workspaces/bumperbot_ws/build/bumper_bot_py/build/lib/bumper_bot_py/turtlesim_kinematics.py -> /home/unknown/ROS2_Workspaces/bumperbot_ws/install/bumper_bot_py/lib/python3.10/site-packages/bumper_bot_py
[2.109s] copying /home/unknown/ROS2_Workspaces/bumperbot_ws/build/bumper_bot_py/build/lib/bumper_bot_py/parameter_simple.py -> /home/unknown/ROS2_Workspaces/bumperbot_ws/install/bumper_bot_py/lib/python3.10/site-packages/bumper_bot_py
[2.112s] copying /home/unknown/ROS2_Workspaces/bumperbot_ws/build/bumper_bot_py/build/lib/bumper_bot_py/simple_subscriber.py -> /home/unknown/ROS2_Workspaces/bumperbot_ws/install/bumper_bot_py/lib/python3.10/site-packages/bumper_bot_py
[2.112s] copying /home/unknown/ROS2_Workspaces/bumperbot_ws/build/bumper_bot_py/build/lib/bumper_bot_py/__init__.py -> /home/unknown/ROS2_Workspaces/bumperbot_ws/install/bumper_bot_py/lib/python3.10/site-packages/bumper_bot_py
[2.113s] copying /home/unknown/ROS2_Workspaces/bumperbot_ws/build/bumper_bot_py/build/lib/bumper_bot_py/simple_service_server.py -> /home/unknown/ROS2_Workspaces/bumperbot_ws/install/bumper_bot_py/lib/python3.10/site-packages/bumper_bot_py
[2.116s] copying /home/unknown/ROS2_Workspaces/bumperbot_ws/build/bumper_bot_py/build/lib/bumper_bot_py/simple_tf_service.py -> /home/unknown/ROS2_Workspaces/bumperbot_ws/install/bumper_bot_py/lib/python3.10/site-packages/bumper_bot_py
[2.117s] copying /home/unknown/ROS2_Workspaces/bumperbot_ws/build/bumper_bot_py/build/lib/bumper_bot_py/euler_to_quaternion.py -> /home/unknown/ROS2_Workspaces/bumperbot_ws/install/bumper_bot_py/lib/python3.10/site-packages/bumper_bot_py
[2.117s] copying /home/unknown/ROS2_Workspaces/bumperbot_ws/build/bumper_bot_py/build/lib/bumper_bot_py/dynamic_tf_kinematics.py -> /home/unknown/ROS2_Workspaces/bumperbot_ws/install/bumper_bot_py/lib/python3.10/site-packages/bumper_bot_py
[2.117s] copying /home/unknown/ROS2_Workspaces/bumperbot_ws/build/bumper_bot_py/build/lib/bumper_bot_py/simple_service_client.py -> /home/unknown/ROS2_Workspaces/bumperbot_ws/install/bumper_bot_py/lib/python3.10/site-packages/bumper_bot_py
[2.117s] copying /home/unknown/ROS2_Workspaces/bumperbot_ws/build/bumper_bot_py/build/lib/bumper_bot_py/simple_publisher.py -> /home/unknown/ROS2_Workspaces/bumperbot_ws/install/bumper_bot_py/lib/python3.10/site-packages/bumper_bot_py
[2.117s] copying /home/unknown/ROS2_Workspaces/bumperbot_ws/build/bumper_bot_py/build/lib/bumper_bot_py/simple_tf_kinematics.py -> /home/unknown/ROS2_Workspaces/bumperbot_ws/install/bumper_bot_py/lib/python3.10/site-packages/bumper_bot_py
[2.118s] byte-compiling /home/unknown/ROS2_Workspaces/bumperbot_ws/install/bumper_bot_py/lib/python3.10/site-packages/bumper_bot_py/turtlesim_rotation.py to turtlesim_rotation.cpython-310.pyc
[2.119s] byte-compiling /home/unknown/ROS2_Workspaces/bumperbot_ws/install/bumper_bot_py/lib/python3.10/site-packages/bumper_bot_py/turtlesim_kinematics.py to turtlesim_kinematics.cpython-310.pyc
[2.120s] byte-compiling /home/unknown/ROS2_Workspaces/bumperbot_ws/install/bumper_bot_py/lib/python3.10/site-packages/bumper_bot_py/parameter_simple.py to parameter_simple.cpython-310.pyc
[2.127s] byte-compiling /home/unknown/ROS2_Workspaces/bumperbot_ws/install/bumper_bot_py/lib/python3.10/site-packages/bumper_bot_py/simple_subscriber.py to simple_subscriber.cpython-310.pyc
[2.127s] byte-compiling /home/unknown/ROS2_Workspaces/bumperbot_ws/install/bumper_bot_py/lib/python3.10/site-packages/bumper_bot_py/__init__.py to __init__.cpython-310.pyc
[2.128s] byte-compiling /home/unknown/ROS2_Workspaces/bumperbot_ws/install/bumper_bot_py/lib/python3.10/site-packages/bumper_bot_py/simple_service_server.py to simple_service_server.cpython-310.pyc
[2.128s] byte-compiling /home/unknown/ROS2_Workspaces/bumperbot_ws/install/bumper_bot_py/lib/python3.10/site-packages/bumper_bot_py/simple_tf_service.py to simple_tf_service.cpython-310.pyc
[2.131s] byte-compiling /home/unknown/ROS2_Workspaces/bumperbot_ws/install/bumper_bot_py/lib/python3.10/site-packages/bumper_bot_py/euler_to_quaternion.py to euler_to_quaternion.cpython-310.pyc
[2.133s] byte-compiling /home/unknown/ROS2_Workspaces/bumperbot_ws/install/bumper_bot_py/lib/python3.10/site-packages/bumper_bot_py/dynamic_tf_kinematics.py to dynamic_tf_kinematics.cpython-310.pyc
[2.134s] byte-compiling /home/unknown/ROS2_Workspaces/bumperbot_ws/install/bumper_bot_py/lib/python3.10/site-packages/bumper_bot_py/simple_service_client.py to simple_service_client.cpython-310.pyc
[2.138s] byte-compiling /home/unknown/ROS2_Workspaces/bumperbot_ws/install/bumper_bot_py/lib/python3.10/site-packages/bumper_bot_py/simple_publisher.py to simple_publisher.cpython-310.pyc
[2.139s] byte-compiling /home/unknown/ROS2_Workspaces/bumperbot_ws/install/bumper_bot_py/lib/python3.10/site-packages/bumper_bot_py/simple_tf_kinematics.py to simple_tf_kinematics.cpython-310.pyc
[2.140s] running install_data
[2.143s] creating /home/unknown/ROS2_Workspaces/bumperbot_ws/install/bumper_bot_py/share/ament_index
[2.143s] creating /home/unknown/ROS2_Workspaces/bumperbot_ws/install/bumper_bot_py/share/ament_index/resource_index
[2.144s] creating /home/unknown/ROS2_Workspaces/bumperbot_ws/install/bumper_bot_py/share/ament_index/resource_index/packages
[2.144s] copying resource/bumper_bot_py -> /home/unknown/ROS2_Workspaces/bumperbot_ws/install/bumper_bot_py/share/ament_index/resource_index/packages
[2.144s] copying package.xml -> /home/unknown/ROS2_Workspaces/bumperbot_ws/install/bumper_bot_py/share/bumper_bot_py
[2.144s] running install_egg_info
[2.151s] Copying ../../build/bumper_bot_py/bumper_bot_py.egg-info to /home/unknown/ROS2_Workspaces/bumperbot_ws/install/bumper_bot_py/lib/python3.10/site-packages/bumper_bot_py-0.0.0-py3.10.egg-info
[2.153s] running install_scripts
[2.222s] Installing dynamic_tf_kinematics script to /home/unknown/ROS2_Workspaces/bumperbot_ws/install/bumper_bot_py/lib/bumper_bot_py
[2.223s] Installing euler_to_quaternion script to /home/unknown/ROS2_Workspaces/bumperbot_ws/install/bumper_bot_py/lib/bumper_bot_py
[2.223s] Installing simple_parameter script to /home/unknown/ROS2_Workspaces/bumperbot_ws/install/bumper_bot_py/lib/bumper_bot_py
[2.223s] Installing simple_publisher script to /home/unknown/ROS2_Workspaces/bumperbot_ws/install/bumper_bot_py/lib/bumper_bot_py
[2.223s] Installing simple_service_client script to /home/unknown/ROS2_Workspaces/bumperbot_ws/install/bumper_bot_py/lib/bumper_bot_py
[2.224s] Installing simple_service_server script to /home/unknown/ROS2_Workspaces/bumperbot_ws/install/bumper_bot_py/lib/bumper_bot_py
[2.224s] Installing simple_subscriber script to /home/unknown/ROS2_Workspaces/bumperbot_ws/install/bumper_bot_py/lib/bumper_bot_py
[2.224s] Installing simple_tf_kinematics script to /home/unknown/ROS2_Workspaces/bumperbot_ws/install/bumper_bot_py/lib/bumper_bot_py
[2.227s] Installing simple_tf_service script to /home/unknown/ROS2_Workspaces/bumperbot_ws/install/bumper_bot_py/lib/bumper_bot_py
[2.227s] Installing turtlesim_kinematics script to /home/unknown/ROS2_Workspaces/bumperbot_ws/install/bumper_bot_py/lib/bumper_bot_py
[2.228s] Installing turtlesim_rotation script to /home/unknown/ROS2_Workspaces/bumperbot_ws/install/bumper_bot_py/lib/bumper_bot_py
[2.228s] writing list of installed files to '/home/unknown/ROS2_Workspaces/bumperbot_ws/build/bumper_bot_py/install.log'
[2.287s] Invoked command in '/home/unknown/ROS2_Workspaces/bumperbot_ws/src/bumper_bot_py' returned '0': CMAKE_PREFIX_PATH=/home/unknown/ROS2_Workspaces/bumperbot_ws/install/bumperbot_msgs:/home/unknown/ROS2_Workspaces/bumperbot_ws/install/ign_ros2_control_demos:/home/unknown/ROS2_Workspaces/bumperbot_ws/install/bumper_bot:/home/unknown/ROS2_Workspaces/bumperbot_ws/install/ign_ros2_control:/home/unknown/ROS2_Workspaces/bumperbot_ws/install/gz_ros2_control_tests:/home/unknown/ROS2_Workspaces/bumperbot_ws/install/gz_ros2_control_demos:/home/unknown/ROS2_Workspaces/bumperbot_ws/install/gz_ros2_control:/home/unknown/ROS2_Workspaces/bumperbot_ws/install/cpp_folder:/home/unknown/ROS2_Workspaces/bumperbot_ws/install/bumperbot_utils:/home/unknown/ROS2_Workspaces/bumperbot_ws/install/bumperbot_localisation:/home/unknown/ROS2_Workspaces/bumperbot_ws/install/bumperbot_firmware:/home/unknown/ROS2_Workspaces/bumperbot_ws/install/bumperbot_controller:/home/unknown/bumperbot_ws/install/ign_ros2_control_demos:/home/unknown/bumperbot_ws/install/bumper_bot:/home/unknown/bumperbot_ws/install/ign_ros2_control:/home/unknown/bumperbot_ws/install/gz_ros2_control_tests:/home/unknown/bumperbot_ws/install/gz_ros2_control_demos:/home/unknown/bumperbot_ws/install/gz_ros2_control:/home/unknown/bumperbot_ws/install/cpp_folder:/home/unknown/bumperbot_ws/install/bumperbot_utils:/home/unknown/bumperbot_ws/install/bumperbot_msgs:/home/unknown/bumperbot_ws/install/bumperbot_localisation:/home/unknown/bumperbot_ws/install/bumperbot_firmware:/home/unknown/bumperbot_ws/install/bumperbot_controller:/home/unknown/ros2_ws/install/rc_plane:/home/unknown/ros2_ws/install/ign_ros2_control_demos:/home/unknown/ros2_ws/install/bumper_bot:/home/unknown/ros2_ws/install/ign_ros2_control:/home/unknown/ros2_ws/install/gz_ros2_control_tests:/home/unknown/ros2_ws/install/gz_ros2_control_demos:/home/unknown/ros2_ws/install/gz_ros2_control:/home/unknown/ros2_ws/install/cpp_folder:/home/unknown/ros2_ws/install/bumperbot_utils:/home/unknown/ros2_ws/install/bumperbot_msgs:/home/unknown/ros2_ws/install/bumperbot_localisation:/home/unknown/ros2_ws/install/bumperbot_firmware:/home/unknown/ros2_ws/install/bumperbot_controller LD_LIBRARY_PATH=/home/unknown/ROS2_Workspaces/bumperbot_ws/install/bumperbot_msgs/lib:/home/unknown/ROS2_Workspaces/bumperbot_ws/install/gz_ros2_control/lib:/home/unknown/bumperbot_ws/install/gz_ros2_control/lib:/home/unknown/bumperbot_ws/install/bumperbot_msgs/lib:/home/unknown/ros2_ws/install/gz_ros2_control/lib:/home/unknown/ros2_ws/install/bumperbot_msgs/lib:/opt/ros/humble/opt/rviz_ogre_vendor/lib:/opt/ros/humble/lib/x86_64-linux-gnu:/opt/ros/humble/lib PYTHONPATH=/home/unknown/ROS2_Workspaces/bumperbot_ws/build/bumper_bot_py/prefix_override:/usr/lib/python3/dist-packages/colcon_core/task/python/colcon_distutils_commands:/home/unknown/ROS2_Workspaces/bumperbot_ws/install/bumper_bot_py/lib/python3.10/site-packages:${PYTHONPATH} /usr/bin/python3 -W ignore:setup.py install is deprecated -W ignore:easy_install command is deprecated setup.py egg_info --egg-base ../../build/bumper_bot_py build --build-base /home/unknown/ROS2_Workspaces/bumperbot_ws/build/bumper_bot_py/build install --record /home/unknown/ROS2_Workspaces/bumperbot_ws/build/bumper_bot_py/install.log --single-version-externally-managed install_data
