[0.058s] Invoking command in '/home/unknown/ROS2_Workspaces/bumperbot_ws/build/bumperbot_firmware': CMAKE_PREFIX_PATH=${CMAKE_PREFIX_PATH}:/home/unknown/ROS2_Workspaces/bumperbot_ws/install/my_robot_controller:/home/unknown/ROS2_Workspaces/bumperbot_ws/install/bumper_bot_py:/opt/ros/humble /usr/bin/cmake --build /home/unknown/ROS2_Workspaces/bumperbot_ws/build/bumperbot_firmware -- -j8 -l8
[0.427s] Invoked command in '/home/unknown/ROS2_Workspaces/bumperbot_ws/build/bumperbot_firmware' returned '0': CMAKE_PREFIX_PATH=${CMAKE_PREFIX_PATH}:/home/unknown/ROS2_Workspaces/bumperbot_ws/install/my_robot_controller:/home/unknown/ROS2_Workspaces/bumperbot_ws/install/bumper_bot_py:/opt/ros/humble /usr/bin/cmake --build /home/unknown/ROS2_Workspaces/bumperbot_ws/build/bumperbot_firmware -- -j8 -l8
[0.436s] Invoking command in '/home/unknown/ROS2_Workspaces/bumperbot_ws/build/bumperbot_firmware': CMAKE_PREFIX_PATH=${CMAKE_PREFIX_PATH}:/home/unknown/ROS2_Workspaces/bumperbot_ws/install/my_robot_controller:/home/unknown/ROS2_Workspaces/bumperbot_ws/install/bumper_bot_py:/opt/ros/humble /usr/bin/cmake --install /home/unknown/ROS2_Workspaces/bumperbot_ws/build/bumperbot_firmware
[0.444s] -- Install configuration: ""
[0.444s] -- Up-to-date: /home/unknown/ROS2_Workspaces/bumperbot_ws/install/bumperbot_firmware/share/ament_index/resource_index/package_run_dependencies/bumperbot_firmware
[0.445s] -- Up-to-date: /home/unknown/ROS2_Workspaces/bumperbot_ws/install/bumperbot_firmware/share/ament_index/resource_index/parent_prefix_path/bumperbot_firmware
[0.445s] -- Up-to-date: /home/unknown/ROS2_Workspaces/bumperbot_ws/install/bumperbot_firmware/share/bumperbot_firmware/environment/ament_prefix_path.sh
[0.445s] -- Up-to-date: /home/unknown/ROS2_Workspaces/bumperbot_ws/install/bumperbot_firmware/share/bumperbot_firmware/environment/ament_prefix_path.dsv
[0.445s] -- Up-to-date: /home/unknown/ROS2_Workspaces/bumperbot_ws/install/bumperbot_firmware/share/bumperbot_firmware/environment/path.sh
[0.445s] -- Up-to-date: /home/unknown/ROS2_Workspaces/bumperbot_ws/install/bumperbot_firmware/share/bumperbot_firmware/environment/path.dsv
[0.445s] -- Up-to-date: /home/unknown/ROS2_Workspaces/bumperbot_ws/install/bumperbot_firmware/share/bumperbot_firmware/local_setup.bash
[0.445s] -- Up-to-date: /home/unknown/ROS2_Workspaces/bumperbot_ws/install/bumperbot_firmware/share/bumperbot_firmware/local_setup.sh
[0.445s] -- Up-to-date: /home/unknown/ROS2_Workspaces/bumperbot_ws/install/bumperbot_firmware/share/bumperbot_firmware/local_setup.zsh
[0.445s] -- Up-to-date: /home/unknown/ROS2_Workspaces/bumperbot_ws/install/bumperbot_firmware/share/bumperbot_firmware/local_setup.dsv
[0.445s] -- Up-to-date: /home/unknown/ROS2_Workspaces/bumperbot_ws/install/bumperbot_firmware/share/bumperbot_firmware/package.dsv
[0.445s] -- Up-to-date: /home/unknown/ROS2_Workspaces/bumperbot_ws/install/bumperbot_firmware/share/ament_index/resource_index/packages/bumperbot_firmware
[0.446s] -- Up-to-date: /home/unknown/ROS2_Workspaces/bumperbot_ws/install/bumperbot_firmware/share/bumperbot_firmware/cmake/bumperbot_firmwareConfig.cmake
[0.446s] -- Up-to-date: /home/unknown/ROS2_Workspaces/bumperbot_ws/install/bumperbot_firmware/share/bumperbot_firmware/cmake/bumperbot_firmwareConfig-version.cmake
[0.446s] -- Up-to-date: /home/unknown/ROS2_Workspaces/bumperbot_ws/install/bumperbot_firmware/share/bumperbot_firmware/package.xml
[0.449s] Invoked command in '/home/unknown/ROS2_Workspaces/bumperbot_ws/build/bumperbot_firmware' returned '0': CMAKE_PREFIX_PATH=${CMAKE_PREFIX_PATH}:/home/unknown/ROS2_Workspaces/bumperbot_ws/install/my_robot_controller:/home/unknown/ROS2_Workspaces/bumperbot_ws/install/bumper_bot_py:/opt/ros/humble /usr/bin/cmake --install /home/unknown/ROS2_Workspaces/bumperbot_ws/build/bumperbot_firmware
