/home/unknown/ROS2_Workspaces/bumperbot_ws/install/bumper_bot_py/lib/python3.10/site-packages/bumper_bot_py/turtlesim_rotation.py
/home/unknown/ROS2_Workspaces/bumperbot_ws/install/bumper_bot_py/lib/python3.10/site-packages/bumper_bot_py/turtlesim_kinematics.py
/home/unknown/ROS2_Workspaces/bumperbot_ws/install/bumper_bot_py/lib/python3.10/site-packages/bumper_bot_py/parameter_simple.py
/home/unknown/ROS2_Workspaces/bumperbot_ws/install/bumper_bot_py/lib/python3.10/site-packages/bumper_bot_py/simple_subscriber.py
/home/unknown/ROS2_Workspaces/bumperbot_ws/install/bumper_bot_py/lib/python3.10/site-packages/bumper_bot_py/__init__.py
/home/unknown/ROS2_Workspaces/bumperbot_ws/install/bumper_bot_py/lib/python3.10/site-packages/bumper_bot_py/simple_service_server.py
/home/unknown/ROS2_Workspaces/bumperbot_ws/install/bumper_bot_py/lib/python3.10/site-packages/bumper_bot_py/simple_tf_service.py
/home/unknown/ROS2_Workspaces/bumperbot_ws/install/bumper_bot_py/lib/python3.10/site-packages/bumper_bot_py/euler_to_quaternion.py
/home/unknown/ROS2_Workspaces/bumperbot_ws/install/bumper_bot_py/lib/python3.10/site-packages/bumper_bot_py/dynamic_tf_kinematics.py
/home/unknown/ROS2_Workspaces/bumperbot_ws/install/bumper_bot_py/lib/python3.10/site-packages/bumper_bot_py/simple_service_client.py
/home/unknown/ROS2_Workspaces/bumperbot_ws/install/bumper_bot_py/lib/python3.10/site-packages/bumper_bot_py/simple_publisher.py
/home/unknown/ROS2_Workspaces/bumperbot_ws/install/bumper_bot_py/lib/python3.10/site-packages/bumper_bot_py/simple_tf_kinematics.py
/home/unknown/ROS2_Workspaces/bumperbot_ws/install/bumper_bot_py/lib/python3.10/site-packages/bumper_bot_py/__pycache__/turtlesim_rotation.cpython-310.pyc
/home/unknown/ROS2_Workspaces/bumperbot_ws/install/bumper_bot_py/lib/python3.10/site-packages/bumper_bot_py/__pycache__/turtlesim_kinematics.cpython-310.pyc
/home/unknown/ROS2_Workspaces/bumperbot_ws/install/bumper_bot_py/lib/python3.10/site-packages/bumper_bot_py/__pycache__/parameter_simple.cpython-310.pyc
/home/unknown/ROS2_Workspaces/bumperbot_ws/install/bumper_bot_py/lib/python3.10/site-packages/bumper_bot_py/__pycache__/simple_subscriber.cpython-310.pyc
/home/unknown/ROS2_Workspaces/bumperbot_ws/install/bumper_bot_py/lib/python3.10/site-packages/bumper_bot_py/__pycache__/__init__.cpython-310.pyc
/home/unknown/ROS2_Workspaces/bumperbot_ws/install/bumper_bot_py/lib/python3.10/site-packages/bumper_bot_py/__pycache__/simple_service_server.cpython-310.pyc
/home/unknown/ROS2_Workspaces/bumperbot_ws/install/bumper_bot_py/lib/python3.10/site-packages/bumper_bot_py/__pycache__/simple_tf_service.cpython-310.pyc
/home/unknown/ROS2_Workspaces/bumperbot_ws/install/bumper_bot_py/lib/python3.10/site-packages/bumper_bot_py/__pycache__/euler_to_quaternion.cpython-310.pyc
/home/unknown/ROS2_Workspaces/bumperbot_ws/install/bumper_bot_py/lib/python3.10/site-packages/bumper_bot_py/__pycache__/dynamic_tf_kinematics.cpython-310.pyc
/home/unknown/ROS2_Workspaces/bumperbot_ws/install/bumper_bot_py/lib/python3.10/site-packages/bumper_bot_py/__pycache__/simple_service_client.cpython-310.pyc
/home/unknown/ROS2_Workspaces/bumperbot_ws/install/bumper_bot_py/lib/python3.10/site-packages/bumper_bot_py/__pycache__/simple_publisher.cpython-310.pyc
/home/unknown/ROS2_Workspaces/bumperbot_ws/install/bumper_bot_py/lib/python3.10/site-packages/bumper_bot_py/__pycache__/simple_tf_kinematics.cpython-310.pyc
/home/unknown/ROS2_Workspaces/bumperbot_ws/install/bumper_bot_py/share/ament_index/resource_index/packages/bumper_bot_py
/home/unknown/ROS2_Workspaces/bumperbot_ws/install/bumper_bot_py/share/bumper_bot_py/package.xml
/home/unknown/ROS2_Workspaces/bumperbot_ws/install/bumper_bot_py/lib/python3.10/site-packages/bumper_bot_py-0.0.0-py3.10.egg-info/PKG-INFO
/home/unknown/ROS2_Workspaces/bumperbot_ws/install/bumper_bot_py/lib/python3.10/site-packages/bumper_bot_py-0.0.0-py3.10.egg-info/dependency_links.txt
/home/unknown/ROS2_Workspaces/bumperbot_ws/install/bumper_bot_py/lib/python3.10/site-packages/bumper_bot_py-0.0.0-py3.10.egg-info/top_level.txt
/home/unknown/ROS2_Workspaces/bumperbot_ws/install/bumper_bot_py/lib/python3.10/site-packages/bumper_bot_py-0.0.0-py3.10.egg-info/SOURCES.txt
/home/unknown/ROS2_Workspaces/bumperbot_ws/install/bumper_bot_py/lib/python3.10/site-packages/bumper_bot_py-0.0.0-py3.10.egg-info/zip-safe
/home/unknown/ROS2_Workspaces/bumperbot_ws/install/bumper_bot_py/lib/python3.10/site-packages/bumper_bot_py-0.0.0-py3.10.egg-info/requires.txt
/home/unknown/ROS2_Workspaces/bumperbot_ws/install/bumper_bot_py/lib/python3.10/site-packages/bumper_bot_py-0.0.0-py3.10.egg-info/entry_points.txt
/home/unknown/ROS2_Workspaces/bumperbot_ws/install/bumper_bot_py/lib/bumper_bot_py/dynamic_tf_kinematics
/home/unknown/ROS2_Workspaces/bumperbot_ws/install/bumper_bot_py/lib/bumper_bot_py/euler_to_quaternion
/home/unknown/ROS2_Workspaces/bumperbot_ws/install/bumper_bot_py/lib/bumper_bot_py/simple_parameter
/home/unknown/ROS2_Workspaces/bumperbot_ws/install/bumper_bot_py/lib/bumper_bot_py/simple_publisher
/home/unknown/ROS2_Workspaces/bumperbot_ws/install/bumper_bot_py/lib/bumper_bot_py/simple_service_client
/home/unknown/ROS2_Workspaces/bumperbot_ws/install/bumper_bot_py/lib/bumper_bot_py/simple_service_server
/home/unknown/ROS2_Workspaces/bumperbot_ws/install/bumper_bot_py/lib/bumper_bot_py/simple_subscriber
/home/unknown/ROS2_Workspaces/bumperbot_ws/install/bumper_bot_py/lib/bumper_bot_py/simple_tf_kinematics
/home/unknown/ROS2_Workspaces/bumperbot_ws/install/bumper_bot_py/lib/bumper_bot_py/simple_tf_service
/home/unknown/ROS2_Workspaces/bumperbot_ws/install/bumper_bot_py/lib/bumper_bot_py/turtlesim_kinematics
/home/unknown/ROS2_Workspaces/bumperbot_ws/install/bumper_bot_py/lib/bumper_bot_py/turtlesim_rotation
