[0.009s] Invoking command in '/home/unknown/ROS2_Workspaces/bumperbot_ws/build/gz_ros2_control_demos': CMAKE_PREFIX_PATH=/home/unknown/ROS2_Workspaces/bumperbot_ws/install/gz_ros2_control:/home/unknown/ROS2_Workspaces/bumperbot_ws/install/ign_ros2_control_demos:/home/unknown/ROS2_Workspaces/bumperbot_ws/install/bumper_bot:/home/unknown/ROS2_Workspaces/bumperbot_ws/install/ign_ros2_control:/home/unknown/ROS2_Workspaces/bumperbot_ws/install/gz_ros2_control_tests:/home/unknown/ROS2_Workspaces/bumperbot_ws/install/gz_ros2_control_demos:/home/unknown/ROS2_Workspaces/bumperbot_ws/install/cpp_folder:/home/unknown/ROS2_Workspaces/bumperbot_ws/install/bumperbot_utils:/home/unknown/ROS2_Workspaces/bumperbot_ws/install/bumperbot_msgs:/home/unknown/ROS2_Workspaces/bumperbot_ws/install/bumperbot_localisation:/home/unknown/ROS2_Workspaces/bumperbot_ws/install/bumperbot_firmware:/home/unknown/ROS2_Workspaces/bumperbot_ws/install/bumperbot_controller:/home/unknown/bumperbot_ws/install/ign_ros2_control_demos:/home/unknown/bumperbot_ws/install/bumper_bot:/home/unknown/bumperbot_ws/install/ign_ros2_control:/home/unknown/bumperbot_ws/install/gz_ros2_control_tests:/home/unknown/bumperbot_ws/install/gz_ros2_control_demos:/home/unknown/bumperbot_ws/install/gz_ros2_control:/home/unknown/bumperbot_ws/install/cpp_folder:/home/unknown/bumperbot_ws/install/bumperbot_utils:/home/unknown/bumperbot_ws/install/bumperbot_msgs:/home/unknown/bumperbot_ws/install/bumperbot_localisation:/home/unknown/bumperbot_ws/install/bumperbot_firmware:/home/unknown/bumperbot_ws/install/bumperbot_controller:/home/unknown/ros2_ws/install/rc_plane:/home/unknown/ros2_ws/install/ign_ros2_control_demos:/home/unknown/ros2_ws/install/bumper_bot:/home/unknown/ros2_ws/install/ign_ros2_control:/home/unknown/ros2_ws/install/gz_ros2_control_tests:/home/unknown/ros2_ws/install/gz_ros2_control_demos:/home/unknown/ros2_ws/install/gz_ros2_control:/home/unknown/ros2_ws/install/cpp_folder:/home/unknown/ros2_ws/install/bumperbot_utils:/home/unknown/ros2_ws/install/bumperbot_msgs:/home/unknown/ros2_ws/install/bumperbot_localisation:/home/unknown/ros2_ws/install/bumperbot_firmware:/home/unknown/ros2_ws/install/bumperbot_controller:/home/unknown/ROS2_Workspaces/bumperbot_ws/install/my_robot_controller:/home/unknown/ROS2_Workspaces/bumperbot_ws/install/bumper_bot_py:/home/unknown/bumperbot_ws/install/my_robot_controller:/home/unknown/bumperbot_ws/install/bumper_bot_py:/home/unknown/ros2_ws/install/my_robot_controller:/home/unknown/ros2_ws/install/bumper_bot_py:/opt/ros/humble /usr/bin/cmake /home/unknown/ROS2_Workspaces/bumperbot_ws/src/gz_ros2_control/gz_ros2_control_demos -DCMAKE_INSTALL_PREFIX=/home/unknown/ROS2_Workspaces/bumperbot_ws/install/gz_ros2_control_demos
[0.054s] -- The C compiler identification is GNU 11.4.0
[0.101s] -- The CXX compiler identification is GNU 11.4.0
[0.107s] -- Detecting C compiler ABI info
[0.174s] -- Detecting C compiler ABI info - done
[0.189s] -- Check for working C compiler: /usr/bin/cc - skipped
[0.190s] -- Detecting C compile features
[0.190s] -- Detecting C compile features - done
[0.195s] -- Detecting CXX compiler ABI info
[0.275s] -- Detecting CXX compiler ABI info - done
[0.283s] -- Check for working CXX compiler: /usr/bin/c++ - skipped
[0.283s] -- Detecting CXX compile features
[0.284s] -- Detecting CXX compile features - done
[0.286s] -- Found ament_cmake: 1.3.13 (/opt/ros/humble/share/ament_cmake/cmake)
[0.453s] -- Found Python3: /usr/bin/python3 (found version "3.10.12") found components: Interpreter 
[0.555s] -- Found control_msgs: 4.8.0 (/opt/ros/humble/share/control_msgs/cmake)
[0.597s] -- Found rosidl_generator_c: 3.1.8 (/opt/ros/humble/share/rosidl_generator_c/cmake)
[0.603s] -- Found rosidl_adapter: 3.1.8 (/opt/ros/humble/share/rosidl_adapter/cmake)
[0.613s] -- Found rosidl_generator_cpp: 3.1.8 (/opt/ros/humble/share/rosidl_generator_cpp/cmake)
[0.637s] -- Using all available rosidl_typesupport_c: rosidl_typesupport_fastrtps_c;rosidl_typesupport_introspection_c
[0.655s] -- Using all available rosidl_typesupport_cpp: rosidl_typesupport_fastrtps_cpp;rosidl_typesupport_introspection_cpp
[0.802s] -- Found rclcpp: 16.0.18 (/opt/ros/humble/share/rclcpp/cmake)
[0.847s] -- Found rmw_implementation_cmake: 6.1.2 (/opt/ros/humble/share/rmw_implementation_cmake/cmake)
[0.852s] -- Found rmw_fastrtps_cpp: 6.2.10 (/opt/ros/humble/share/rmw_fastrtps_cpp/cmake)
[0.942s] -- Found OpenSSL: /usr/lib/x86_64-linux-gnu/libcrypto.so (found version "3.0.2")  
[0.971s] -- Found FastRTPS: /opt/ros/humble/include  
[1.016s] -- Using RMW implementation 'rmw_fastrtps_cpp' as default
[1.026s] -- Looking for pthread.h
[1.098s] -- Looking for pthread.h - found
[1.099s] -- Performing Test CMAKE_HAVE_LIBC_PTHREAD
[1.169s] -- Performing Test CMAKE_HAVE_LIBC_PTHREAD - Success
[1.170s] -- Found Threads: TRUE  
[1.217s] -- Found rclcpp_action: 16.0.18 (/opt/ros/humble/share/rclcpp_action/cmake)
[1.260s] -- Found ament_lint_auto: 0.12.15 (/opt/ros/humble/share/ament_lint_auto/cmake)
[1.359s] -- Added test 'copyright' to check source files copyright and LICENSE
[1.362s] -- Added test 'cppcheck' to perform static code analysis on C / C++ code
[1.362s] -- Configured cppcheck include dirs: 
[1.362s] -- Configured cppcheck exclude dirs and/or files: 
[1.364s] -- Added test 'cpplint' to check C / C++ code against the Google style
[1.365s] -- Configured cpplint exclude dirs and/or files: 
[1.366s] -- Added test 'flake8' to check Python code syntax and style conventions
[1.367s] -- Added test 'lint_cmake' to check CMake code style
[1.368s] -- Added test 'pep257' to check Python code against some of the docstring style conventions in PEP 257
[1.370s] -- Added test 'uncrustify' to check C / C++ code style
[1.371s] -- Configured uncrustify additional arguments: 
[1.372s] -- Added test 'xmllint' to check XML markup files
[1.374s] -- Configuring done
[1.403s] -- Generating done
[1.417s] -- Build files have been written to: /home/unknown/ROS2_Workspaces/bumperbot_ws/build/gz_ros2_control_demos
[1.427s] Invoked command in '/home/unknown/ROS2_Workspaces/bumperbot_ws/build/gz_ros2_control_demos' returned '0': CMAKE_PREFIX_PATH=/home/unknown/ROS2_Workspaces/bumperbot_ws/install/gz_ros2_control:/home/unknown/ROS2_Workspaces/bumperbot_ws/install/ign_ros2_control_demos:/home/unknown/ROS2_Workspaces/bumperbot_ws/install/bumper_bot:/home/unknown/ROS2_Workspaces/bumperbot_ws/install/ign_ros2_control:/home/unknown/ROS2_Workspaces/bumperbot_ws/install/gz_ros2_control_tests:/home/unknown/ROS2_Workspaces/bumperbot_ws/install/gz_ros2_control_demos:/home/unknown/ROS2_Workspaces/bumperbot_ws/install/cpp_folder:/home/unknown/ROS2_Workspaces/bumperbot_ws/install/bumperbot_utils:/home/unknown/ROS2_Workspaces/bumperbot_ws/install/bumperbot_msgs:/home/unknown/ROS2_Workspaces/bumperbot_ws/install/bumperbot_localisation:/home/unknown/ROS2_Workspaces/bumperbot_ws/install/bumperbot_firmware:/home/unknown/ROS2_Workspaces/bumperbot_ws/install/bumperbot_controller:/home/unknown/bumperbot_ws/install/ign_ros2_control_demos:/home/unknown/bumperbot_ws/install/bumper_bot:/home/unknown/bumperbot_ws/install/ign_ros2_control:/home/unknown/bumperbot_ws/install/gz_ros2_control_tests:/home/unknown/bumperbot_ws/install/gz_ros2_control_demos:/home/unknown/bumperbot_ws/install/gz_ros2_control:/home/unknown/bumperbot_ws/install/cpp_folder:/home/unknown/bumperbot_ws/install/bumperbot_utils:/home/unknown/bumperbot_ws/install/bumperbot_msgs:/home/unknown/bumperbot_ws/install/bumperbot_localisation:/home/unknown/bumperbot_ws/install/bumperbot_firmware:/home/unknown/bumperbot_ws/install/bumperbot_controller:/home/unknown/ros2_ws/install/rc_plane:/home/unknown/ros2_ws/install/ign_ros2_control_demos:/home/unknown/ros2_ws/install/bumper_bot:/home/unknown/ros2_ws/install/ign_ros2_control:/home/unknown/ros2_ws/install/gz_ros2_control_tests:/home/unknown/ros2_ws/install/gz_ros2_control_demos:/home/unknown/ros2_ws/install/gz_ros2_control:/home/unknown/ros2_ws/install/cpp_folder:/home/unknown/ros2_ws/install/bumperbot_utils:/home/unknown/ros2_ws/install/bumperbot_msgs:/home/unknown/ros2_ws/install/bumperbot_localisation:/home/unknown/ros2_ws/install/bumperbot_firmware:/home/unknown/ros2_ws/install/bumperbot_controller:/home/unknown/ROS2_Workspaces/bumperbot_ws/install/my_robot_controller:/home/unknown/ROS2_Workspaces/bumperbot_ws/install/bumper_bot_py:/home/unknown/bumperbot_ws/install/my_robot_controller:/home/unknown/bumperbot_ws/install/bumper_bot_py:/home/unknown/ros2_ws/install/my_robot_controller:/home/unknown/ros2_ws/install/bumper_bot_py:/opt/ros/humble /usr/bin/cmake /home/unknown/ROS2_Workspaces/bumperbot_ws/src/gz_ros2_control/gz_ros2_control_demos -DCMAKE_INSTALL_PREFIX=/home/unknown/ROS2_Workspaces/bumperbot_ws/install/gz_ros2_control_demos
[1.429s] Invoking command in '/home/unknown/ROS2_Workspaces/bumperbot_ws/build/gz_ros2_control_demos': CMAKE_PREFIX_PATH=/home/unknown/ROS2_Workspaces/bumperbot_ws/install/gz_ros2_control:/home/unknown/ROS2_Workspaces/bumperbot_ws/install/ign_ros2_control_demos:/home/unknown/ROS2_Workspaces/bumperbot_ws/install/bumper_bot:/home/unknown/ROS2_Workspaces/bumperbot_ws/install/ign_ros2_control:/home/unknown/ROS2_Workspaces/bumperbot_ws/install/gz_ros2_control_tests:/home/unknown/ROS2_Workspaces/bumperbot_ws/install/gz_ros2_control_demos:/home/unknown/ROS2_Workspaces/bumperbot_ws/install/cpp_folder:/home/unknown/ROS2_Workspaces/bumperbot_ws/install/bumperbot_utils:/home/unknown/ROS2_Workspaces/bumperbot_ws/install/bumperbot_msgs:/home/unknown/ROS2_Workspaces/bumperbot_ws/install/bumperbot_localisation:/home/unknown/ROS2_Workspaces/bumperbot_ws/install/bumperbot_firmware:/home/unknown/ROS2_Workspaces/bumperbot_ws/install/bumperbot_controller:/home/unknown/bumperbot_ws/install/ign_ros2_control_demos:/home/unknown/bumperbot_ws/install/bumper_bot:/home/unknown/bumperbot_ws/install/ign_ros2_control:/home/unknown/bumperbot_ws/install/gz_ros2_control_tests:/home/unknown/bumperbot_ws/install/gz_ros2_control_demos:/home/unknown/bumperbot_ws/install/gz_ros2_control:/home/unknown/bumperbot_ws/install/cpp_folder:/home/unknown/bumperbot_ws/install/bumperbot_utils:/home/unknown/bumperbot_ws/install/bumperbot_msgs:/home/unknown/bumperbot_ws/install/bumperbot_localisation:/home/unknown/bumperbot_ws/install/bumperbot_firmware:/home/unknown/bumperbot_ws/install/bumperbot_controller:/home/unknown/ros2_ws/install/rc_plane:/home/unknown/ros2_ws/install/ign_ros2_control_demos:/home/unknown/ros2_ws/install/bumper_bot:/home/unknown/ros2_ws/install/ign_ros2_control:/home/unknown/ros2_ws/install/gz_ros2_control_tests:/home/unknown/ros2_ws/install/gz_ros2_control_demos:/home/unknown/ros2_ws/install/gz_ros2_control:/home/unknown/ros2_ws/install/cpp_folder:/home/unknown/ros2_ws/install/bumperbot_utils:/home/unknown/ros2_ws/install/bumperbot_msgs:/home/unknown/ros2_ws/install/bumperbot_localisation:/home/unknown/ros2_ws/install/bumperbot_firmware:/home/unknown/ros2_ws/install/bumperbot_controller:/home/unknown/ROS2_Workspaces/bumperbot_ws/install/my_robot_controller:/home/unknown/ROS2_Workspaces/bumperbot_ws/install/bumper_bot_py:/home/unknown/bumperbot_ws/install/my_robot_controller:/home/unknown/bumperbot_ws/install/bumper_bot_py:/home/unknown/ros2_ws/install/my_robot_controller:/home/unknown/ros2_ws/install/bumper_bot_py:/opt/ros/humble /usr/bin/cmake --build /home/unknown/ROS2_Workspaces/bumperbot_ws/build/gz_ros2_control_demos -- -j8 -l8
[1.487s] [ 14%] [32mBuilding CXX object CMakeFiles/example_effort.dir/examples/example_position.cpp.o[0m
[1.487s] [ 21%] [32mBuilding CXX object CMakeFiles/example_diff_drive.dir/examples/example_diff_drive.cpp.o[0m
[1.487s] [ 42%] [32mBuilding CXX object CMakeFiles/example_ackermann_drive.dir/examples/example_ackermann_drive.cpp.o[0m
[1.487s] [ 14%] [32mBuilding CXX object CMakeFiles/example_gripper.dir/examples/example_gripper.cpp.o[0m
[1.487s] [ 42%] [32mBuilding CXX object CMakeFiles/example_tricycle_drive.dir/examples/example_tricycle_drive.cpp.o[0m
[1.487s] [ 42%] [32mBuilding CXX object CMakeFiles/example_position.dir/examples/example_position.cpp.o[0m
[1.487s] [ 50%] [32mBuilding CXX object CMakeFiles/example_velocity.dir/examples/example_position.cpp.o[0m
[11.675s] [ 57%] [32m[1mLinking CXX executable example_gripper[0m
[11.861s] [ 64%] [32m[1mLinking CXX executable example_diff_drive[0m
[11.877s] [ 71%] [32m[1mLinking CXX executable example_tricycle_drive[0m
[11.902s] [ 78%] [32m[1mLinking CXX executable example_ackermann_drive[0m
[12.120s] [ 78%] Built target example_gripper
[12.317s] [ 78%] Built target example_diff_drive
[12.327s] [ 78%] Built target example_tricycle_drive
[12.356s] [ 78%] Built target example_ackermann_drive
[12.780s] [ 85%] [32m[1mLinking CXX executable example_velocity[0m
[12.830s] [ 92%] [32m[1mLinking CXX executable example_effort[0m
[12.844s] [100%] [32m[1mLinking CXX executable example_position[0m
[13.161s] [100%] Built target example_velocity
[13.201s] [100%] Built target example_effort
[13.217s] [100%] Built target example_position
[13.231s] Invoked command in '/home/unknown/ROS2_Workspaces/bumperbot_ws/build/gz_ros2_control_demos' returned '0': CMAKE_PREFIX_PATH=/home/unknown/ROS2_Workspaces/bumperbot_ws/install/gz_ros2_control:/home/unknown/ROS2_Workspaces/bumperbot_ws/install/ign_ros2_control_demos:/home/unknown/ROS2_Workspaces/bumperbot_ws/install/bumper_bot:/home/unknown/ROS2_Workspaces/bumperbot_ws/install/ign_ros2_control:/home/unknown/ROS2_Workspaces/bumperbot_ws/install/gz_ros2_control_tests:/home/unknown/ROS2_Workspaces/bumperbot_ws/install/gz_ros2_control_demos:/home/unknown/ROS2_Workspaces/bumperbot_ws/install/cpp_folder:/home/unknown/ROS2_Workspaces/bumperbot_ws/install/bumperbot_utils:/home/unknown/ROS2_Workspaces/bumperbot_ws/install/bumperbot_msgs:/home/unknown/ROS2_Workspaces/bumperbot_ws/install/bumperbot_localisation:/home/unknown/ROS2_Workspaces/bumperbot_ws/install/bumperbot_firmware:/home/unknown/ROS2_Workspaces/bumperbot_ws/install/bumperbot_controller:/home/unknown/bumperbot_ws/install/ign_ros2_control_demos:/home/unknown/bumperbot_ws/install/bumper_bot:/home/unknown/bumperbot_ws/install/ign_ros2_control:/home/unknown/bumperbot_ws/install/gz_ros2_control_tests:/home/unknown/bumperbot_ws/install/gz_ros2_control_demos:/home/unknown/bumperbot_ws/install/gz_ros2_control:/home/unknown/bumperbot_ws/install/cpp_folder:/home/unknown/bumperbot_ws/install/bumperbot_utils:/home/unknown/bumperbot_ws/install/bumperbot_msgs:/home/unknown/bumperbot_ws/install/bumperbot_localisation:/home/unknown/bumperbot_ws/install/bumperbot_firmware:/home/unknown/bumperbot_ws/install/bumperbot_controller:/home/unknown/ros2_ws/install/rc_plane:/home/unknown/ros2_ws/install/ign_ros2_control_demos:/home/unknown/ros2_ws/install/bumper_bot:/home/unknown/ros2_ws/install/ign_ros2_control:/home/unknown/ros2_ws/install/gz_ros2_control_tests:/home/unknown/ros2_ws/install/gz_ros2_control_demos:/home/unknown/ros2_ws/install/gz_ros2_control:/home/unknown/ros2_ws/install/cpp_folder:/home/unknown/ros2_ws/install/bumperbot_utils:/home/unknown/ros2_ws/install/bumperbot_msgs:/home/unknown/ros2_ws/install/bumperbot_localisation:/home/unknown/ros2_ws/install/bumperbot_firmware:/home/unknown/ros2_ws/install/bumperbot_controller:/home/unknown/ROS2_Workspaces/bumperbot_ws/install/my_robot_controller:/home/unknown/ROS2_Workspaces/bumperbot_ws/install/bumper_bot_py:/home/unknown/bumperbot_ws/install/my_robot_controller:/home/unknown/bumperbot_ws/install/bumper_bot_py:/home/unknown/ros2_ws/install/my_robot_controller:/home/unknown/ros2_ws/install/bumper_bot_py:/opt/ros/humble /usr/bin/cmake --build /home/unknown/ROS2_Workspaces/bumperbot_ws/build/gz_ros2_control_demos -- -j8 -l8
[13.233s] Invoking command in '/home/unknown/ROS2_Workspaces/bumperbot_ws/build/gz_ros2_control_demos': CMAKE_PREFIX_PATH=/home/unknown/ROS2_Workspaces/bumperbot_ws/install/gz_ros2_control:/home/unknown/ROS2_Workspaces/bumperbot_ws/install/ign_ros2_control_demos:/home/unknown/ROS2_Workspaces/bumperbot_ws/install/bumper_bot:/home/unknown/ROS2_Workspaces/bumperbot_ws/install/ign_ros2_control:/home/unknown/ROS2_Workspaces/bumperbot_ws/install/gz_ros2_control_tests:/home/unknown/ROS2_Workspaces/bumperbot_ws/install/gz_ros2_control_demos:/home/unknown/ROS2_Workspaces/bumperbot_ws/install/cpp_folder:/home/unknown/ROS2_Workspaces/bumperbot_ws/install/bumperbot_utils:/home/unknown/ROS2_Workspaces/bumperbot_ws/install/bumperbot_msgs:/home/unknown/ROS2_Workspaces/bumperbot_ws/install/bumperbot_localisation:/home/unknown/ROS2_Workspaces/bumperbot_ws/install/bumperbot_firmware:/home/unknown/ROS2_Workspaces/bumperbot_ws/install/bumperbot_controller:/home/unknown/bumperbot_ws/install/ign_ros2_control_demos:/home/unknown/bumperbot_ws/install/bumper_bot:/home/unknown/bumperbot_ws/install/ign_ros2_control:/home/unknown/bumperbot_ws/install/gz_ros2_control_tests:/home/unknown/bumperbot_ws/install/gz_ros2_control_demos:/home/unknown/bumperbot_ws/install/gz_ros2_control:/home/unknown/bumperbot_ws/install/cpp_folder:/home/unknown/bumperbot_ws/install/bumperbot_utils:/home/unknown/bumperbot_ws/install/bumperbot_msgs:/home/unknown/bumperbot_ws/install/bumperbot_localisation:/home/unknown/bumperbot_ws/install/bumperbot_firmware:/home/unknown/bumperbot_ws/install/bumperbot_controller:/home/unknown/ros2_ws/install/rc_plane:/home/unknown/ros2_ws/install/ign_ros2_control_demos:/home/unknown/ros2_ws/install/bumper_bot:/home/unknown/ros2_ws/install/ign_ros2_control:/home/unknown/ros2_ws/install/gz_ros2_control_tests:/home/unknown/ros2_ws/install/gz_ros2_control_demos:/home/unknown/ros2_ws/install/gz_ros2_control:/home/unknown/ros2_ws/install/cpp_folder:/home/unknown/ros2_ws/install/bumperbot_utils:/home/unknown/ros2_ws/install/bumperbot_msgs:/home/unknown/ros2_ws/install/bumperbot_localisation:/home/unknown/ros2_ws/install/bumperbot_firmware:/home/unknown/ros2_ws/install/bumperbot_controller:/home/unknown/ROS2_Workspaces/bumperbot_ws/install/my_robot_controller:/home/unknown/ROS2_Workspaces/bumperbot_ws/install/bumper_bot_py:/home/unknown/bumperbot_ws/install/my_robot_controller:/home/unknown/bumperbot_ws/install/bumper_bot_py:/home/unknown/ros2_ws/install/my_robot_controller:/home/unknown/ros2_ws/install/bumper_bot_py:/opt/ros/humble /usr/bin/cmake --install /home/unknown/ROS2_Workspaces/bumperbot_ws/build/gz_ros2_control_demos
[13.242s] -- Install configuration: ""
[13.242s] -- Installing: /home/unknown/ROS2_Workspaces/bumperbot_ws/install/gz_ros2_control_demos/share/gz_ros2_control_demos//launch
[13.242s] -- Installing: /home/unknown/ROS2_Workspaces/bumperbot_ws/install/gz_ros2_control_demos/share/gz_ros2_control_demos//launch/pendulum_example_position.launch.py
[13.242s] -- Installing: /home/unknown/ROS2_Workspaces/bumperbot_ws/install/gz_ros2_control_demos/share/gz_ros2_control_demos//launch/cart_example_position.launch.py
[13.243s] -- Installing: /home/unknown/ROS2_Workspaces/bumperbot_ws/install/gz_ros2_control_demos/share/gz_ros2_control_demos//launch/tricycle_drive_example.launch.py
[13.243s] -- Installing: /home/unknown/ROS2_Workspaces/bumperbot_ws/install/gz_ros2_control_demos/share/gz_ros2_control_demos//launch/cart_example_effort.launch.py
[13.243s] -- Installing: /home/unknown/ROS2_Workspaces/bumperbot_ws/install/gz_ros2_control_demos/share/gz_ros2_control_demos//launch/diff_drive_example_namespaced.launch.py
[13.243s] -- Installing: /home/unknown/ROS2_Workspaces/bumperbot_ws/install/gz_ros2_control_demos/share/gz_ros2_control_demos//launch/cart_example_velocity.launch.py
[13.243s] -- Installing: /home/unknown/ROS2_Workspaces/bumperbot_ws/install/gz_ros2_control_demos/share/gz_ros2_control_demos//launch/gripper_mimic_joint_example.launch.py
[13.243s] -- Installing: /home/unknown/ROS2_Workspaces/bumperbot_ws/install/gz_ros2_control_demos/share/gz_ros2_control_demos//launch/diff_drive_example.launch.py
[13.243s] -- Installing: /home/unknown/ROS2_Workspaces/bumperbot_ws/install/gz_ros2_control_demos/share/gz_ros2_control_demos//launch/cart_example_ft_sensor.launch.py
[13.243s] -- Installing: /home/unknown/ROS2_Workspaces/bumperbot_ws/install/gz_ros2_control_demos/share/gz_ros2_control_demos//launch/pendulum_example_effort.launch.py
[13.244s] -- Installing: /home/unknown/ROS2_Workspaces/bumperbot_ws/install/gz_ros2_control_demos/share/gz_ros2_control_demos//launch/mecanum_drive_example.launch.py
[13.244s] -- Installing: /home/unknown/ROS2_Workspaces/bumperbot_ws/install/gz_ros2_control_demos/share/gz_ros2_control_demos//launch/ackermann_drive_example.launch.py
[13.244s] -- Installing: /home/unknown/ROS2_Workspaces/bumperbot_ws/install/gz_ros2_control_demos/share/gz_ros2_control_demos//config
[13.244s] -- Installing: /home/unknown/ROS2_Workspaces/bumperbot_ws/install/gz_ros2_control_demos/share/gz_ros2_control_demos//config/cart_controller_velocity.yaml
[13.244s] -- Installing: /home/unknown/ROS2_Workspaces/bumperbot_ws/install/gz_ros2_control_demos/share/gz_ros2_control_demos//config/cart_controller_effort.yaml
[13.244s] -- Installing: /home/unknown/ROS2_Workspaces/bumperbot_ws/install/gz_ros2_control_demos/share/gz_ros2_control_demos//config/diff_drive_controller.yaml
[13.245s] -- Installing: /home/unknown/ROS2_Workspaces/bumperbot_ws/install/gz_ros2_control_demos/share/gz_ros2_control_demos//config/tricycle_drive_controller.yaml
[13.245s] -- Installing: /home/unknown/ROS2_Workspaces/bumperbot_ws/install/gz_ros2_control_demos/share/gz_ros2_control_demos//config/cart_controller_ft_sensor.yaml
[13.245s] -- Installing: /home/unknown/ROS2_Workspaces/bumperbot_ws/install/gz_ros2_control_demos/share/gz_ros2_control_demos//config/cart_controller_position.yaml
[13.245s] -- Installing: /home/unknown/ROS2_Workspaces/bumperbot_ws/install/gz_ros2_control_demos/share/gz_ros2_control_demos//config/ackermann_drive_controller.yaml
[13.245s] -- Installing: /home/unknown/ROS2_Workspaces/bumperbot_ws/install/gz_ros2_control_demos/share/gz_ros2_control_demos//config/gripper_controller.yaml
[13.245s] -- Installing: /home/unknown/ROS2_Workspaces/bumperbot_ws/install/gz_ros2_control_demos/share/gz_ros2_control_demos//config/mecanum_drive_controller.yaml
[13.245s] -- Installing: /home/unknown/ROS2_Workspaces/bumperbot_ws/install/gz_ros2_control_demos/share/gz_ros2_control_demos//urdf
[13.245s] -- Installing: /home/unknown/ROS2_Workspaces/bumperbot_ws/install/gz_ros2_control_demos/share/gz_ros2_control_demos//urdf/test_diff_drive.xacro.urdf
[13.246s] -- Installing: /home/unknown/ROS2_Workspaces/bumperbot_ws/install/gz_ros2_control_demos/share/gz_ros2_control_demos//urdf/test_cart_ft_sensor.xacro.urdf
[13.246s] -- Installing: /home/unknown/ROS2_Workspaces/bumperbot_ws/install/gz_ros2_control_demos/share/gz_ros2_control_demos//urdf/test_mecanum_drive.xacro.urdf
[13.246s] -- Installing: /home/unknown/ROS2_Workspaces/bumperbot_ws/install/gz_ros2_control_demos/share/gz_ros2_control_demos//urdf/test_pendulum_effort.xacro.urdf
[13.246s] -- Installing: /home/unknown/ROS2_Workspaces/bumperbot_ws/install/gz_ros2_control_demos/share/gz_ros2_control_demos//urdf/test_cart_effort.xacro.urdf
[13.246s] -- Installing: /home/unknown/ROS2_Workspaces/bumperbot_ws/install/gz_ros2_control_demos/share/gz_ros2_control_demos//urdf/test_ackermann_drive.xacro.urdf
[13.246s] -- Installing: /home/unknown/ROS2_Workspaces/bumperbot_ws/install/gz_ros2_control_demos/share/gz_ros2_control_demos//urdf/test_gripper_mimic_joint.xacro.urdf
[13.246s] -- Installing: /home/unknown/ROS2_Workspaces/bumperbot_ws/install/gz_ros2_control_demos/share/gz_ros2_control_demos//urdf/test_pendulum_position.xacro.urdf
[13.246s] -- Installing: /home/unknown/ROS2_Workspaces/bumperbot_ws/install/gz_ros2_control_demos/share/gz_ros2_control_demos//urdf/test_cart_velocity.xacro.urdf
[13.246s] -- Installing: /home/unknown/ROS2_Workspaces/bumperbot_ws/install/gz_ros2_control_demos/share/gz_ros2_control_demos//urdf/test_cart_position.xacro.urdf
[13.246s] -- Installing: /home/unknown/ROS2_Workspaces/bumperbot_ws/install/gz_ros2_control_demos/share/gz_ros2_control_demos//urdf/test_tricycle_drive.xacro.urdf
[13.247s] -- Installing: /home/unknown/ROS2_Workspaces/bumperbot_ws/install/gz_ros2_control_demos/share/gz_ros2_control_demos//worlds
[13.247s] -- Installing: /home/unknown/ROS2_Workspaces/bumperbot_ws/install/gz_ros2_control_demos/share/gz_ros2_control_demos//worlds/empty_ft_sensor.sdf
[13.247s] -- Installing: /home/unknown/ROS2_Workspaces/bumperbot_ws/install/gz_ros2_control_demos/lib/gz_ros2_control_demos/example_position
[13.248s] -- Set runtime path of "/home/unknown/ROS2_Workspaces/bumperbot_ws/install/gz_ros2_control_demos/lib/gz_ros2_control_demos/example_position" to ""
[13.248s] -- Installing: /home/unknown/ROS2_Workspaces/bumperbot_ws/install/gz_ros2_control_demos/lib/gz_ros2_control_demos/example_velocity
[13.249s] -- Set runtime path of "/home/unknown/ROS2_Workspaces/bumperbot_ws/install/gz_ros2_control_demos/lib/gz_ros2_control_demos/example_velocity" to ""
[13.249s] -- Installing: /home/unknown/ROS2_Workspaces/bumperbot_ws/install/gz_ros2_control_demos/lib/gz_ros2_control_demos/example_effort
[13.250s] -- Set runtime path of "/home/unknown/ROS2_Workspaces/bumperbot_ws/install/gz_ros2_control_demos/lib/gz_ros2_control_demos/example_effort" to ""
[13.250s] -- Installing: /home/unknown/ROS2_Workspaces/bumperbot_ws/install/gz_ros2_control_demos/lib/gz_ros2_control_demos/example_diff_drive
[13.251s] -- Set runtime path of "/home/unknown/ROS2_Workspaces/bumperbot_ws/install/gz_ros2_control_demos/lib/gz_ros2_control_demos/example_diff_drive" to ""
[13.251s] -- Installing: /home/unknown/ROS2_Workspaces/bumperbot_ws/install/gz_ros2_control_demos/lib/gz_ros2_control_demos/example_tricycle_drive
[13.252s] -- Set runtime path of "/home/unknown/ROS2_Workspaces/bumperbot_ws/install/gz_ros2_control_demos/lib/gz_ros2_control_demos/example_tricycle_drive" to ""
[13.253s] -- Installing: /home/unknown/ROS2_Workspaces/bumperbot_ws/install/gz_ros2_control_demos/lib/gz_ros2_control_demos/example_ackermann_drive
[13.253s] -- Set runtime path of "/home/unknown/ROS2_Workspaces/bumperbot_ws/install/gz_ros2_control_demos/lib/gz_ros2_control_demos/example_ackermann_drive" to ""
[13.254s] -- Installing: /home/unknown/ROS2_Workspaces/bumperbot_ws/install/gz_ros2_control_demos/lib/gz_ros2_control_demos/example_gripper
[13.255s] -- Set runtime path of "/home/unknown/ROS2_Workspaces/bumperbot_ws/install/gz_ros2_control_demos/lib/gz_ros2_control_demos/example_gripper" to ""
[13.255s] -- Installing: /home/unknown/ROS2_Workspaces/bumperbot_ws/install/gz_ros2_control_demos/share/ament_index/resource_index/package_run_dependencies/gz_ros2_control_demos
[13.255s] -- Installing: /home/unknown/ROS2_Workspaces/bumperbot_ws/install/gz_ros2_control_demos/share/ament_index/resource_index/parent_prefix_path/gz_ros2_control_demos
[13.255s] -- Installing: /home/unknown/ROS2_Workspaces/bumperbot_ws/install/gz_ros2_control_demos/share/gz_ros2_control_demos/environment/ament_prefix_path.sh
[13.255s] -- Installing: /home/unknown/ROS2_Workspaces/bumperbot_ws/install/gz_ros2_control_demos/share/gz_ros2_control_demos/environment/ament_prefix_path.dsv
[13.256s] -- Installing: /home/unknown/ROS2_Workspaces/bumperbot_ws/install/gz_ros2_control_demos/share/gz_ros2_control_demos/environment/path.sh
[13.256s] -- Installing: /home/unknown/ROS2_Workspaces/bumperbot_ws/install/gz_ros2_control_demos/share/gz_ros2_control_demos/environment/path.dsv
[13.256s] -- Installing: /home/unknown/ROS2_Workspaces/bumperbot_ws/install/gz_ros2_control_demos/share/gz_ros2_control_demos/local_setup.bash
[13.256s] -- Installing: /home/unknown/ROS2_Workspaces/bumperbot_ws/install/gz_ros2_control_demos/share/gz_ros2_control_demos/local_setup.sh
[13.256s] -- Installing: /home/unknown/ROS2_Workspaces/bumperbot_ws/install/gz_ros2_control_demos/share/gz_ros2_control_demos/local_setup.zsh
[13.256s] -- Installing: /home/unknown/ROS2_Workspaces/bumperbot_ws/install/gz_ros2_control_demos/share/gz_ros2_control_demos/local_setup.dsv
[13.257s] -- Installing: /home/unknown/ROS2_Workspaces/bumperbot_ws/install/gz_ros2_control_demos/share/gz_ros2_control_demos/package.dsv
[13.257s] -- Installing: /home/unknown/ROS2_Workspaces/bumperbot_ws/install/gz_ros2_control_demos/share/ament_index/resource_index/packages/gz_ros2_control_demos
[13.257s] -- Installing: /home/unknown/ROS2_Workspaces/bumperbot_ws/install/gz_ros2_control_demos/share/gz_ros2_control_demos/cmake/gz_ros2_control_demosConfig.cmake
[13.257s] -- Installing: /home/unknown/ROS2_Workspaces/bumperbot_ws/install/gz_ros2_control_demos/share/gz_ros2_control_demos/cmake/gz_ros2_control_demosConfig-version.cmake
[13.257s] -- Installing: /home/unknown/ROS2_Workspaces/bumperbot_ws/install/gz_ros2_control_demos/share/gz_ros2_control_demos/package.xml
[13.260s] Invoked command in '/home/unknown/ROS2_Workspaces/bumperbot_ws/build/gz_ros2_control_demos' returned '0': CMAKE_PREFIX_PATH=/home/unknown/ROS2_Workspaces/bumperbot_ws/install/gz_ros2_control:/home/unknown/ROS2_Workspaces/bumperbot_ws/install/ign_ros2_control_demos:/home/unknown/ROS2_Workspaces/bumperbot_ws/install/bumper_bot:/home/unknown/ROS2_Workspaces/bumperbot_ws/install/ign_ros2_control:/home/unknown/ROS2_Workspaces/bumperbot_ws/install/gz_ros2_control_tests:/home/unknown/ROS2_Workspaces/bumperbot_ws/install/gz_ros2_control_demos:/home/unknown/ROS2_Workspaces/bumperbot_ws/install/cpp_folder:/home/unknown/ROS2_Workspaces/bumperbot_ws/install/bumperbot_utils:/home/unknown/ROS2_Workspaces/bumperbot_ws/install/bumperbot_msgs:/home/unknown/ROS2_Workspaces/bumperbot_ws/install/bumperbot_localisation:/home/unknown/ROS2_Workspaces/bumperbot_ws/install/bumperbot_firmware:/home/unknown/ROS2_Workspaces/bumperbot_ws/install/bumperbot_controller:/home/unknown/bumperbot_ws/install/ign_ros2_control_demos:/home/unknown/bumperbot_ws/install/bumper_bot:/home/unknown/bumperbot_ws/install/ign_ros2_control:/home/unknown/bumperbot_ws/install/gz_ros2_control_tests:/home/unknown/bumperbot_ws/install/gz_ros2_control_demos:/home/unknown/bumperbot_ws/install/gz_ros2_control:/home/unknown/bumperbot_ws/install/cpp_folder:/home/unknown/bumperbot_ws/install/bumperbot_utils:/home/unknown/bumperbot_ws/install/bumperbot_msgs:/home/unknown/bumperbot_ws/install/bumperbot_localisation:/home/unknown/bumperbot_ws/install/bumperbot_firmware:/home/unknown/bumperbot_ws/install/bumperbot_controller:/home/unknown/ros2_ws/install/rc_plane:/home/unknown/ros2_ws/install/ign_ros2_control_demos:/home/unknown/ros2_ws/install/bumper_bot:/home/unknown/ros2_ws/install/ign_ros2_control:/home/unknown/ros2_ws/install/gz_ros2_control_tests:/home/unknown/ros2_ws/install/gz_ros2_control_demos:/home/unknown/ros2_ws/install/gz_ros2_control:/home/unknown/ros2_ws/install/cpp_folder:/home/unknown/ros2_ws/install/bumperbot_utils:/home/unknown/ros2_ws/install/bumperbot_msgs:/home/unknown/ros2_ws/install/bumperbot_localisation:/home/unknown/ros2_ws/install/bumperbot_firmware:/home/unknown/ros2_ws/install/bumperbot_controller:/home/unknown/ROS2_Workspaces/bumperbot_ws/install/my_robot_controller:/home/unknown/ROS2_Workspaces/bumperbot_ws/install/bumper_bot_py:/home/unknown/bumperbot_ws/install/my_robot_controller:/home/unknown/bumperbot_ws/install/bumper_bot_py:/home/unknown/ros2_ws/install/my_robot_controller:/home/unknown/ros2_ws/install/bumper_bot_py:/opt/ros/humble /usr/bin/cmake --install /home/unknown/ROS2_Workspaces/bumperbot_ws/build/gz_ros2_control_demos
