-- The C compiler identification is GNU 11.4.0
-- The CXX compiler identification is GNU 11.4.0
-- Detecting C compiler ABI info
-- Detecting C compiler ABI info - done
-- Check for working C compiler: /usr/bin/cc - skipped
-- Detecting C compile features
-- Detecting C compile features - done
-- Detecting CXX compiler ABI info
-- Detecting CXX compiler ABI info - done
-- Check for working CXX compiler: /usr/bin/c++ - skipped
-- Detecting CXX compile features
-- Detecting CXX compile features - done
-- Found ament_cmake: 1.3.13 (/opt/ros/humble/share/ament_cmake/cmake)
-- Found Python3: /usr/bin/python3 (found version "3.10.12") found components: Interpreter 
-- Found rclcpp: 16.0.18 (/opt/ros/humble/share/rclcpp/cmake)
-- Found rosidl_generator_c: 3.1.8 (/opt/ros/humble/share/rosidl_generator_c/cmake)
-- Found rosidl_adapter: 3.1.8 (/opt/ros/humble/share/rosidl_adapter/cmake)
-- Found rosidl_generator_cpp: 3.1.8 (/opt/ros/humble/share/rosidl_generator_cpp/cmake)
-- Using all available rosidl_typesupport_c: rosidl_typesupport_fastrtps_c;rosidl_typesupport_introspection_c
-- Using all available rosidl_typesupport_cpp: rosidl_typesupport_fastrtps_cpp;rosidl_typesupport_introspection_cpp
-- Found rmw_implementation_cmake: 6.1.2 (/opt/ros/humble/share/rmw_implementation_cmake/cmake)
-- Found rmw_fastrtps_cpp: 6.2.10 (/opt/ros/humble/share/rmw_fastrtps_cpp/cmake)
-- Found OpenSSL: /usr/lib/x86_64-linux-gnu/libcrypto.so (found version "3.0.2")  
-- Found FastRTPS: /opt/ros/humble/include  
-- Using RMW implementation 'rmw_fastrtps_cpp' as default
-- Looking for pthread.h
-- Looking for pthread.h - found
-- Performing Test CMAKE_HAVE_LIBC_PTHREAD
-- Performing Test CMAKE_HAVE_LIBC_PTHREAD - Success
-- Found Threads: TRUE  
-- Found rclpy: 3.3.20 (/opt/ros/humble/share/rclpy/cmake)
-- Found nav_msgs: 4.9.1 (/opt/ros/humble/share/nav_msgs/cmake)
-- Found sensor_msgs: 4.9.1 (/opt/ros/humble/share/sensor_msgs/cmake)
-- Found ament_lint_auto: 0.12.15 (/opt/ros/humble/share/ament_lint_auto/cmake)
-- Added test 'cppcheck' to perform static code analysis on C / C++ code
-- Configured cppcheck include dirs: /home/unknown/ROS2_Workspaces/bumperbot_ws/src/bumperbot_localisation/include
-- Configured cppcheck exclude dirs and/or files: 
-- Added test 'flake8' to check Python code syntax and style conventions
-- Added test 'lint_cmake' to check CMake code style
-- Added test 'pep257' to check Python code against some of the docstring style conventions in PEP 257
-- Added test 'uncrustify' to check C / C++ code style
-- Configured uncrustify additional arguments: 
-- Added test 'xmllint' to check XML markup files
-- Configuring done
-- Generating done
-- Build files have been written to: /home/unknown/ROS2_Workspaces/bumperbot_ws/build/bumperbot_localisation
[ 25%] [32mBuilding CXX object CMakeFiles/imu_republisher.dir/src/imu_republisher.cpp.o[0m
[ 50%] [32mBuilding CXX object CMakeFiles/kalman_filter.dir/src/kalman_filter.cpp.o[0m
[ 50%] Built target ament_cmake_python_copy_bumperbot_localisation
running egg_info
creating bumperbot_localisation.egg-info
writing bumperbot_localisation.egg-info/PKG-INFO
writing dependency_links to bumperbot_localisation.egg-info/dependency_links.txt
writing top-level names to bumperbot_localisation.egg-info/top_level.txt
writing manifest file 'bumperbot_localisation.egg-info/SOURCES.txt'
reading manifest file 'bumperbot_localisation.egg-info/SOURCES.txt'
writing manifest file 'bumperbot_localisation.egg-info/SOURCES.txt'
[ 50%] Built target ament_cmake_python_build_bumperbot_localisation_egg
[ 75%] [32m[1mLinking CXX executable kalman_filter[0m
[100%] [32m[1mLinking CXX executable imu_republisher[0m
[100%] Built target imu_republisher
[100%] Built target kalman_filter
-- Install configuration: ""
-- Installing: /home/unknown/ROS2_Workspaces/bumperbot_ws/install/bumperbot_localisation/share/bumperbot_localisation/environment/pythonpath.sh
-- Installing: /home/unknown/ROS2_Workspaces/bumperbot_ws/install/bumperbot_localisation/share/bumperbot_localisation/environment/pythonpath.dsv
-- Installing: /home/unknown/ROS2_Workspaces/bumperbot_ws/install/bumperbot_localisation/local/lib/python3.10/dist-packages/bumperbot_localisation-0.0.0-py3.10.egg-info
-- Installing: /home/unknown/ROS2_Workspaces/bumperbot_ws/install/bumperbot_localisation/local/lib/python3.10/dist-packages/bumperbot_localisation-0.0.0-py3.10.egg-info/PKG-INFO
-- Installing: /home/unknown/ROS2_Workspaces/bumperbot_ws/install/bumperbot_localisation/local/lib/python3.10/dist-packages/bumperbot_localisation-0.0.0-py3.10.egg-info/dependency_links.txt
-- Installing: /home/unknown/ROS2_Workspaces/bumperbot_ws/install/bumperbot_localisation/local/lib/python3.10/dist-packages/bumperbot_localisation-0.0.0-py3.10.egg-info/top_level.txt
-- Installing: /home/unknown/ROS2_Workspaces/bumperbot_ws/install/bumperbot_localisation/local/lib/python3.10/dist-packages/bumperbot_localisation-0.0.0-py3.10.egg-info/SOURCES.txt
-- Installing: /home/unknown/ROS2_Workspaces/bumperbot_ws/install/bumperbot_localisation/local/lib/python3.10/dist-packages/bumperbot_localisation
-- Installing: /home/unknown/ROS2_Workspaces/bumperbot_ws/install/bumperbot_localisation/local/lib/python3.10/dist-packages/bumperbot_localisation/__init__.py
-- Installing: /home/unknown/ROS2_Workspaces/bumperbot_ws/install/bumperbot_localisation/local/lib/python3.10/dist-packages/bumperbot_localisation/imu_republisher.py
-- Installing: /home/unknown/ROS2_Workspaces/bumperbot_ws/install/bumperbot_localisation/local/lib/python3.10/dist-packages/bumperbot_localisation/kalman_filter.py
-- Installing: /home/unknown/ROS2_Workspaces/bumperbot_ws/install/bumperbot_localisation/local/lib/python3.10/dist-packages/bumperbot_localisation/odometry_motion_model.py
Listing '/home/unknown/ROS2_Workspaces/bumperbot_ws/install/bumperbot_localisation/local/lib/python3.10/dist-packages/bumperbot_localisation'...
Compiling '/home/unknown/ROS2_Workspaces/bumperbot_ws/install/bumperbot_localisation/local/lib/python3.10/dist-packages/bumperbot_localisation/__init__.py'...
Compiling '/home/unknown/ROS2_Workspaces/bumperbot_ws/install/bumperbot_localisation/local/lib/python3.10/dist-packages/bumperbot_localisation/imu_republisher.py'...
Compiling '/home/unknown/ROS2_Workspaces/bumperbot_ws/install/bumperbot_localisation/local/lib/python3.10/dist-packages/bumperbot_localisation/kalman_filter.py'...
Compiling '/home/unknown/ROS2_Workspaces/bumperbot_ws/install/bumperbot_localisation/local/lib/python3.10/dist-packages/bumperbot_localisation/odometry_motion_model.py'...
-- Installing: /home/unknown/ROS2_Workspaces/bumperbot_ws/install/bumperbot_localisation/include/include
-- Installing: /home/unknown/ROS2_Workspaces/bumperbot_ws/install/bumperbot_localisation/include/include/bumperbot_localisation
-- Installing: /home/unknown/ROS2_Workspaces/bumperbot_ws/install/bumperbot_localisation/include/include/bumperbot_localisation/kalman_filter.hpp
-- Installing: /home/unknown/ROS2_Workspaces/bumperbot_ws/install/bumperbot_localisation/include/include/bumperbot_localisation/odometry_motion_model.hpp
-- Installing: /home/unknown/ROS2_Workspaces/bumperbot_ws/install/bumperbot_localisation/share/bumperbot_localisation/launch
-- Installing: /home/unknown/ROS2_Workspaces/bumperbot_ws/install/bumperbot_localisation/share/bumperbot_localisation/launch/local_localisation.launch.py
-- Installing: /home/unknown/ROS2_Workspaces/bumperbot_ws/install/bumperbot_localisation/share/bumperbot_localisation/config
-- Installing: /home/unknown/ROS2_Workspaces/bumperbot_ws/install/bumperbot_localisation/share/bumperbot_localisation/config/ekf.yaml
-- Installing: /home/unknown/ROS2_Workspaces/bumperbot_ws/install/bumperbot_localisation/lib/bumperbot_localisation/kalman_filter.py
-- Installing: /home/unknown/ROS2_Workspaces/bumperbot_ws/install/bumperbot_localisation/lib/bumperbot_localisation/imu_republisher.py
-- Installing: /home/unknown/ROS2_Workspaces/bumperbot_ws/install/bumperbot_localisation/lib/bumperbot_localisation/odometry_motion_model.py
-- Installing: /home/unknown/ROS2_Workspaces/bumperbot_ws/install/bumperbot_localisation/lib/bumperbot_localisation/kalman_filter
-- Set runtime path of "/home/unknown/ROS2_Workspaces/bumperbot_ws/install/bumperbot_localisation/lib/bumperbot_localisation/kalman_filter" to ""
-- Installing: /home/unknown/ROS2_Workspaces/bumperbot_ws/install/bumperbot_localisation/lib/bumperbot_localisation/imu_republisher
-- Set runtime path of "/home/unknown/ROS2_Workspaces/bumperbot_ws/install/bumperbot_localisation/lib/bumperbot_localisation/imu_republisher" to ""
-- Installing: /home/unknown/ROS2_Workspaces/bumperbot_ws/install/bumperbot_localisation/share/ament_index/resource_index/package_run_dependencies/bumperbot_localisation
-- Installing: /home/unknown/ROS2_Workspaces/bumperbot_ws/install/bumperbot_localisation/share/ament_index/resource_index/parent_prefix_path/bumperbot_localisation
-- Installing: /home/unknown/ROS2_Workspaces/bumperbot_ws/install/bumperbot_localisation/share/bumperbot_localisation/environment/ament_prefix_path.sh
-- Installing: /home/unknown/ROS2_Workspaces/bumperbot_ws/install/bumperbot_localisation/share/bumperbot_localisation/environment/ament_prefix_path.dsv
-- Installing: /home/unknown/ROS2_Workspaces/bumperbot_ws/install/bumperbot_localisation/share/bumperbot_localisation/environment/path.sh
-- Installing: /home/unknown/ROS2_Workspaces/bumperbot_ws/install/bumperbot_localisation/share/bumperbot_localisation/environment/path.dsv
-- Installing: /home/unknown/ROS2_Workspaces/bumperbot_ws/install/bumperbot_localisation/share/bumperbot_localisation/local_setup.bash
-- Installing: /home/unknown/ROS2_Workspaces/bumperbot_ws/install/bumperbot_localisation/share/bumperbot_localisation/local_setup.sh
-- Installing: /home/unknown/ROS2_Workspaces/bumperbot_ws/install/bumperbot_localisation/share/bumperbot_localisation/local_setup.zsh
-- Installing: /home/unknown/ROS2_Workspaces/bumperbot_ws/install/bumperbot_localisation/share/bumperbot_localisation/local_setup.dsv
-- Installing: /home/unknown/ROS2_Workspaces/bumperbot_ws/install/bumperbot_localisation/share/bumperbot_localisation/package.dsv
-- Installing: /home/unknown/ROS2_Workspaces/bumperbot_ws/install/bumperbot_localisation/share/ament_index/resource_index/packages/bumperbot_localisation
-- Installing: /home/unknown/ROS2_Workspaces/bumperbot_ws/install/bumperbot_localisation/share/bumperbot_localisation/cmake/bumperbot_localisationConfig.cmake
-- Installing: /home/unknown/ROS2_Workspaces/bumperbot_ws/install/bumperbot_localisation/share/bumperbot_localisation/cmake/bumperbot_localisationConfig-version.cmake
-- Installing: /home/unknown/ROS2_Workspaces/bumperbot_ws/install/bumperbot_localisation/share/bumperbot_localisation/package.xml
