[0.020s] Invoking command in '/home/unknown/ROS2_Workspaces/bumperbot_ws/build/bumperbot_localisation': CMAKE_PREFIX_PATH=${CMAKE_PREFIX_PATH}:/home/unknown/ROS2_Workspaces/bumperbot_ws/install/my_robot_controller:/home/unknown/ROS2_Workspaces/bumperbot_ws/install/bumper_bot_py:/home/unknown/bumperbot_ws/install/my_robot_controller:/home/unknown/bumperbot_ws/install/bumper_bot_py:/home/unknown/ros2_ws/install/my_robot_controller:/home/unknown/ros2_ws/install/bumper_bot_py:/opt/ros/humble /usr/bin/cmake /home/unknown/ROS2_Workspaces/bumperbot_ws/src/bumperbot_localisation -DCMAKE_INSTALL_PREFIX=/home/unknown/ROS2_Workspaces/bumperbot_ws/install/bumperbot_localisation
[0.133s] -- The C compiler identification is GNU 11.4.0
[0.215s] -- The CXX compiler identification is GNU 11.4.0
[0.226s] -- Detecting C compiler ABI info
[0.310s] -- Detecting C compiler ABI info - done
[0.325s] -- Check for working C compiler: /usr/bin/cc - skipped
[0.325s] -- Detecting C compile features
[0.325s] -- Detecting C compile features - done
[0.328s] -- Detecting CXX compiler ABI info
[0.430s] -- Detecting CXX compiler ABI info - done
[0.444s] -- Check for working CXX compiler: /usr/bin/c++ - skipped
[0.446s] -- Detecting CXX compile features
[0.446s] -- Detecting CXX compile features - done
[0.448s] -- Found ament_cmake: 1.3.13 (/opt/ros/humble/share/ament_cmake/cmake)
[0.664s] -- Found Python3: /usr/bin/python3 (found version "3.10.12") found components: Interpreter 
[0.761s] -- Found rclcpp: 16.0.18 (/opt/ros/humble/share/rclcpp/cmake)
[0.818s] -- Found rosidl_generator_c: 3.1.8 (/opt/ros/humble/share/rosidl_generator_c/cmake)
[0.822s] -- Found rosidl_adapter: 3.1.8 (/opt/ros/humble/share/rosidl_adapter/cmake)
[0.834s] -- Found rosidl_generator_cpp: 3.1.8 (/opt/ros/humble/share/rosidl_generator_cpp/cmake)
[0.855s] -- Using all available rosidl_typesupport_c: rosidl_typesupport_fastrtps_c;rosidl_typesupport_introspection_c
[0.882s] -- Using all available rosidl_typesupport_cpp: rosidl_typesupport_fastrtps_cpp;rosidl_typesupport_introspection_cpp
[0.948s] -- Found rmw_implementation_cmake: 6.1.2 (/opt/ros/humble/share/rmw_implementation_cmake/cmake)
[0.953s] -- Found rmw_fastrtps_cpp: 6.2.10 (/opt/ros/humble/share/rmw_fastrtps_cpp/cmake)
[1.065s] -- Found OpenSSL: /usr/lib/x86_64-linux-gnu/libcrypto.so (found version "3.0.2")  
[1.105s] -- Found FastRTPS: /opt/ros/humble/include  
[1.164s] -- Using RMW implementation 'rmw_fastrtps_cpp' as default
[1.176s] -- Looking for pthread.h
[1.256s] -- Looking for pthread.h - found
[1.256s] -- Performing Test CMAKE_HAVE_LIBC_PTHREAD
[1.326s] -- Performing Test CMAKE_HAVE_LIBC_PTHREAD - Success
[1.327s] -- Found Threads: TRUE  
[1.384s] -- Found rclpy: 3.3.20 (/opt/ros/humble/share/rclpy/cmake)
[1.385s] -- Found nav_msgs: 4.9.1 (/opt/ros/humble/share/nav_msgs/cmake)
[1.421s] -- Found sensor_msgs: 4.9.1 (/opt/ros/humble/share/sensor_msgs/cmake)
[1.542s] -- Found ament_lint_auto: 0.12.15 (/opt/ros/humble/share/ament_lint_auto/cmake)
[1.634s] -- Added test 'cppcheck' to perform static code analysis on C / C++ code
[1.634s] -- Configured cppcheck include dirs: /home/unknown/ROS2_Workspaces/bumperbot_ws/src/bumperbot_localisation/include
[1.635s] -- Configured cppcheck exclude dirs and/or files: 
[1.636s] -- Added test 'flake8' to check Python code syntax and style conventions
[1.638s] -- Added test 'lint_cmake' to check CMake code style
[1.639s] -- Added test 'pep257' to check Python code against some of the docstring style conventions in PEP 257
[1.641s] -- Added test 'uncrustify' to check C / C++ code style
[1.641s] -- Configured uncrustify additional arguments: 
[1.643s] -- Added test 'xmllint' to check XML markup files
[1.646s] -- Configuring done
[1.665s] -- Generating done
[1.674s] -- Build files have been written to: /home/unknown/ROS2_Workspaces/bumperbot_ws/build/bumperbot_localisation
[1.683s] Invoked command in '/home/unknown/ROS2_Workspaces/bumperbot_ws/build/bumperbot_localisation' returned '0': CMAKE_PREFIX_PATH=${CMAKE_PREFIX_PATH}:/home/unknown/ROS2_Workspaces/bumperbot_ws/install/my_robot_controller:/home/unknown/ROS2_Workspaces/bumperbot_ws/install/bumper_bot_py:/home/unknown/bumperbot_ws/install/my_robot_controller:/home/unknown/bumperbot_ws/install/bumper_bot_py:/home/unknown/ros2_ws/install/my_robot_controller:/home/unknown/ros2_ws/install/bumper_bot_py:/opt/ros/humble /usr/bin/cmake /home/unknown/ROS2_Workspaces/bumperbot_ws/src/bumperbot_localisation -DCMAKE_INSTALL_PREFIX=/home/unknown/ROS2_Workspaces/bumperbot_ws/install/bumperbot_localisation
[1.684s] Invoking command in '/home/unknown/ROS2_Workspaces/bumperbot_ws/build/bumperbot_localisation': CMAKE_PREFIX_PATH=${CMAKE_PREFIX_PATH}:/home/unknown/ROS2_Workspaces/bumperbot_ws/install/my_robot_controller:/home/unknown/ROS2_Workspaces/bumperbot_ws/install/bumper_bot_py:/home/unknown/bumperbot_ws/install/my_robot_controller:/home/unknown/bumperbot_ws/install/bumper_bot_py:/home/unknown/ros2_ws/install/my_robot_controller:/home/unknown/ros2_ws/install/bumper_bot_py:/opt/ros/humble /usr/bin/cmake --build /home/unknown/ROS2_Workspaces/bumperbot_ws/build/bumperbot_localisation -- -j8 -l8
[1.729s] [ 25%] [32mBuilding CXX object CMakeFiles/imu_republisher.dir/src/imu_republisher.cpp.o[0m
[1.729s] [ 50%] [32mBuilding CXX object CMakeFiles/kalman_filter.dir/src/kalman_filter.cpp.o[0m
[1.738s] [ 50%] Built target ament_cmake_python_copy_bumperbot_localisation
[2.135s] running egg_info
[2.135s] creating bumperbot_localisation.egg-info
[2.135s] writing bumperbot_localisation.egg-info/PKG-INFO
[2.136s] writing dependency_links to bumperbot_localisation.egg-info/dependency_links.txt
[2.137s] writing top-level names to bumperbot_localisation.egg-info/top_level.txt
[2.137s] writing manifest file 'bumperbot_localisation.egg-info/SOURCES.txt'
[2.141s] reading manifest file 'bumperbot_localisation.egg-info/SOURCES.txt'
[2.142s] writing manifest file 'bumperbot_localisation.egg-info/SOURCES.txt'
[2.189s] [ 50%] Built target ament_cmake_python_build_bumperbot_localisation_egg
[26.291s] [ 75%] [32m[1mLinking CXX executable kalman_filter[0m
[26.656s] [100%] [32m[1mLinking CXX executable imu_republisher[0m
[28.993s] [100%] Built target imu_republisher
[29.547s] [100%] Built target kalman_filter
[29.604s] Invoked command in '/home/unknown/ROS2_Workspaces/bumperbot_ws/build/bumperbot_localisation' returned '0': CMAKE_PREFIX_PATH=${CMAKE_PREFIX_PATH}:/home/unknown/ROS2_Workspaces/bumperbot_ws/install/my_robot_controller:/home/unknown/ROS2_Workspaces/bumperbot_ws/install/bumper_bot_py:/home/unknown/bumperbot_ws/install/my_robot_controller:/home/unknown/bumperbot_ws/install/bumper_bot_py:/home/unknown/ros2_ws/install/my_robot_controller:/home/unknown/ros2_ws/install/bumper_bot_py:/opt/ros/humble /usr/bin/cmake --build /home/unknown/ROS2_Workspaces/bumperbot_ws/build/bumperbot_localisation -- -j8 -l8
[29.607s] Invoking command in '/home/unknown/ROS2_Workspaces/bumperbot_ws/build/bumperbot_localisation': CMAKE_PREFIX_PATH=${CMAKE_PREFIX_PATH}:/home/unknown/ROS2_Workspaces/bumperbot_ws/install/my_robot_controller:/home/unknown/ROS2_Workspaces/bumperbot_ws/install/bumper_bot_py:/home/unknown/bumperbot_ws/install/my_robot_controller:/home/unknown/bumperbot_ws/install/bumper_bot_py:/home/unknown/ros2_ws/install/my_robot_controller:/home/unknown/ros2_ws/install/bumper_bot_py:/opt/ros/humble /usr/bin/cmake --install /home/unknown/ROS2_Workspaces/bumperbot_ws/build/bumperbot_localisation
[29.632s] -- Install configuration: ""
[29.632s] -- Installing: /home/unknown/ROS2_Workspaces/bumperbot_ws/install/bumperbot_localisation/share/bumperbot_localisation/environment/pythonpath.sh
[29.634s] -- Installing: /home/unknown/ROS2_Workspaces/bumperbot_ws/install/bumperbot_localisation/share/bumperbot_localisation/environment/pythonpath.dsv
[29.634s] -- Installing: /home/unknown/ROS2_Workspaces/bumperbot_ws/install/bumperbot_localisation/local/lib/python3.10/dist-packages/bumperbot_localisation-0.0.0-py3.10.egg-info
[29.634s] -- Installing: /home/unknown/ROS2_Workspaces/bumperbot_ws/install/bumperbot_localisation/local/lib/python3.10/dist-packages/bumperbot_localisation-0.0.0-py3.10.egg-info/PKG-INFO
[29.634s] -- Installing: /home/unknown/ROS2_Workspaces/bumperbot_ws/install/bumperbot_localisation/local/lib/python3.10/dist-packages/bumperbot_localisation-0.0.0-py3.10.egg-info/dependency_links.txt
[29.634s] -- Installing: /home/unknown/ROS2_Workspaces/bumperbot_ws/install/bumperbot_localisation/local/lib/python3.10/dist-packages/bumperbot_localisation-0.0.0-py3.10.egg-info/top_level.txt
[29.635s] -- Installing: /home/unknown/ROS2_Workspaces/bumperbot_ws/install/bumperbot_localisation/local/lib/python3.10/dist-packages/bumperbot_localisation-0.0.0-py3.10.egg-info/SOURCES.txt
[29.635s] -- Installing: /home/unknown/ROS2_Workspaces/bumperbot_ws/install/bumperbot_localisation/local/lib/python3.10/dist-packages/bumperbot_localisation
[29.635s] -- Installing: /home/unknown/ROS2_Workspaces/bumperbot_ws/install/bumperbot_localisation/local/lib/python3.10/dist-packages/bumperbot_localisation/__init__.py
[29.635s] -- Installing: /home/unknown/ROS2_Workspaces/bumperbot_ws/install/bumperbot_localisation/local/lib/python3.10/dist-packages/bumperbot_localisation/imu_republisher.py
[29.636s] -- Installing: /home/unknown/ROS2_Workspaces/bumperbot_ws/install/bumperbot_localisation/local/lib/python3.10/dist-packages/bumperbot_localisation/kalman_filter.py
[29.639s] -- Installing: /home/unknown/ROS2_Workspaces/bumperbot_ws/install/bumperbot_localisation/local/lib/python3.10/dist-packages/bumperbot_localisation/odometry_motion_model.py
[29.844s] Listing '/home/unknown/ROS2_Workspaces/bumperbot_ws/install/bumperbot_localisation/local/lib/python3.10/dist-packages/bumperbot_localisation'...
[29.844s] Compiling '/home/unknown/ROS2_Workspaces/bumperbot_ws/install/bumperbot_localisation/local/lib/python3.10/dist-packages/bumperbot_localisation/__init__.py'...
[29.844s] Compiling '/home/unknown/ROS2_Workspaces/bumperbot_ws/install/bumperbot_localisation/local/lib/python3.10/dist-packages/bumperbot_localisation/imu_republisher.py'...
[29.845s] Compiling '/home/unknown/ROS2_Workspaces/bumperbot_ws/install/bumperbot_localisation/local/lib/python3.10/dist-packages/bumperbot_localisation/kalman_filter.py'...
[29.845s] Compiling '/home/unknown/ROS2_Workspaces/bumperbot_ws/install/bumperbot_localisation/local/lib/python3.10/dist-packages/bumperbot_localisation/odometry_motion_model.py'...
[29.872s] -- Installing: /home/unknown/ROS2_Workspaces/bumperbot_ws/install/bumperbot_localisation/include/include
[29.872s] -- Installing: /home/unknown/ROS2_Workspaces/bumperbot_ws/install/bumperbot_localisation/include/include/bumperbot_localisation
[29.873s] -- Installing: /home/unknown/ROS2_Workspaces/bumperbot_ws/install/bumperbot_localisation/include/include/bumperbot_localisation/kalman_filter.hpp
[29.873s] -- Installing: /home/unknown/ROS2_Workspaces/bumperbot_ws/install/bumperbot_localisation/include/include/bumperbot_localisation/odometry_motion_model.hpp
[29.874s] -- Installing: /home/unknown/ROS2_Workspaces/bumperbot_ws/install/bumperbot_localisation/share/bumperbot_localisation/launch
[29.875s] -- Installing: /home/unknown/ROS2_Workspaces/bumperbot_ws/install/bumperbot_localisation/share/bumperbot_localisation/launch/local_localisation.launch.py
[29.876s] -- Installing: /home/unknown/ROS2_Workspaces/bumperbot_ws/install/bumperbot_localisation/share/bumperbot_localisation/config
[29.876s] -- Installing: /home/unknown/ROS2_Workspaces/bumperbot_ws/install/bumperbot_localisation/share/bumperbot_localisation/config/ekf.yaml
[29.876s] -- Installing: /home/unknown/ROS2_Workspaces/bumperbot_ws/install/bumperbot_localisation/lib/bumperbot_localisation/kalman_filter.py
[29.878s] -- Installing: /home/unknown/ROS2_Workspaces/bumperbot_ws/install/bumperbot_localisation/lib/bumperbot_localisation/imu_republisher.py
[29.878s] -- Installing: /home/unknown/ROS2_Workspaces/bumperbot_ws/install/bumperbot_localisation/lib/bumperbot_localisation/odometry_motion_model.py
[29.879s] -- Installing: /home/unknown/ROS2_Workspaces/bumperbot_ws/install/bumperbot_localisation/lib/bumperbot_localisation/kalman_filter
[29.889s] -- Set runtime path of "/home/unknown/ROS2_Workspaces/bumperbot_ws/install/bumperbot_localisation/lib/bumperbot_localisation/kalman_filter" to ""
[29.890s] -- Installing: /home/unknown/ROS2_Workspaces/bumperbot_ws/install/bumperbot_localisation/lib/bumperbot_localisation/imu_republisher
[29.898s] -- Set runtime path of "/home/unknown/ROS2_Workspaces/bumperbot_ws/install/bumperbot_localisation/lib/bumperbot_localisation/imu_republisher" to ""
[29.898s] -- Installing: /home/unknown/ROS2_Workspaces/bumperbot_ws/install/bumperbot_localisation/share/ament_index/resource_index/package_run_dependencies/bumperbot_localisation
[29.902s] -- Installing: /home/unknown/ROS2_Workspaces/bumperbot_ws/install/bumperbot_localisation/share/ament_index/resource_index/parent_prefix_path/bumperbot_localisation
[29.903s] -- Installing: /home/unknown/ROS2_Workspaces/bumperbot_ws/install/bumperbot_localisation/share/bumperbot_localisation/environment/ament_prefix_path.sh
[29.903s] -- Installing: /home/unknown/ROS2_Workspaces/bumperbot_ws/install/bumperbot_localisation/share/bumperbot_localisation/environment/ament_prefix_path.dsv
[29.903s] -- Installing: /home/unknown/ROS2_Workspaces/bumperbot_ws/install/bumperbot_localisation/share/bumperbot_localisation/environment/path.sh
[29.904s] -- Installing: /home/unknown/ROS2_Workspaces/bumperbot_ws/install/bumperbot_localisation/share/bumperbot_localisation/environment/path.dsv
[29.904s] -- Installing: /home/unknown/ROS2_Workspaces/bumperbot_ws/install/bumperbot_localisation/share/bumperbot_localisation/local_setup.bash
[29.906s] -- Installing: /home/unknown/ROS2_Workspaces/bumperbot_ws/install/bumperbot_localisation/share/bumperbot_localisation/local_setup.sh
[29.906s] -- Installing: /home/unknown/ROS2_Workspaces/bumperbot_ws/install/bumperbot_localisation/share/bumperbot_localisation/local_setup.zsh
[29.906s] -- Installing: /home/unknown/ROS2_Workspaces/bumperbot_ws/install/bumperbot_localisation/share/bumperbot_localisation/local_setup.dsv
[29.907s] -- Installing: /home/unknown/ROS2_Workspaces/bumperbot_ws/install/bumperbot_localisation/share/bumperbot_localisation/package.dsv
[29.907s] -- Installing: /home/unknown/ROS2_Workspaces/bumperbot_ws/install/bumperbot_localisation/share/ament_index/resource_index/packages/bumperbot_localisation
[29.907s] -- Installing: /home/unknown/ROS2_Workspaces/bumperbot_ws/install/bumperbot_localisation/share/bumperbot_localisation/cmake/bumperbot_localisationConfig.cmake
[29.908s] -- Installing: /home/unknown/ROS2_Workspaces/bumperbot_ws/install/bumperbot_localisation/share/bumperbot_localisation/cmake/bumperbot_localisationConfig-version.cmake
[29.912s] -- Installing: /home/unknown/ROS2_Workspaces/bumperbot_ws/install/bumperbot_localisation/share/bumperbot_localisation/package.xml
[29.921s] Invoked command in '/home/unknown/ROS2_Workspaces/bumperbot_ws/build/bumperbot_localisation' returned '0': CMAKE_PREFIX_PATH=${CMAKE_PREFIX_PATH}:/home/unknown/ROS2_Workspaces/bumperbot_ws/install/my_robot_controller:/home/unknown/ROS2_Workspaces/bumperbot_ws/install/bumper_bot_py:/home/unknown/bumperbot_ws/install/my_robot_controller:/home/unknown/bumperbot_ws/install/bumper_bot_py:/home/unknown/ros2_ws/install/my_robot_controller:/home/unknown/ros2_ws/install/bumper_bot_py:/opt/ros/humble /usr/bin/cmake --install /home/unknown/ROS2_Workspaces/bumperbot_ws/build/bumperbot_localisation
