[0.014s] Invoking command in '/home/unknown/ROS2_Workspaces/bumperbot_ws/build/ign_ros2_control_demos': CMAKE_PREFIX_PATH=/home/unknown/ROS2_Workspaces/bumperbot_ws/install/gz_ros2_control_demos:/home/unknown/ROS2_Workspaces/bumperbot_ws/install/gz_ros2_control:/home/unknown/ROS2_Workspaces/bumperbot_ws/install/ign_ros2_control_demos:/home/unknown/ROS2_Workspaces/bumperbot_ws/install/bumper_bot:/home/unknown/ROS2_Workspaces/bumperbot_ws/install/ign_ros2_control:/home/unknown/ROS2_Workspaces/bumperbot_ws/install/gz_ros2_control_tests:/home/unknown/ROS2_Workspaces/bumperbot_ws/install/cpp_folder:/home/unknown/ROS2_Workspaces/bumperbot_ws/install/bumperbot_utils:/home/unknown/ROS2_Workspaces/bumperbot_ws/install/bumperbot_msgs:/home/unknown/ROS2_Workspaces/bumperbot_ws/install/bumperbot_localisation:/home/unknown/ROS2_Workspaces/bumperbot_ws/install/bumperbot_firmware:/home/unknown/ROS2_Workspaces/bumperbot_ws/install/bumperbot_controller:/home/unknown/bumperbot_ws/install/ign_ros2_control_demos:/home/unknown/bumperbot_ws/install/bumper_bot:/home/unknown/bumperbot_ws/install/ign_ros2_control:/home/unknown/bumperbot_ws/install/gz_ros2_control_tests:/home/unknown/bumperbot_ws/install/gz_ros2_control_demos:/home/unknown/bumperbot_ws/install/gz_ros2_control:/home/unknown/bumperbot_ws/install/cpp_folder:/home/unknown/bumperbot_ws/install/bumperbot_utils:/home/unknown/bumperbot_ws/install/bumperbot_msgs:/home/unknown/bumperbot_ws/install/bumperbot_localisation:/home/unknown/bumperbot_ws/install/bumperbot_firmware:/home/unknown/bumperbot_ws/install/bumperbot_controller:/home/unknown/ros2_ws/install/rc_plane:/home/unknown/ros2_ws/install/ign_ros2_control_demos:/home/unknown/ros2_ws/install/bumper_bot:/home/unknown/ros2_ws/install/ign_ros2_control:/home/unknown/ros2_ws/install/gz_ros2_control_tests:/home/unknown/ros2_ws/install/gz_ros2_control_demos:/home/unknown/ros2_ws/install/gz_ros2_control:/home/unknown/ros2_ws/install/cpp_folder:/home/unknown/ros2_ws/install/bumperbot_utils:/home/unknown/ros2_ws/install/bumperbot_msgs:/home/unknown/ros2_ws/install/bumperbot_localisation:/home/unknown/ros2_ws/install/bumperbot_firmware:/home/unknown/ros2_ws/install/bumperbot_controller:/home/unknown/ROS2_Workspaces/bumperbot_ws/install/my_robot_controller:/home/unknown/ROS2_Workspaces/bumperbot_ws/install/bumper_bot_py:/home/unknown/bumperbot_ws/install/my_robot_controller:/home/unknown/bumperbot_ws/install/bumper_bot_py:/home/unknown/ros2_ws/install/my_robot_controller:/home/unknown/ros2_ws/install/bumper_bot_py:/opt/ros/humble /usr/bin/cmake /home/unknown/ROS2_Workspaces/bumperbot_ws/src/gz_ros2_control/ign_ros2_control_demos -DCMAKE_INSTALL_PREFIX=/home/unknown/ROS2_Workspaces/bumperbot_ws/install/ign_ros2_control_demos
[0.094s] -- The C compiler identification is GNU 11.4.0
[0.170s] -- The CXX compiler identification is GNU 11.4.0
[0.179s] -- Detecting C compiler ABI info
[0.261s] -- Detecting C compiler ABI info - done
[0.271s] -- Check for working C compiler: /usr/bin/cc - skipped
[0.271s] -- Detecting C compile features
[0.272s] -- Detecting C compile features - done
[0.275s] -- Detecting CXX compiler ABI info
[0.361s] -- Detecting CXX compiler ABI info - done
[0.370s] -- Check for working CXX compiler: /usr/bin/c++ - skipped
[0.371s] -- Detecting CXX compile features
[0.371s] -- Detecting CXX compile features - done
[0.374s] -- Found ament_cmake: 1.3.13 (/opt/ros/humble/share/ament_cmake/cmake)
[0.564s] -- Found Python3: /usr/bin/python3 (found version "3.10.12") found components: Interpreter 
[0.669s] -- Found ament_index_cpp: 1.4.1 (/opt/ros/humble/share/ament_index_cpp/cmake)
[0.683s] -- Found ament_cmake_gtest: 1.3.13 (/opt/ros/humble/share/ament_cmake_gtest/cmake)
[0.686s] -- Found ament_lint_auto: 0.12.15 (/opt/ros/humble/share/ament_lint_auto/cmake)
[0.775s] -- Added test 'copyright' to check source files copyright and LICENSE
[0.777s] -- Added test 'cppcheck' to perform static code analysis on C / C++ code
[0.778s] -- Configured cppcheck include dirs: 
[0.778s] -- Configured cppcheck exclude dirs and/or files: 
[0.779s] -- Added test 'cpplint' to check C / C++ code against the Google style
[0.780s] -- Configured cpplint exclude dirs and/or files: 
[0.781s] -- Added test 'flake8' to check Python code syntax and style conventions
[0.782s] -- Added test 'lint_cmake' to check CMake code style
[0.783s] -- Added test 'pep257' to check Python code against some of the docstring style conventions in PEP 257
[0.785s] -- Added test 'uncrustify' to check C / C++ code style
[0.785s] -- Configured uncrustify additional arguments: 
[0.786s] -- Added test 'xmllint' to check XML markup files
[0.788s] -- Configuring done
[0.797s] -- Generating done
[0.801s] -- Build files have been written to: /home/unknown/ROS2_Workspaces/bumperbot_ws/build/ign_ros2_control_demos
[0.806s] Invoked command in '/home/unknown/ROS2_Workspaces/bumperbot_ws/build/ign_ros2_control_demos' returned '0': CMAKE_PREFIX_PATH=/home/unknown/ROS2_Workspaces/bumperbot_ws/install/gz_ros2_control_demos:/home/unknown/ROS2_Workspaces/bumperbot_ws/install/gz_ros2_control:/home/unknown/ROS2_Workspaces/bumperbot_ws/install/ign_ros2_control_demos:/home/unknown/ROS2_Workspaces/bumperbot_ws/install/bumper_bot:/home/unknown/ROS2_Workspaces/bumperbot_ws/install/ign_ros2_control:/home/unknown/ROS2_Workspaces/bumperbot_ws/install/gz_ros2_control_tests:/home/unknown/ROS2_Workspaces/bumperbot_ws/install/cpp_folder:/home/unknown/ROS2_Workspaces/bumperbot_ws/install/bumperbot_utils:/home/unknown/ROS2_Workspaces/bumperbot_ws/install/bumperbot_msgs:/home/unknown/ROS2_Workspaces/bumperbot_ws/install/bumperbot_localisation:/home/unknown/ROS2_Workspaces/bumperbot_ws/install/bumperbot_firmware:/home/unknown/ROS2_Workspaces/bumperbot_ws/install/bumperbot_controller:/home/unknown/bumperbot_ws/install/ign_ros2_control_demos:/home/unknown/bumperbot_ws/install/bumper_bot:/home/unknown/bumperbot_ws/install/ign_ros2_control:/home/unknown/bumperbot_ws/install/gz_ros2_control_tests:/home/unknown/bumperbot_ws/install/gz_ros2_control_demos:/home/unknown/bumperbot_ws/install/gz_ros2_control:/home/unknown/bumperbot_ws/install/cpp_folder:/home/unknown/bumperbot_ws/install/bumperbot_utils:/home/unknown/bumperbot_ws/install/bumperbot_msgs:/home/unknown/bumperbot_ws/install/bumperbot_localisation:/home/unknown/bumperbot_ws/install/bumperbot_firmware:/home/unknown/bumperbot_ws/install/bumperbot_controller:/home/unknown/ros2_ws/install/rc_plane:/home/unknown/ros2_ws/install/ign_ros2_control_demos:/home/unknown/ros2_ws/install/bumper_bot:/home/unknown/ros2_ws/install/ign_ros2_control:/home/unknown/ros2_ws/install/gz_ros2_control_tests:/home/unknown/ros2_ws/install/gz_ros2_control_demos:/home/unknown/ros2_ws/install/gz_ros2_control:/home/unknown/ros2_ws/install/cpp_folder:/home/unknown/ros2_ws/install/bumperbot_utils:/home/unknown/ros2_ws/install/bumperbot_msgs:/home/unknown/ros2_ws/install/bumperbot_localisation:/home/unknown/ros2_ws/install/bumperbot_firmware:/home/unknown/ros2_ws/install/bumperbot_controller:/home/unknown/ROS2_Workspaces/bumperbot_ws/install/my_robot_controller:/home/unknown/ROS2_Workspaces/bumperbot_ws/install/bumper_bot_py:/home/unknown/bumperbot_ws/install/my_robot_controller:/home/unknown/bumperbot_ws/install/bumper_bot_py:/home/unknown/ros2_ws/install/my_robot_controller:/home/unknown/ros2_ws/install/bumper_bot_py:/opt/ros/humble /usr/bin/cmake /home/unknown/ROS2_Workspaces/bumperbot_ws/src/gz_ros2_control/ign_ros2_control_demos -DCMAKE_INSTALL_PREFIX=/home/unknown/ROS2_Workspaces/bumperbot_ws/install/ign_ros2_control_demos
[0.807s] Invoking command in '/home/unknown/ROS2_Workspaces/bumperbot_ws/build/ign_ros2_control_demos': CMAKE_PREFIX_PATH=/home/unknown/ROS2_Workspaces/bumperbot_ws/install/gz_ros2_control_demos:/home/unknown/ROS2_Workspaces/bumperbot_ws/install/gz_ros2_control:/home/unknown/ROS2_Workspaces/bumperbot_ws/install/ign_ros2_control_demos:/home/unknown/ROS2_Workspaces/bumperbot_ws/install/bumper_bot:/home/unknown/ROS2_Workspaces/bumperbot_ws/install/ign_ros2_control:/home/unknown/ROS2_Workspaces/bumperbot_ws/install/gz_ros2_control_tests:/home/unknown/ROS2_Workspaces/bumperbot_ws/install/cpp_folder:/home/unknown/ROS2_Workspaces/bumperbot_ws/install/bumperbot_utils:/home/unknown/ROS2_Workspaces/bumperbot_ws/install/bumperbot_msgs:/home/unknown/ROS2_Workspaces/bumperbot_ws/install/bumperbot_localisation:/home/unknown/ROS2_Workspaces/bumperbot_ws/install/bumperbot_firmware:/home/unknown/ROS2_Workspaces/bumperbot_ws/install/bumperbot_controller:/home/unknown/bumperbot_ws/install/ign_ros2_control_demos:/home/unknown/bumperbot_ws/install/bumper_bot:/home/unknown/bumperbot_ws/install/ign_ros2_control:/home/unknown/bumperbot_ws/install/gz_ros2_control_tests:/home/unknown/bumperbot_ws/install/gz_ros2_control_demos:/home/unknown/bumperbot_ws/install/gz_ros2_control:/home/unknown/bumperbot_ws/install/cpp_folder:/home/unknown/bumperbot_ws/install/bumperbot_utils:/home/unknown/bumperbot_ws/install/bumperbot_msgs:/home/unknown/bumperbot_ws/install/bumperbot_localisation:/home/unknown/bumperbot_ws/install/bumperbot_firmware:/home/unknown/bumperbot_ws/install/bumperbot_controller:/home/unknown/ros2_ws/install/rc_plane:/home/unknown/ros2_ws/install/ign_ros2_control_demos:/home/unknown/ros2_ws/install/bumper_bot:/home/unknown/ros2_ws/install/ign_ros2_control:/home/unknown/ros2_ws/install/gz_ros2_control_tests:/home/unknown/ros2_ws/install/gz_ros2_control_demos:/home/unknown/ros2_ws/install/gz_ros2_control:/home/unknown/ros2_ws/install/cpp_folder:/home/unknown/ros2_ws/install/bumperbot_utils:/home/unknown/ros2_ws/install/bumperbot_msgs:/home/unknown/ros2_ws/install/bumperbot_localisation:/home/unknown/ros2_ws/install/bumperbot_firmware:/home/unknown/ros2_ws/install/bumperbot_controller:/home/unknown/ROS2_Workspaces/bumperbot_ws/install/my_robot_controller:/home/unknown/ROS2_Workspaces/bumperbot_ws/install/bumper_bot_py:/home/unknown/bumperbot_ws/install/my_robot_controller:/home/unknown/bumperbot_ws/install/bumper_bot_py:/home/unknown/ros2_ws/install/my_robot_controller:/home/unknown/ros2_ws/install/bumper_bot_py:/opt/ros/humble /usr/bin/cmake --build /home/unknown/ROS2_Workspaces/bumperbot_ws/build/ign_ros2_control_demos -- -j8 -l8
[0.853s] [  7%] [32mBuilding CXX object CMakeFiles/example_diff_drive.dir/examples/example_diff_drive.cpp.o[0m
[0.853s] [ 28%] [32mBuilding CXX object CMakeFiles/example_position.dir/examples/example_position.cpp.o[0m
[0.853s] [ 28%] [32mBuilding CXX object CMakeFiles/example_gripper.dir/examples/example_gripper.cpp.o[0m
[0.853s] [ 28%] [32mBuilding CXX object CMakeFiles/example_velocity.dir/examples/example_position.cpp.o[0m
[0.854s] [ 35%] [32mBuilding CXX object CMakeFiles/example_effort.dir/examples/example_position.cpp.o[0m
[0.854s] [ 42%] [32mBuilding CXX object CMakeFiles/example_tricycle_drive.dir/examples/example_tricycle_drive.cpp.o[0m
[0.854s] [ 50%] [32mBuilding CXX object CMakeFiles/example_ackermann_drive.dir/examples/example_ackermann_drive.cpp.o[0m
[1.204s] [ 57%] [32m[1mLinking CXX executable example_gripper[0m
[1.322s] [ 57%] Built target example_gripper
[1.394s] [ 64%] [32m[1mLinking CXX executable example_ackermann_drive[0m
[1.401s] [ 71%] [32m[1mLinking CXX executable example_tricycle_drive[0m
[1.401s] [ 78%] [32m[1mLinking CXX executable example_diff_drive[0m
[1.402s] [ 85%] [32m[1mLinking CXX executable example_velocity[0m
[1.403s] [ 92%] [32m[1mLinking CXX executable example_effort[0m
[1.404s] [100%] [32m[1mLinking CXX executable example_position[0m
[1.527s] [100%] Built target example_ackermann_drive
[1.547s] [100%] Built target example_position
[1.561s] [100%] Built target example_diff_drive
[1.572s] [100%] Built target example_velocity
[1.576s] [100%] Built target example_tricycle_drive
[1.578s] [100%] Built target example_effort
[1.590s] Invoked command in '/home/unknown/ROS2_Workspaces/bumperbot_ws/build/ign_ros2_control_demos' returned '0': CMAKE_PREFIX_PATH=/home/unknown/ROS2_Workspaces/bumperbot_ws/install/gz_ros2_control_demos:/home/unknown/ROS2_Workspaces/bumperbot_ws/install/gz_ros2_control:/home/unknown/ROS2_Workspaces/bumperbot_ws/install/ign_ros2_control_demos:/home/unknown/ROS2_Workspaces/bumperbot_ws/install/bumper_bot:/home/unknown/ROS2_Workspaces/bumperbot_ws/install/ign_ros2_control:/home/unknown/ROS2_Workspaces/bumperbot_ws/install/gz_ros2_control_tests:/home/unknown/ROS2_Workspaces/bumperbot_ws/install/cpp_folder:/home/unknown/ROS2_Workspaces/bumperbot_ws/install/bumperbot_utils:/home/unknown/ROS2_Workspaces/bumperbot_ws/install/bumperbot_msgs:/home/unknown/ROS2_Workspaces/bumperbot_ws/install/bumperbot_localisation:/home/unknown/ROS2_Workspaces/bumperbot_ws/install/bumperbot_firmware:/home/unknown/ROS2_Workspaces/bumperbot_ws/install/bumperbot_controller:/home/unknown/bumperbot_ws/install/ign_ros2_control_demos:/home/unknown/bumperbot_ws/install/bumper_bot:/home/unknown/bumperbot_ws/install/ign_ros2_control:/home/unknown/bumperbot_ws/install/gz_ros2_control_tests:/home/unknown/bumperbot_ws/install/gz_ros2_control_demos:/home/unknown/bumperbot_ws/install/gz_ros2_control:/home/unknown/bumperbot_ws/install/cpp_folder:/home/unknown/bumperbot_ws/install/bumperbot_utils:/home/unknown/bumperbot_ws/install/bumperbot_msgs:/home/unknown/bumperbot_ws/install/bumperbot_localisation:/home/unknown/bumperbot_ws/install/bumperbot_firmware:/home/unknown/bumperbot_ws/install/bumperbot_controller:/home/unknown/ros2_ws/install/rc_plane:/home/unknown/ros2_ws/install/ign_ros2_control_demos:/home/unknown/ros2_ws/install/bumper_bot:/home/unknown/ros2_ws/install/ign_ros2_control:/home/unknown/ros2_ws/install/gz_ros2_control_tests:/home/unknown/ros2_ws/install/gz_ros2_control_demos:/home/unknown/ros2_ws/install/gz_ros2_control:/home/unknown/ros2_ws/install/cpp_folder:/home/unknown/ros2_ws/install/bumperbot_utils:/home/unknown/ros2_ws/install/bumperbot_msgs:/home/unknown/ros2_ws/install/bumperbot_localisation:/home/unknown/ros2_ws/install/bumperbot_firmware:/home/unknown/ros2_ws/install/bumperbot_controller:/home/unknown/ROS2_Workspaces/bumperbot_ws/install/my_robot_controller:/home/unknown/ROS2_Workspaces/bumperbot_ws/install/bumper_bot_py:/home/unknown/bumperbot_ws/install/my_robot_controller:/home/unknown/bumperbot_ws/install/bumper_bot_py:/home/unknown/ros2_ws/install/my_robot_controller:/home/unknown/ros2_ws/install/bumper_bot_py:/opt/ros/humble /usr/bin/cmake --build /home/unknown/ROS2_Workspaces/bumperbot_ws/build/ign_ros2_control_demos -- -j8 -l8
[1.592s] Invoking command in '/home/unknown/ROS2_Workspaces/bumperbot_ws/build/ign_ros2_control_demos': CMAKE_PREFIX_PATH=/home/unknown/ROS2_Workspaces/bumperbot_ws/install/gz_ros2_control_demos:/home/unknown/ROS2_Workspaces/bumperbot_ws/install/gz_ros2_control:/home/unknown/ROS2_Workspaces/bumperbot_ws/install/ign_ros2_control_demos:/home/unknown/ROS2_Workspaces/bumperbot_ws/install/bumper_bot:/home/unknown/ROS2_Workspaces/bumperbot_ws/install/ign_ros2_control:/home/unknown/ROS2_Workspaces/bumperbot_ws/install/gz_ros2_control_tests:/home/unknown/ROS2_Workspaces/bumperbot_ws/install/cpp_folder:/home/unknown/ROS2_Workspaces/bumperbot_ws/install/bumperbot_utils:/home/unknown/ROS2_Workspaces/bumperbot_ws/install/bumperbot_msgs:/home/unknown/ROS2_Workspaces/bumperbot_ws/install/bumperbot_localisation:/home/unknown/ROS2_Workspaces/bumperbot_ws/install/bumperbot_firmware:/home/unknown/ROS2_Workspaces/bumperbot_ws/install/bumperbot_controller:/home/unknown/bumperbot_ws/install/ign_ros2_control_demos:/home/unknown/bumperbot_ws/install/bumper_bot:/home/unknown/bumperbot_ws/install/ign_ros2_control:/home/unknown/bumperbot_ws/install/gz_ros2_control_tests:/home/unknown/bumperbot_ws/install/gz_ros2_control_demos:/home/unknown/bumperbot_ws/install/gz_ros2_control:/home/unknown/bumperbot_ws/install/cpp_folder:/home/unknown/bumperbot_ws/install/bumperbot_utils:/home/unknown/bumperbot_ws/install/bumperbot_msgs:/home/unknown/bumperbot_ws/install/bumperbot_localisation:/home/unknown/bumperbot_ws/install/bumperbot_firmware:/home/unknown/bumperbot_ws/install/bumperbot_controller:/home/unknown/ros2_ws/install/rc_plane:/home/unknown/ros2_ws/install/ign_ros2_control_demos:/home/unknown/ros2_ws/install/bumper_bot:/home/unknown/ros2_ws/install/ign_ros2_control:/home/unknown/ros2_ws/install/gz_ros2_control_tests:/home/unknown/ros2_ws/install/gz_ros2_control_demos:/home/unknown/ros2_ws/install/gz_ros2_control:/home/unknown/ros2_ws/install/cpp_folder:/home/unknown/ros2_ws/install/bumperbot_utils:/home/unknown/ros2_ws/install/bumperbot_msgs:/home/unknown/ros2_ws/install/bumperbot_localisation:/home/unknown/ros2_ws/install/bumperbot_firmware:/home/unknown/ros2_ws/install/bumperbot_controller:/home/unknown/ROS2_Workspaces/bumperbot_ws/install/my_robot_controller:/home/unknown/ROS2_Workspaces/bumperbot_ws/install/bumper_bot_py:/home/unknown/bumperbot_ws/install/my_robot_controller:/home/unknown/bumperbot_ws/install/bumper_bot_py:/home/unknown/ros2_ws/install/my_robot_controller:/home/unknown/ros2_ws/install/bumper_bot_py:/opt/ros/humble /usr/bin/cmake --install /home/unknown/ROS2_Workspaces/bumperbot_ws/build/ign_ros2_control_demos
[1.600s] -- Install configuration: ""
[1.601s] -- Installing: /home/unknown/ROS2_Workspaces/bumperbot_ws/install/ign_ros2_control_demos/share/ign_ros2_control_demos//launch
[1.601s] -- Installing: /home/unknown/ROS2_Workspaces/bumperbot_ws/install/ign_ros2_control_demos/share/ign_ros2_control_demos//launch/pendulum_example_position.launch.py
[1.601s] -- Installing: /home/unknown/ROS2_Workspaces/bumperbot_ws/install/ign_ros2_control_demos/share/ign_ros2_control_demos//launch/cart_example_position.launch.py
[1.601s] -- Installing: /home/unknown/ROS2_Workspaces/bumperbot_ws/install/ign_ros2_control_demos/share/ign_ros2_control_demos//launch/tricycle_drive_example.launch.py
[1.601s] -- Installing: /home/unknown/ROS2_Workspaces/bumperbot_ws/install/ign_ros2_control_demos/share/ign_ros2_control_demos//launch/cart_example_effort.launch.py
[1.601s] -- Installing: /home/unknown/ROS2_Workspaces/bumperbot_ws/install/ign_ros2_control_demos/share/ign_ros2_control_demos//launch/diff_drive_example_namespaced.launch.py
[1.602s] -- Installing: /home/unknown/ROS2_Workspaces/bumperbot_ws/install/ign_ros2_control_demos/share/ign_ros2_control_demos//launch/cart_example_velocity.launch.py
[1.602s] -- Installing: /home/unknown/ROS2_Workspaces/bumperbot_ws/install/ign_ros2_control_demos/share/ign_ros2_control_demos//launch/gripper_mimic_joint_example.launch.py
[1.602s] -- Installing: /home/unknown/ROS2_Workspaces/bumperbot_ws/install/ign_ros2_control_demos/share/ign_ros2_control_demos//launch/diff_drive_example.launch.py
[1.602s] -- Installing: /home/unknown/ROS2_Workspaces/bumperbot_ws/install/ign_ros2_control_demos/share/ign_ros2_control_demos//launch/pendulum_example_effort.launch.py
[1.602s] -- Installing: /home/unknown/ROS2_Workspaces/bumperbot_ws/install/ign_ros2_control_demos/share/ign_ros2_control_demos//launch/ackermann_drive_example.launch.py
[1.602s] -- Installing: /home/unknown/ROS2_Workspaces/bumperbot_ws/install/ign_ros2_control_demos/share/ign_ros2_control_demos//urdf
[1.603s] -- Installing: /home/unknown/ROS2_Workspaces/bumperbot_ws/install/ign_ros2_control_demos/share/ign_ros2_control_demos//urdf/test_cart_position.xacro.urdf
[1.603s] -- Installing: /home/unknown/ROS2_Workspaces/bumperbot_ws/install/ign_ros2_control_demos/lib/ign_ros2_control_demos/example_position
[1.603s] -- Set runtime path of "/home/unknown/ROS2_Workspaces/bumperbot_ws/install/ign_ros2_control_demos/lib/ign_ros2_control_demos/example_position" to ""
[1.603s] -- Installing: /home/unknown/ROS2_Workspaces/bumperbot_ws/install/ign_ros2_control_demos/lib/ign_ros2_control_demos/example_velocity
[1.604s] -- Set runtime path of "/home/unknown/ROS2_Workspaces/bumperbot_ws/install/ign_ros2_control_demos/lib/ign_ros2_control_demos/example_velocity" to ""
[1.604s] -- Installing: /home/unknown/ROS2_Workspaces/bumperbot_ws/install/ign_ros2_control_demos/lib/ign_ros2_control_demos/example_effort
[1.604s] -- Set runtime path of "/home/unknown/ROS2_Workspaces/bumperbot_ws/install/ign_ros2_control_demos/lib/ign_ros2_control_demos/example_effort" to ""
[1.604s] -- Installing: /home/unknown/ROS2_Workspaces/bumperbot_ws/install/ign_ros2_control_demos/lib/ign_ros2_control_demos/example_diff_drive
[1.604s] -- Set runtime path of "/home/unknown/ROS2_Workspaces/bumperbot_ws/install/ign_ros2_control_demos/lib/ign_ros2_control_demos/example_diff_drive" to ""
[1.604s] -- Installing: /home/unknown/ROS2_Workspaces/bumperbot_ws/install/ign_ros2_control_demos/lib/ign_ros2_control_demos/example_tricycle_drive
[1.605s] -- Set runtime path of "/home/unknown/ROS2_Workspaces/bumperbot_ws/install/ign_ros2_control_demos/lib/ign_ros2_control_demos/example_tricycle_drive" to ""
[1.605s] -- Installing: /home/unknown/ROS2_Workspaces/bumperbot_ws/install/ign_ros2_control_demos/lib/ign_ros2_control_demos/example_ackermann_drive
[1.605s] -- Set runtime path of "/home/unknown/ROS2_Workspaces/bumperbot_ws/install/ign_ros2_control_demos/lib/ign_ros2_control_demos/example_ackermann_drive" to ""
[1.605s] -- Installing: /home/unknown/ROS2_Workspaces/bumperbot_ws/install/ign_ros2_control_demos/lib/ign_ros2_control_demos/example_gripper
[1.606s] -- Set runtime path of "/home/unknown/ROS2_Workspaces/bumperbot_ws/install/ign_ros2_control_demos/lib/ign_ros2_control_demos/example_gripper" to ""
[1.606s] -- Installing: /home/unknown/ROS2_Workspaces/bumperbot_ws/install/ign_ros2_control_demos/share/ament_index/resource_index/package_run_dependencies/ign_ros2_control_demos
[1.606s] -- Installing: /home/unknown/ROS2_Workspaces/bumperbot_ws/install/ign_ros2_control_demos/share/ament_index/resource_index/parent_prefix_path/ign_ros2_control_demos
[1.606s] -- Installing: /home/unknown/ROS2_Workspaces/bumperbot_ws/install/ign_ros2_control_demos/share/ign_ros2_control_demos/environment/ament_prefix_path.sh
[1.606s] -- Installing: /home/unknown/ROS2_Workspaces/bumperbot_ws/install/ign_ros2_control_demos/share/ign_ros2_control_demos/environment/ament_prefix_path.dsv
[1.606s] -- Installing: /home/unknown/ROS2_Workspaces/bumperbot_ws/install/ign_ros2_control_demos/share/ign_ros2_control_demos/environment/path.sh
[1.607s] -- Installing: /home/unknown/ROS2_Workspaces/bumperbot_ws/install/ign_ros2_control_demos/share/ign_ros2_control_demos/environment/path.dsv
[1.607s] -- Installing: /home/unknown/ROS2_Workspaces/bumperbot_ws/install/ign_ros2_control_demos/share/ign_ros2_control_demos/local_setup.bash
[1.607s] -- Installing: /home/unknown/ROS2_Workspaces/bumperbot_ws/install/ign_ros2_control_demos/share/ign_ros2_control_demos/local_setup.sh
[1.607s] -- Installing: /home/unknown/ROS2_Workspaces/bumperbot_ws/install/ign_ros2_control_demos/share/ign_ros2_control_demos/local_setup.zsh
[1.607s] -- Installing: /home/unknown/ROS2_Workspaces/bumperbot_ws/install/ign_ros2_control_demos/share/ign_ros2_control_demos/local_setup.dsv
[1.607s] -- Installing: /home/unknown/ROS2_Workspaces/bumperbot_ws/install/ign_ros2_control_demos/share/ign_ros2_control_demos/package.dsv
[1.607s] -- Installing: /home/unknown/ROS2_Workspaces/bumperbot_ws/install/ign_ros2_control_demos/share/ament_index/resource_index/packages/ign_ros2_control_demos
[1.608s] -- Installing: /home/unknown/ROS2_Workspaces/bumperbot_ws/install/ign_ros2_control_demos/share/ign_ros2_control_demos/cmake/ign_ros2_control_demosConfig.cmake
[1.608s] -- Installing: /home/unknown/ROS2_Workspaces/bumperbot_ws/install/ign_ros2_control_demos/share/ign_ros2_control_demos/cmake/ign_ros2_control_demosConfig-version.cmake
[1.608s] -- Installing: /home/unknown/ROS2_Workspaces/bumperbot_ws/install/ign_ros2_control_demos/share/ign_ros2_control_demos/package.xml
[1.611s] Invoked command in '/home/unknown/ROS2_Workspaces/bumperbot_ws/build/ign_ros2_control_demos' returned '0': CMAKE_PREFIX_PATH=/home/unknown/ROS2_Workspaces/bumperbot_ws/install/gz_ros2_control_demos:/home/unknown/ROS2_Workspaces/bumperbot_ws/install/gz_ros2_control:/home/unknown/ROS2_Workspaces/bumperbot_ws/install/ign_ros2_control_demos:/home/unknown/ROS2_Workspaces/bumperbot_ws/install/bumper_bot:/home/unknown/ROS2_Workspaces/bumperbot_ws/install/ign_ros2_control:/home/unknown/ROS2_Workspaces/bumperbot_ws/install/gz_ros2_control_tests:/home/unknown/ROS2_Workspaces/bumperbot_ws/install/cpp_folder:/home/unknown/ROS2_Workspaces/bumperbot_ws/install/bumperbot_utils:/home/unknown/ROS2_Workspaces/bumperbot_ws/install/bumperbot_msgs:/home/unknown/ROS2_Workspaces/bumperbot_ws/install/bumperbot_localisation:/home/unknown/ROS2_Workspaces/bumperbot_ws/install/bumperbot_firmware:/home/unknown/ROS2_Workspaces/bumperbot_ws/install/bumperbot_controller:/home/unknown/bumperbot_ws/install/ign_ros2_control_demos:/home/unknown/bumperbot_ws/install/bumper_bot:/home/unknown/bumperbot_ws/install/ign_ros2_control:/home/unknown/bumperbot_ws/install/gz_ros2_control_tests:/home/unknown/bumperbot_ws/install/gz_ros2_control_demos:/home/unknown/bumperbot_ws/install/gz_ros2_control:/home/unknown/bumperbot_ws/install/cpp_folder:/home/unknown/bumperbot_ws/install/bumperbot_utils:/home/unknown/bumperbot_ws/install/bumperbot_msgs:/home/unknown/bumperbot_ws/install/bumperbot_localisation:/home/unknown/bumperbot_ws/install/bumperbot_firmware:/home/unknown/bumperbot_ws/install/bumperbot_controller:/home/unknown/ros2_ws/install/rc_plane:/home/unknown/ros2_ws/install/ign_ros2_control_demos:/home/unknown/ros2_ws/install/bumper_bot:/home/unknown/ros2_ws/install/ign_ros2_control:/home/unknown/ros2_ws/install/gz_ros2_control_tests:/home/unknown/ros2_ws/install/gz_ros2_control_demos:/home/unknown/ros2_ws/install/gz_ros2_control:/home/unknown/ros2_ws/install/cpp_folder:/home/unknown/ros2_ws/install/bumperbot_utils:/home/unknown/ros2_ws/install/bumperbot_msgs:/home/unknown/ros2_ws/install/bumperbot_localisation:/home/unknown/ros2_ws/install/bumperbot_firmware:/home/unknown/ros2_ws/install/bumperbot_controller:/home/unknown/ROS2_Workspaces/bumperbot_ws/install/my_robot_controller:/home/unknown/ROS2_Workspaces/bumperbot_ws/install/bumper_bot_py:/home/unknown/bumperbot_ws/install/my_robot_controller:/home/unknown/bumperbot_ws/install/bumper_bot_py:/home/unknown/ros2_ws/install/my_robot_controller:/home/unknown/ros2_ws/install/bumper_bot_py:/opt/ros/humble /usr/bin/cmake --install /home/unknown/ROS2_Workspaces/bumperbot_ws/build/ign_ros2_control_demos
