/home/unknown/ROS2_Workspaces/bumperbot_ws/install/my_robot_controller/lib/python3.10/site-packages/my_robot_controller/draw_circle.py
/home/unknown/ROS2_Workspaces/bumperbot_ws/install/my_robot_controller/lib/python3.10/site-packages/my_robot_controller/__init__.py
/home/unknown/ROS2_Workspaces/bumperbot_ws/install/my_robot_controller/lib/python3.10/site-packages/my_robot_controller/turtle_control.py
/home/unknown/ROS2_Workspaces/bumperbot_ws/install/my_robot_controller/lib/python3.10/site-packages/my_robot_controller/auto_bot.py
/home/unknown/ROS2_Workspaces/bumperbot_ws/install/my_robot_controller/lib/python3.10/site-packages/my_robot_controller/my_first_node.py
/home/unknown/ROS2_Workspaces/bumperbot_ws/install/my_robot_controller/lib/python3.10/site-packages/my_robot_controller/pose_sub.py
/home/unknown/ROS2_Workspaces/bumperbot_ws/install/my_robot_controller/lib/python3.10/site-packages/my_robot_controller/__pycache__/draw_circle.cpython-310.pyc
/home/unknown/ROS2_Workspaces/bumperbot_ws/install/my_robot_controller/lib/python3.10/site-packages/my_robot_controller/__pycache__/__init__.cpython-310.pyc
/home/unknown/ROS2_Workspaces/bumperbot_ws/install/my_robot_controller/lib/python3.10/site-packages/my_robot_controller/__pycache__/turtle_control.cpython-310.pyc
/home/unknown/ROS2_Workspaces/bumperbot_ws/install/my_robot_controller/lib/python3.10/site-packages/my_robot_controller/__pycache__/auto_bot.cpython-310.pyc
/home/unknown/ROS2_Workspaces/bumperbot_ws/install/my_robot_controller/lib/python3.10/site-packages/my_robot_controller/__pycache__/my_first_node.cpython-310.pyc
/home/unknown/ROS2_Workspaces/bumperbot_ws/install/my_robot_controller/lib/python3.10/site-packages/my_robot_controller/__pycache__/pose_sub.cpython-310.pyc
/home/unknown/ROS2_Workspaces/bumperbot_ws/install/my_robot_controller/share/ament_index/resource_index/packages/my_robot_controller
/home/unknown/ROS2_Workspaces/bumperbot_ws/install/my_robot_controller/share/my_robot_controller/package.xml
/home/unknown/ROS2_Workspaces/bumperbot_ws/install/my_robot_controller/share/my_robot_controller/launch/first_launch.py
/home/unknown/ROS2_Workspaces/bumperbot_ws/install/my_robot_controller/share/my_robot_controller/launch/turtle_with_controll.py
/home/unknown/ROS2_Workspaces/bumperbot_ws/install/my_robot_controller/lib/python3.10/site-packages/my_robot_controller-0.0.0-py3.10.egg-info/PKG-INFO
/home/unknown/ROS2_Workspaces/bumperbot_ws/install/my_robot_controller/lib/python3.10/site-packages/my_robot_controller-0.0.0-py3.10.egg-info/dependency_links.txt
/home/unknown/ROS2_Workspaces/bumperbot_ws/install/my_robot_controller/lib/python3.10/site-packages/my_robot_controller-0.0.0-py3.10.egg-info/top_level.txt
/home/unknown/ROS2_Workspaces/bumperbot_ws/install/my_robot_controller/lib/python3.10/site-packages/my_robot_controller-0.0.0-py3.10.egg-info/SOURCES.txt
/home/unknown/ROS2_Workspaces/bumperbot_ws/install/my_robot_controller/lib/python3.10/site-packages/my_robot_controller-0.0.0-py3.10.egg-info/zip-safe
/home/unknown/ROS2_Workspaces/bumperbot_ws/install/my_robot_controller/lib/python3.10/site-packages/my_robot_controller-0.0.0-py3.10.egg-info/requires.txt
/home/unknown/ROS2_Workspaces/bumperbot_ws/install/my_robot_controller/lib/python3.10/site-packages/my_robot_controller-0.0.0-py3.10.egg-info/entry_points.txt
/home/unknown/ROS2_Workspaces/bumperbot_ws/install/my_robot_controller/lib/my_robot_controller/auto_bot
/home/unknown/ROS2_Workspaces/bumperbot_ws/install/my_robot_controller/lib/my_robot_controller/draw_circle
/home/unknown/ROS2_Workspaces/bumperbot_ws/install/my_robot_controller/lib/my_robot_controller/test_node
/home/unknown/ROS2_Workspaces/bumperbot_ws/install/my_robot_controller/lib/my_robot_controller/the_poser
/home/unknown/ROS2_Workspaces/bumperbot_ws/install/my_robot_controller/lib/my_robot_controller/wasd_controller
