[35m[1mConsolidate compiler generated dependencies of target example_position[0m
[35m[1mConsolidate compiler generated dependencies of target example_velocity[0m
[35m[1mConsolidate compiler generated dependencies of target example_effort[0m
[35m[1mConsolidate compiler generated dependencies of target example_tricycle_drive[0m
[35m[1mConsolidate compiler generated dependencies of target example_gripper[0m
[35m[1mConsolidate compiler generated dependencies of target example_diff_drive[0m
[ 14%] Built target example_position
[35m[1mConsolidate compiler generated dependencies of target example_ackermann_drive[0m
[ 28%] Built target example_effort
[ 42%] Built target example_velocity
[ 64%] Built target example_diff_drive
[ 71%] Built target example_gripper
[ 85%] Built target example_tricycle_drive
[100%] Built target example_ackermann_drive
-- Install configuration: ""
-- Up-to-date: /home/unknown/ROS2_Workspaces/bumperbot_ws/install/ign_ros2_control_demos/share/ign_ros2_control_demos//launch
-- Up-to-date: /home/unknown/ROS2_Workspaces/bumperbot_ws/install/ign_ros2_control_demos/share/ign_ros2_control_demos//launch/pendulum_example_position.launch.py
-- Up-to-date: /home/unknown/ROS2_Workspaces/bumperbot_ws/install/ign_ros2_control_demos/share/ign_ros2_control_demos//launch/cart_example_position.launch.py
-- Up-to-date: /home/unknown/ROS2_Workspaces/bumperbot_ws/install/ign_ros2_control_demos/share/ign_ros2_control_demos//launch/tricycle_drive_example.launch.py
-- Up-to-date: /home/unknown/ROS2_Workspaces/bumperbot_ws/install/ign_ros2_control_demos/share/ign_ros2_control_demos//launch/cart_example_effort.launch.py
-- Up-to-date: /home/unknown/ROS2_Workspaces/bumperbot_ws/install/ign_ros2_control_demos/share/ign_ros2_control_demos//launch/diff_drive_example_namespaced.launch.py
-- Up-to-date: /home/unknown/ROS2_Workspaces/bumperbot_ws/install/ign_ros2_control_demos/share/ign_ros2_control_demos//launch/cart_example_velocity.launch.py
-- Up-to-date: /home/unknown/ROS2_Workspaces/bumperbot_ws/install/ign_ros2_control_demos/share/ign_ros2_control_demos//launch/gripper_mimic_joint_example.launch.py
-- Up-to-date: /home/unknown/ROS2_Workspaces/bumperbot_ws/install/ign_ros2_control_demos/share/ign_ros2_control_demos//launch/diff_drive_example.launch.py
-- Up-to-date: /home/unknown/ROS2_Workspaces/bumperbot_ws/install/ign_ros2_control_demos/share/ign_ros2_control_demos//launch/pendulum_example_effort.launch.py
-- Up-to-date: /home/unknown/ROS2_Workspaces/bumperbot_ws/install/ign_ros2_control_demos/share/ign_ros2_control_demos//launch/ackermann_drive_example.launch.py
-- Up-to-date: /home/unknown/ROS2_Workspaces/bumperbot_ws/install/ign_ros2_control_demos/share/ign_ros2_control_demos//urdf
-- Up-to-date: /home/unknown/ROS2_Workspaces/bumperbot_ws/install/ign_ros2_control_demos/share/ign_ros2_control_demos//urdf/test_cart_position.xacro.urdf
-- Up-to-date: /home/unknown/ROS2_Workspaces/bumperbot_ws/install/ign_ros2_control_demos/lib/ign_ros2_control_demos/example_position
-- Up-to-date: /home/unknown/ROS2_Workspaces/bumperbot_ws/install/ign_ros2_control_demos/lib/ign_ros2_control_demos/example_velocity
-- Up-to-date: /home/unknown/ROS2_Workspaces/bumperbot_ws/install/ign_ros2_control_demos/lib/ign_ros2_control_demos/example_effort
-- Up-to-date: /home/unknown/ROS2_Workspaces/bumperbot_ws/install/ign_ros2_control_demos/lib/ign_ros2_control_demos/example_diff_drive
-- Up-to-date: /home/unknown/ROS2_Workspaces/bumperbot_ws/install/ign_ros2_control_demos/lib/ign_ros2_control_demos/example_tricycle_drive
-- Up-to-date: /home/unknown/ROS2_Workspaces/bumperbot_ws/install/ign_ros2_control_demos/lib/ign_ros2_control_demos/example_ackermann_drive
-- Up-to-date: /home/unknown/ROS2_Workspaces/bumperbot_ws/install/ign_ros2_control_demos/lib/ign_ros2_control_demos/example_gripper
-- Up-to-date: /home/unknown/ROS2_Workspaces/bumperbot_ws/install/ign_ros2_control_demos/share/ament_index/resource_index/package_run_dependencies/ign_ros2_control_demos
-- Up-to-date: /home/unknown/ROS2_Workspaces/bumperbot_ws/install/ign_ros2_control_demos/share/ament_index/resource_index/parent_prefix_path/ign_ros2_control_demos
-- Up-to-date: /home/unknown/ROS2_Workspaces/bumperbot_ws/install/ign_ros2_control_demos/share/ign_ros2_control_demos/environment/ament_prefix_path.sh
-- Up-to-date: /home/unknown/ROS2_Workspaces/bumperbot_ws/install/ign_ros2_control_demos/share/ign_ros2_control_demos/environment/ament_prefix_path.dsv
-- Up-to-date: /home/unknown/ROS2_Workspaces/bumperbot_ws/install/ign_ros2_control_demos/share/ign_ros2_control_demos/environment/path.sh
-- Up-to-date: /home/unknown/ROS2_Workspaces/bumperbot_ws/install/ign_ros2_control_demos/share/ign_ros2_control_demos/environment/path.dsv
-- Up-to-date: /home/unknown/ROS2_Workspaces/bumperbot_ws/install/ign_ros2_control_demos/share/ign_ros2_control_demos/local_setup.bash
-- Up-to-date: /home/unknown/ROS2_Workspaces/bumperbot_ws/install/ign_ros2_control_demos/share/ign_ros2_control_demos/local_setup.sh
-- Up-to-date: /home/unknown/ROS2_Workspaces/bumperbot_ws/install/ign_ros2_control_demos/share/ign_ros2_control_demos/local_setup.zsh
-- Up-to-date: /home/unknown/ROS2_Workspaces/bumperbot_ws/install/ign_ros2_control_demos/share/ign_ros2_control_demos/local_setup.dsv
-- Up-to-date: /home/unknown/ROS2_Workspaces/bumperbot_ws/install/ign_ros2_control_demos/share/ign_ros2_control_demos/package.dsv
-- Up-to-date: /home/unknown/ROS2_Workspaces/bumperbot_ws/install/ign_ros2_control_demos/share/ament_index/resource_index/packages/ign_ros2_control_demos
-- Up-to-date: /home/unknown/ROS2_Workspaces/bumperbot_ws/install/ign_ros2_control_demos/share/ign_ros2_control_demos/cmake/ign_ros2_control_demosConfig.cmake
-- Up-to-date: /home/unknown/ROS2_Workspaces/bumperbot_ws/install/ign_ros2_control_demos/share/ign_ros2_control_demos/cmake/ign_ros2_control_demosConfig-version.cmake
-- Up-to-date: /home/unknown/ROS2_Workspaces/bumperbot_ws/install/ign_ros2_control_demos/share/ign_ros2_control_demos/package.xml
