[0.017s] Invoking command in '/home/unknown/ROS2_Workspaces/bumperbot_ws/build/ign_ros2_control_demos': CMAKE_PREFIX_PATH=/home/unknown/ROS2_Workspaces/bumperbot_ws/install/gz_ros2_control_demos:/home/unknown/ROS2_Workspaces/bumperbot_ws/install/gz_ros2_control:/home/unknown/ROS2_Workspaces/bumperbot_ws/install/ign_ros2_control_demos:/home/unknown/ROS2_Workspaces/bumperbot_ws/install/bumper_bot:/home/unknown/ROS2_Workspaces/bumperbot_ws/install/ign_ros2_control:/home/unknown/ROS2_Workspaces/bumperbot_ws/install/gz_ros2_control_tests:/home/unknown/ROS2_Workspaces/bumperbot_ws/install/cpp_folder:/home/unknown/ROS2_Workspaces/bumperbot_ws/install/bumperbot_utils:/home/unknown/ROS2_Workspaces/bumperbot_ws/install/bumperbot_msgs:/home/unknown/ROS2_Workspaces/bumperbot_ws/install/bumperbot_localisation:/home/unknown/ROS2_Workspaces/bumperbot_ws/install/bumperbot_firmware:/home/unknown/ROS2_Workspaces/bumperbot_ws/install/bumperbot_controller:/home/unknown/ROS2_Workspaces/bumperbot_ws/install/my_robot_controller:/home/unknown/ROS2_Workspaces/bumperbot_ws/install/bumper_bot_py:/opt/ros/humble /usr/bin/cmake --build /home/unknown/ROS2_Workspaces/bumperbot_ws/build/ign_ros2_control_demos -- -j8 -l8
[0.062s] [35m[1mConsolidate compiler generated dependencies of target example_position[0m
[0.066s] [35m[1mConsolidate compiler generated dependencies of target example_velocity[0m
[0.073s] [35m[1mConsolidate compiler generated dependencies of target example_effort[0m
[0.076s] [35m[1mConsolidate compiler generated dependencies of target example_tricycle_drive[0m
[0.081s] [35m[1mConsolidate compiler generated dependencies of target example_gripper[0m
[0.081s] [35m[1mConsolidate compiler generated dependencies of target example_diff_drive[0m
[0.081s] [ 14%] Built target example_position
[0.085s] [35m[1mConsolidate compiler generated dependencies of target example_ackermann_drive[0m
[0.131s] [ 28%] Built target example_effort
[0.131s] [ 42%] Built target example_velocity
[0.143s] [ 64%] Built target example_diff_drive
[0.143s] [ 71%] Built target example_gripper
[0.155s] [ 85%] Built target example_tricycle_drive
[0.155s] [100%] Built target example_ackermann_drive
[0.177s] Invoked command in '/home/unknown/ROS2_Workspaces/bumperbot_ws/build/ign_ros2_control_demos' returned '0': CMAKE_PREFIX_PATH=/home/unknown/ROS2_Workspaces/bumperbot_ws/install/gz_ros2_control_demos:/home/unknown/ROS2_Workspaces/bumperbot_ws/install/gz_ros2_control:/home/unknown/ROS2_Workspaces/bumperbot_ws/install/ign_ros2_control_demos:/home/unknown/ROS2_Workspaces/bumperbot_ws/install/bumper_bot:/home/unknown/ROS2_Workspaces/bumperbot_ws/install/ign_ros2_control:/home/unknown/ROS2_Workspaces/bumperbot_ws/install/gz_ros2_control_tests:/home/unknown/ROS2_Workspaces/bumperbot_ws/install/cpp_folder:/home/unknown/ROS2_Workspaces/bumperbot_ws/install/bumperbot_utils:/home/unknown/ROS2_Workspaces/bumperbot_ws/install/bumperbot_msgs:/home/unknown/ROS2_Workspaces/bumperbot_ws/install/bumperbot_localisation:/home/unknown/ROS2_Workspaces/bumperbot_ws/install/bumperbot_firmware:/home/unknown/ROS2_Workspaces/bumperbot_ws/install/bumperbot_controller:/home/unknown/ROS2_Workspaces/bumperbot_ws/install/my_robot_controller:/home/unknown/ROS2_Workspaces/bumperbot_ws/install/bumper_bot_py:/opt/ros/humble /usr/bin/cmake --build /home/unknown/ROS2_Workspaces/bumperbot_ws/build/ign_ros2_control_demos -- -j8 -l8
[0.178s] Invoking command in '/home/unknown/ROS2_Workspaces/bumperbot_ws/build/ign_ros2_control_demos': CMAKE_PREFIX_PATH=/home/unknown/ROS2_Workspaces/bumperbot_ws/install/gz_ros2_control_demos:/home/unknown/ROS2_Workspaces/bumperbot_ws/install/gz_ros2_control:/home/unknown/ROS2_Workspaces/bumperbot_ws/install/ign_ros2_control_demos:/home/unknown/ROS2_Workspaces/bumperbot_ws/install/bumper_bot:/home/unknown/ROS2_Workspaces/bumperbot_ws/install/ign_ros2_control:/home/unknown/ROS2_Workspaces/bumperbot_ws/install/gz_ros2_control_tests:/home/unknown/ROS2_Workspaces/bumperbot_ws/install/cpp_folder:/home/unknown/ROS2_Workspaces/bumperbot_ws/install/bumperbot_utils:/home/unknown/ROS2_Workspaces/bumperbot_ws/install/bumperbot_msgs:/home/unknown/ROS2_Workspaces/bumperbot_ws/install/bumperbot_localisation:/home/unknown/ROS2_Workspaces/bumperbot_ws/install/bumperbot_firmware:/home/unknown/ROS2_Workspaces/bumperbot_ws/install/bumperbot_controller:/home/unknown/ROS2_Workspaces/bumperbot_ws/install/my_robot_controller:/home/unknown/ROS2_Workspaces/bumperbot_ws/install/bumper_bot_py:/opt/ros/humble /usr/bin/cmake --install /home/unknown/ROS2_Workspaces/bumperbot_ws/build/ign_ros2_control_demos
[0.185s] -- Install configuration: ""
[0.185s] -- Up-to-date: /home/unknown/ROS2_Workspaces/bumperbot_ws/install/ign_ros2_control_demos/share/ign_ros2_control_demos//launch
[0.185s] -- Up-to-date: /home/unknown/ROS2_Workspaces/bumperbot_ws/install/ign_ros2_control_demos/share/ign_ros2_control_demos//launch/pendulum_example_position.launch.py
[0.185s] -- Up-to-date: /home/unknown/ROS2_Workspaces/bumperbot_ws/install/ign_ros2_control_demos/share/ign_ros2_control_demos//launch/cart_example_position.launch.py
[0.185s] -- Up-to-date: /home/unknown/ROS2_Workspaces/bumperbot_ws/install/ign_ros2_control_demos/share/ign_ros2_control_demos//launch/tricycle_drive_example.launch.py
[0.185s] -- Up-to-date: /home/unknown/ROS2_Workspaces/bumperbot_ws/install/ign_ros2_control_demos/share/ign_ros2_control_demos//launch/cart_example_effort.launch.py
[0.185s] -- Up-to-date: /home/unknown/ROS2_Workspaces/bumperbot_ws/install/ign_ros2_control_demos/share/ign_ros2_control_demos//launch/diff_drive_example_namespaced.launch.py
[0.185s] -- Up-to-date: /home/unknown/ROS2_Workspaces/bumperbot_ws/install/ign_ros2_control_demos/share/ign_ros2_control_demos//launch/cart_example_velocity.launch.py
[0.185s] -- Up-to-date: /home/unknown/ROS2_Workspaces/bumperbot_ws/install/ign_ros2_control_demos/share/ign_ros2_control_demos//launch/gripper_mimic_joint_example.launch.py
[0.185s] -- Up-to-date: /home/unknown/ROS2_Workspaces/bumperbot_ws/install/ign_ros2_control_demos/share/ign_ros2_control_demos//launch/diff_drive_example.launch.py
[0.185s] -- Up-to-date: /home/unknown/ROS2_Workspaces/bumperbot_ws/install/ign_ros2_control_demos/share/ign_ros2_control_demos//launch/pendulum_example_effort.launch.py
[0.186s] -- Up-to-date: /home/unknown/ROS2_Workspaces/bumperbot_ws/install/ign_ros2_control_demos/share/ign_ros2_control_demos//launch/ackermann_drive_example.launch.py
[0.186s] -- Up-to-date: /home/unknown/ROS2_Workspaces/bumperbot_ws/install/ign_ros2_control_demos/share/ign_ros2_control_demos//urdf
[0.186s] -- Up-to-date: /home/unknown/ROS2_Workspaces/bumperbot_ws/install/ign_ros2_control_demos/share/ign_ros2_control_demos//urdf/test_cart_position.xacro.urdf
[0.186s] -- Up-to-date: /home/unknown/ROS2_Workspaces/bumperbot_ws/install/ign_ros2_control_demos/lib/ign_ros2_control_demos/example_position
[0.186s] -- Up-to-date: /home/unknown/ROS2_Workspaces/bumperbot_ws/install/ign_ros2_control_demos/lib/ign_ros2_control_demos/example_velocity
[0.186s] -- Up-to-date: /home/unknown/ROS2_Workspaces/bumperbot_ws/install/ign_ros2_control_demos/lib/ign_ros2_control_demos/example_effort
[0.187s] -- Up-to-date: /home/unknown/ROS2_Workspaces/bumperbot_ws/install/ign_ros2_control_demos/lib/ign_ros2_control_demos/example_diff_drive
[0.187s] -- Up-to-date: /home/unknown/ROS2_Workspaces/bumperbot_ws/install/ign_ros2_control_demos/lib/ign_ros2_control_demos/example_tricycle_drive
[0.187s] -- Up-to-date: /home/unknown/ROS2_Workspaces/bumperbot_ws/install/ign_ros2_control_demos/lib/ign_ros2_control_demos/example_ackermann_drive
[0.188s] -- Up-to-date: /home/unknown/ROS2_Workspaces/bumperbot_ws/install/ign_ros2_control_demos/lib/ign_ros2_control_demos/example_gripper
[0.188s] -- Up-to-date: /home/unknown/ROS2_Workspaces/bumperbot_ws/install/ign_ros2_control_demos/share/ament_index/resource_index/package_run_dependencies/ign_ros2_control_demos
[0.188s] -- Up-to-date: /home/unknown/ROS2_Workspaces/bumperbot_ws/install/ign_ros2_control_demos/share/ament_index/resource_index/parent_prefix_path/ign_ros2_control_demos
[0.188s] -- Up-to-date: /home/unknown/ROS2_Workspaces/bumperbot_ws/install/ign_ros2_control_demos/share/ign_ros2_control_demos/environment/ament_prefix_path.sh
[0.189s] -- Up-to-date: /home/unknown/ROS2_Workspaces/bumperbot_ws/install/ign_ros2_control_demos/share/ign_ros2_control_demos/environment/ament_prefix_path.dsv
[0.189s] -- Up-to-date: /home/unknown/ROS2_Workspaces/bumperbot_ws/install/ign_ros2_control_demos/share/ign_ros2_control_demos/environment/path.sh
[0.189s] -- Up-to-date: /home/unknown/ROS2_Workspaces/bumperbot_ws/install/ign_ros2_control_demos/share/ign_ros2_control_demos/environment/path.dsv
[0.189s] -- Up-to-date: /home/unknown/ROS2_Workspaces/bumperbot_ws/install/ign_ros2_control_demos/share/ign_ros2_control_demos/local_setup.bash
[0.189s] -- Up-to-date: /home/unknown/ROS2_Workspaces/bumperbot_ws/install/ign_ros2_control_demos/share/ign_ros2_control_demos/local_setup.sh
[0.189s] -- Up-to-date: /home/unknown/ROS2_Workspaces/bumperbot_ws/install/ign_ros2_control_demos/share/ign_ros2_control_demos/local_setup.zsh
[0.189s] -- Up-to-date: /home/unknown/ROS2_Workspaces/bumperbot_ws/install/ign_ros2_control_demos/share/ign_ros2_control_demos/local_setup.dsv
[0.189s] -- Up-to-date: /home/unknown/ROS2_Workspaces/bumperbot_ws/install/ign_ros2_control_demos/share/ign_ros2_control_demos/package.dsv
[0.189s] -- Up-to-date: /home/unknown/ROS2_Workspaces/bumperbot_ws/install/ign_ros2_control_demos/share/ament_index/resource_index/packages/ign_ros2_control_demos
[0.189s] -- Up-to-date: /home/unknown/ROS2_Workspaces/bumperbot_ws/install/ign_ros2_control_demos/share/ign_ros2_control_demos/cmake/ign_ros2_control_demosConfig.cmake
[0.189s] -- Up-to-date: /home/unknown/ROS2_Workspaces/bumperbot_ws/install/ign_ros2_control_demos/share/ign_ros2_control_demos/cmake/ign_ros2_control_demosConfig-version.cmake
[0.189s] -- Up-to-date: /home/unknown/ROS2_Workspaces/bumperbot_ws/install/ign_ros2_control_demos/share/ign_ros2_control_demos/package.xml
[0.202s] Invoked command in '/home/unknown/ROS2_Workspaces/bumperbot_ws/build/ign_ros2_control_demos' returned '0': CMAKE_PREFIX_PATH=/home/unknown/ROS2_Workspaces/bumperbot_ws/install/gz_ros2_control_demos:/home/unknown/ROS2_Workspaces/bumperbot_ws/install/gz_ros2_control:/home/unknown/ROS2_Workspaces/bumperbot_ws/install/ign_ros2_control_demos:/home/unknown/ROS2_Workspaces/bumperbot_ws/install/bumper_bot:/home/unknown/ROS2_Workspaces/bumperbot_ws/install/ign_ros2_control:/home/unknown/ROS2_Workspaces/bumperbot_ws/install/gz_ros2_control_tests:/home/unknown/ROS2_Workspaces/bumperbot_ws/install/cpp_folder:/home/unknown/ROS2_Workspaces/bumperbot_ws/install/bumperbot_utils:/home/unknown/ROS2_Workspaces/bumperbot_ws/install/bumperbot_msgs:/home/unknown/ROS2_Workspaces/bumperbot_ws/install/bumperbot_localisation:/home/unknown/ROS2_Workspaces/bumperbot_ws/install/bumperbot_firmware:/home/unknown/ROS2_Workspaces/bumperbot_ws/install/bumperbot_controller:/home/unknown/ROS2_Workspaces/bumperbot_ws/install/my_robot_controller:/home/unknown/ROS2_Workspaces/bumperbot_ws/install/bumper_bot_py:/opt/ros/humble /usr/bin/cmake --install /home/unknown/ROS2_Workspaces/bumperbot_ws/build/ign_ros2_control_demos
