-- The C compiler identification is GNU 11.4.0
-- The CXX compiler identification is GNU 11.4.0
-- Detecting C compiler ABI info
-- Detecting C compiler ABI info - done
-- Check for working C compiler: /usr/bin/cc - skipped
-- Detecting C compile features
-- Detecting C compile features - done
-- Detecting CXX compiler ABI info
-- Detecting CXX compiler ABI info - done
-- Check for working CXX compiler: /usr/bin/c++ - skipped
-- Detecting CXX compile features
-- Detecting CXX compile features - done
-- Found ament_cmake: 1.3.13 (/opt/ros/humble/share/ament_cmake/cmake)
-- Found Python3: /usr/bin/python3 (found version "3.10.12") found components: Interpreter 
-- Found rclcpp: 16.0.18 (/opt/ros/humble/share/rclcpp/cmake)
-- Found rosidl_generator_c: 3.1.8 (/opt/ros/humble/share/rosidl_generator_c/cmake)
-- Found rosidl_adapter: 3.1.8 (/opt/ros/humble/share/rosidl_adapter/cmake)
-- Found rosidl_generator_cpp: 3.1.8 (/opt/ros/humble/share/rosidl_generator_cpp/cmake)
-- Using all available rosidl_typesupport_c: rosidl_typesupport_fastrtps_c;rosidl_typesupport_introspection_c
-- Using all available rosidl_typesupport_cpp: rosidl_typesupport_fastrtps_cpp;rosidl_typesupport_introspection_cpp
-- Found rmw_implementation_cmake: 6.1.2 (/opt/ros/humble/share/rmw_implementation_cmake/cmake)
-- Found rmw_fastrtps_cpp: 6.2.10 (/opt/ros/humble/share/rmw_fastrtps_cpp/cmake)
-- Found OpenSSL: /usr/lib/x86_64-linux-gnu/libcrypto.so (found version "3.0.2")  
-- Found FastRTPS: /opt/ros/humble/include  
-- Using RMW implementation 'rmw_fastrtps_cpp' as default
-- Looking for pthread.h
-- Looking for pthread.h - found
-- Performing Test CMAKE_HAVE_LIBC_PTHREAD
-- Performing Test CMAKE_HAVE_LIBC_PTHREAD - Success
-- Found Threads: TRUE  
-- Found geometry_msgs: 4.9.1 (/opt/ros/humble/share/geometry_msgs/cmake)
-- Found turtlesim: 1.4.3 (/opt/ros/humble/share/turtlesim/cmake)
-- Found tf2_ros: 0.25.19 (/opt/ros/humble/share/tf2_ros/cmake)
-- Found bumperbot_msgs: 0.0.0 (/home/unknown/ROS2_Workspaces/bumperbot_ws/install/bumperbot_msgs/share/bumperbot_msgs/cmake)
-- Found ament_lint_auto: 0.12.15 (/opt/ros/humble/share/ament_lint_auto/cmake)
-- Added test 'cppcheck' to perform static code analysis on C / C++ code
-- Configured cppcheck include dirs: /home/unknown/ROS2_Workspaces/bumperbot_ws/src/cpp_folder/include
-- Configured cppcheck exclude dirs and/or files: 
-- Added test 'lint_cmake' to check CMake code style
-- Added test 'uncrustify' to check C / C++ code style
-- Configured uncrustify additional arguments: 
-- Added test 'xmllint' to check XML markup files
-- Configuring done
-- Generating done
-- Build files have been written to: /home/unknown/ROS2_Workspaces/bumperbot_ws/build/cpp_folder
[  5%] [32mBuilding CXX object CMakeFiles/simple_parameter.dir/src/simple_parameter.cpp.o[0m
[ 11%] [32mBuilding CXX object CMakeFiles/turtle_cpp_publisher.dir/src/publisher.cpp.o[0m
[ 16%] [32mBuilding CXX object CMakeFiles/simple_tf_kinematics.dir/src/simple_tf_kinematics.cpp.o[0m
[ 22%] [32mBuilding CXX object CMakeFiles/dynamic_tf_kinematics.dir/src/dynamic_tf_kinematics.cpp.o[0m
[ 27%] [32mBuilding CXX object CMakeFiles/turtlesim_kinematics.dir/src/turtlesim_kinematics.cpp.o[0m
[ 33%] [32mBuilding CXX object CMakeFiles/simple_service_server.dir/src/simple_service_server.cpp.o[0m
[ 38%] [32mBuilding CXX object CMakeFiles/simple_service_client.dir/src/simple_service_client.cpp.o[0m
[ 44%] [32mBuilding CXX object CMakeFiles/simple_tf_service.dir/src/simple_tf_service.cpp.o[0m
[ 50%] [32m[1mLinking CXX executable simple_service_server[0m
[ 50%] Built target simple_service_server
[ 55%] [32mBuilding CXX object CMakeFiles/euler_to_quaternion.dir/src/euler_to_quaternion.cpp.o[0m
[ 61%] [32m[1mLinking CXX executable simple_parameter[0m
[ 61%] Built target simple_parameter
[ 66%] [32m[1mLinking CXX executable simple_service_client[0m
[ 66%] Built target simple_service_client
[ 72%] [32m[1mLinking CXX executable simple_tf_kinematics[0m
[ 72%] Built target simple_tf_kinematics
[ 77%] [32m[1mLinking CXX executable turtle_cpp_publisher[0m
[ 83%] [32m[1mLinking CXX executable dynamic_tf_kinematics[0m
[ 83%] Built target turtle_cpp_publisher
[ 83%] Built target dynamic_tf_kinematics
[ 88%] [32m[1mLinking CXX executable simple_tf_service[0m
[ 88%] Built target simple_tf_service
[ 94%] [32m[1mLinking CXX executable turtlesim_kinematics[0m
[ 94%] Built target turtlesim_kinematics
[100%] [32m[1mLinking CXX executable euler_to_quaternion[0m
[100%] Built target euler_to_quaternion
-- Install configuration: ""
-- Installing: /home/unknown/ROS2_Workspaces/bumperbot_ws/install/cpp_folder/include/include
-- Installing: /home/unknown/ROS2_Workspaces/bumperbot_ws/install/cpp_folder/include/include/cpp_folder
-- Installing: /home/unknown/ROS2_Workspaces/bumperbot_ws/install/cpp_folder/include/include/cpp_folder/euler_to_quaternion.hpp
-- Installing: /home/unknown/ROS2_Workspaces/bumperbot_ws/install/cpp_folder/include/include/cpp_folder/dynamic_tf_kinematics.hpp
-- Installing: /home/unknown/ROS2_Workspaces/bumperbot_ws/install/cpp_folder/include/include/cpp_folder/simple_tf_kinematics.hpp
-- Installing: /home/unknown/ROS2_Workspaces/bumperbot_ws/install/cpp_folder/include/include/cpp_folder/simple_tf_service.hpp
-- Installing: /home/unknown/ROS2_Workspaces/bumperbot_ws/install/cpp_folder/include/include/cpp_folder/turtlesim_kinematics.hpp
-- Installing: /home/unknown/ROS2_Workspaces/bumperbot_ws/install/cpp_folder/lib/cpp_folder/turtle_cpp_publisher
-- Set runtime path of "/home/unknown/ROS2_Workspaces/bumperbot_ws/install/cpp_folder/lib/cpp_folder/turtle_cpp_publisher" to ""
-- Installing: /home/unknown/ROS2_Workspaces/bumperbot_ws/install/cpp_folder/lib/cpp_folder/simple_parameter
-- Set runtime path of "/home/unknown/ROS2_Workspaces/bumperbot_ws/install/cpp_folder/lib/cpp_folder/simple_parameter" to ""
-- Installing: /home/unknown/ROS2_Workspaces/bumperbot_ws/install/cpp_folder/lib/cpp_folder/turtlesim_kinematics
-- Set runtime path of "/home/unknown/ROS2_Workspaces/bumperbot_ws/install/cpp_folder/lib/cpp_folder/turtlesim_kinematics" to ""
-- Installing: /home/unknown/ROS2_Workspaces/bumperbot_ws/install/cpp_folder/lib/cpp_folder/simple_tf_kinematics
-- Set runtime path of "/home/unknown/ROS2_Workspaces/bumperbot_ws/install/cpp_folder/lib/cpp_folder/simple_tf_kinematics" to ""
-- Installing: /home/unknown/ROS2_Workspaces/bumperbot_ws/install/cpp_folder/lib/cpp_folder/dynamic_tf_kinematics
-- Set runtime path of "/home/unknown/ROS2_Workspaces/bumperbot_ws/install/cpp_folder/lib/cpp_folder/dynamic_tf_kinematics" to ""
-- Installing: /home/unknown/ROS2_Workspaces/bumperbot_ws/install/cpp_folder/lib/cpp_folder/simple_service_server
-- Set runtime path of "/home/unknown/ROS2_Workspaces/bumperbot_ws/install/cpp_folder/lib/cpp_folder/simple_service_server" to ""
-- Installing: /home/unknown/ROS2_Workspaces/bumperbot_ws/install/cpp_folder/lib/cpp_folder/simple_service_client
-- Set runtime path of "/home/unknown/ROS2_Workspaces/bumperbot_ws/install/cpp_folder/lib/cpp_folder/simple_service_client" to ""
-- Installing: /home/unknown/ROS2_Workspaces/bumperbot_ws/install/cpp_folder/lib/cpp_folder/simple_tf_service
-- Set runtime path of "/home/unknown/ROS2_Workspaces/bumperbot_ws/install/cpp_folder/lib/cpp_folder/simple_tf_service" to ""
-- Installing: /home/unknown/ROS2_Workspaces/bumperbot_ws/install/cpp_folder/lib/cpp_folder/euler_to_quaternion
-- Set runtime path of "/home/unknown/ROS2_Workspaces/bumperbot_ws/install/cpp_folder/lib/cpp_folder/euler_to_quaternion" to ""
-- Installing: /home/unknown/ROS2_Workspaces/bumperbot_ws/install/cpp_folder/share/ament_index/resource_index/package_run_dependencies/cpp_folder
-- Installing: /home/unknown/ROS2_Workspaces/bumperbot_ws/install/cpp_folder/share/ament_index/resource_index/parent_prefix_path/cpp_folder
-- Installing: /home/unknown/ROS2_Workspaces/bumperbot_ws/install/cpp_folder/share/cpp_folder/environment/ament_prefix_path.sh
-- Installing: /home/unknown/ROS2_Workspaces/bumperbot_ws/install/cpp_folder/share/cpp_folder/environment/ament_prefix_path.dsv
-- Installing: /home/unknown/ROS2_Workspaces/bumperbot_ws/install/cpp_folder/share/cpp_folder/environment/path.sh
-- Installing: /home/unknown/ROS2_Workspaces/bumperbot_ws/install/cpp_folder/share/cpp_folder/environment/path.dsv
-- Installing: /home/unknown/ROS2_Workspaces/bumperbot_ws/install/cpp_folder/share/cpp_folder/local_setup.bash
-- Installing: /home/unknown/ROS2_Workspaces/bumperbot_ws/install/cpp_folder/share/cpp_folder/local_setup.sh
-- Installing: /home/unknown/ROS2_Workspaces/bumperbot_ws/install/cpp_folder/share/cpp_folder/local_setup.zsh
-- Installing: /home/unknown/ROS2_Workspaces/bumperbot_ws/install/cpp_folder/share/cpp_folder/local_setup.dsv
-- Installing: /home/unknown/ROS2_Workspaces/bumperbot_ws/install/cpp_folder/share/cpp_folder/package.dsv
-- Installing: /home/unknown/ROS2_Workspaces/bumperbot_ws/install/cpp_folder/share/ament_index/resource_index/packages/cpp_folder
-- Installing: /home/unknown/ROS2_Workspaces/bumperbot_ws/install/cpp_folder/share/cpp_folder/cmake/cpp_folderConfig.cmake
-- Installing: /home/unknown/ROS2_Workspaces/bumperbot_ws/install/cpp_folder/share/cpp_folder/cmake/cpp_folderConfig-version.cmake
-- Installing: /home/unknown/ROS2_Workspaces/bumperbot_ws/install/cpp_folder/share/cpp_folder/package.xml
