[0.655s] Invoking command in '/home/unknown/ROS2_Workspaces/bumperbot_ws/build/cpp_folder': CMAKE_PREFIX_PATH=/home/unknown/ROS2_Workspaces/bumperbot_ws/install/bumperbot_msgs:/home/unknown/ROS2_Workspaces/bumperbot_ws/install/ign_ros2_control_demos:/home/unknown/ROS2_Workspaces/bumperbot_ws/install/bumper_bot:/home/unknown/ROS2_Workspaces/bumperbot_ws/install/ign_ros2_control:/home/unknown/ROS2_Workspaces/bumperbot_ws/install/gz_ros2_control_tests:/home/unknown/ROS2_Workspaces/bumperbot_ws/install/gz_ros2_control_demos:/home/unknown/ROS2_Workspaces/bumperbot_ws/install/gz_ros2_control:/home/unknown/ROS2_Workspaces/bumperbot_ws/install/cpp_folder:/home/unknown/ROS2_Workspaces/bumperbot_ws/install/bumperbot_utils:/home/unknown/ROS2_Workspaces/bumperbot_ws/install/bumperbot_localisation:/home/unknown/ROS2_Workspaces/bumperbot_ws/install/bumperbot_firmware:/home/unknown/ROS2_Workspaces/bumperbot_ws/install/bumperbot_controller:/home/unknown/bumperbot_ws/install/ign_ros2_control_demos:/home/unknown/bumperbot_ws/install/bumper_bot:/home/unknown/bumperbot_ws/install/ign_ros2_control:/home/unknown/bumperbot_ws/install/gz_ros2_control_tests:/home/unknown/bumperbot_ws/install/gz_ros2_control_demos:/home/unknown/bumperbot_ws/install/gz_ros2_control:/home/unknown/bumperbot_ws/install/cpp_folder:/home/unknown/bumperbot_ws/install/bumperbot_utils:/home/unknown/bumperbot_ws/install/bumperbot_msgs:/home/unknown/bumperbot_ws/install/bumperbot_localisation:/home/unknown/bumperbot_ws/install/bumperbot_firmware:/home/unknown/bumperbot_ws/install/bumperbot_controller:/home/unknown/ros2_ws/install/rc_plane:/home/unknown/ros2_ws/install/ign_ros2_control_demos:/home/unknown/ros2_ws/install/bumper_bot:/home/unknown/ros2_ws/install/ign_ros2_control:/home/unknown/ros2_ws/install/gz_ros2_control_tests:/home/unknown/ros2_ws/install/gz_ros2_control_demos:/home/unknown/ros2_ws/install/gz_ros2_control:/home/unknown/ros2_ws/install/cpp_folder:/home/unknown/ros2_ws/install/bumperbot_utils:/home/unknown/ros2_ws/install/bumperbot_msgs:/home/unknown/ros2_ws/install/bumperbot_localisation:/home/unknown/ros2_ws/install/bumperbot_firmware:/home/unknown/ros2_ws/install/bumperbot_controller:/home/unknown/ROS2_Workspaces/bumperbot_ws/install/my_robot_controller:/home/unknown/ROS2_Workspaces/bumperbot_ws/install/bumper_bot_py:/home/unknown/bumperbot_ws/install/my_robot_controller:/home/unknown/bumperbot_ws/install/bumper_bot_py:/home/unknown/ros2_ws/install/my_robot_controller:/home/unknown/ros2_ws/install/bumper_bot_py:/opt/ros/humble LD_LIBRARY_PATH=/home/unknown/ROS2_Workspaces/bumperbot_ws/install/bumperbot_msgs/lib:/home/unknown/ROS2_Workspaces/bumperbot_ws/install/gz_ros2_control/lib:/home/unknown/bumperbot_ws/install/gz_ros2_control/lib:/home/unknown/bumperbot_ws/install/bumperbot_msgs/lib:/home/unknown/ros2_ws/install/gz_ros2_control/lib:/home/unknown/ros2_ws/install/bumperbot_msgs/lib:/opt/ros/humble/opt/rviz_ogre_vendor/lib:/opt/ros/humble/lib/x86_64-linux-gnu:/opt/ros/humble/lib /usr/bin/cmake /home/unknown/ROS2_Workspaces/bumperbot_ws/src/cpp_folder -DCMAKE_INSTALL_PREFIX=/home/unknown/ROS2_Workspaces/bumperbot_ws/install/cpp_folder
[0.853s] -- The C compiler identification is GNU 11.4.0
[1.030s] -- The CXX compiler identification is GNU 11.4.0
[1.053s] -- Detecting C compiler ABI info
[1.277s] -- Detecting C compiler ABI info - done
[1.308s] -- Check for working C compiler: /usr/bin/cc - skipped
[1.309s] -- Detecting C compile features
[1.309s] -- Detecting C compile features - done
[1.318s] -- Detecting CXX compiler ABI info
[1.573s] -- Detecting CXX compiler ABI info - done
[1.614s] -- Check for working CXX compiler: /usr/bin/c++ - skipped
[1.615s] -- Detecting CXX compile features
[1.616s] -- Detecting CXX compile features - done
[1.626s] -- Found ament_cmake: 1.3.13 (/opt/ros/humble/share/ament_cmake/cmake)
[2.187s] -- Found Python3: /usr/bin/python3 (found version "3.10.12") found components: Interpreter 
[2.566s] -- Found rclcpp: 16.0.18 (/opt/ros/humble/share/rclcpp/cmake)
[2.686s] -- Found rosidl_generator_c: 3.1.8 (/opt/ros/humble/share/rosidl_generator_c/cmake)
[2.698s] -- Found rosidl_adapter: 3.1.8 (/opt/ros/humble/share/rosidl_adapter/cmake)
[2.718s] -- Found rosidl_generator_cpp: 3.1.8 (/opt/ros/humble/share/rosidl_generator_cpp/cmake)
[2.752s] -- Using all available rosidl_typesupport_c: rosidl_typesupport_fastrtps_c;rosidl_typesupport_introspection_c
[2.794s] -- Using all available rosidl_typesupport_cpp: rosidl_typesupport_fastrtps_cpp;rosidl_typesupport_introspection_cpp
[2.906s] -- Found rmw_implementation_cmake: 6.1.2 (/opt/ros/humble/share/rmw_implementation_cmake/cmake)
[2.917s] -- Found rmw_fastrtps_cpp: 6.2.10 (/opt/ros/humble/share/rmw_fastrtps_cpp/cmake)
[3.102s] -- Found OpenSSL: /usr/lib/x86_64-linux-gnu/libcrypto.so (found version "3.0.2")  
[3.156s] -- Found FastRTPS: /opt/ros/humble/include  
[3.257s] -- Using RMW implementation 'rmw_fastrtps_cpp' as default
[3.282s] -- Looking for pthread.h
[3.511s] -- Looking for pthread.h - found
[3.515s] -- Performing Test CMAKE_HAVE_LIBC_PTHREAD
[3.718s] -- Performing Test CMAKE_HAVE_LIBC_PTHREAD - Success
[3.718s] -- Found Threads: TRUE  
[3.823s] -- Found geometry_msgs: 4.9.1 (/opt/ros/humble/share/geometry_msgs/cmake)
[3.856s] -- Found turtlesim: 1.4.3 (/opt/ros/humble/share/turtlesim/cmake)
[3.981s] -- Found tf2_ros: 0.25.19 (/opt/ros/humble/share/tf2_ros/cmake)
[4.235s] -- Found bumperbot_msgs: 0.0.0 (/home/unknown/ROS2_Workspaces/bumperbot_ws/install/bumperbot_msgs/share/bumperbot_msgs/cmake)
[4.263s] -- Found ament_lint_auto: 0.12.15 (/opt/ros/humble/share/ament_lint_auto/cmake)
[4.534s] -- Added test 'cppcheck' to perform static code analysis on C / C++ code
[4.540s] -- Configured cppcheck include dirs: /home/unknown/ROS2_Workspaces/bumperbot_ws/src/cpp_folder/include
[4.541s] -- Configured cppcheck exclude dirs and/or files: 
[4.547s] -- Added test 'lint_cmake' to check CMake code style
[4.557s] -- Added test 'uncrustify' to check C / C++ code style
[4.557s] -- Configured uncrustify additional arguments: 
[4.560s] -- Added test 'xmllint' to check XML markup files
[4.571s] -- Configuring done
[4.747s] -- Generating done
[4.778s] -- Build files have been written to: /home/unknown/ROS2_Workspaces/bumperbot_ws/build/cpp_folder
[4.806s] Invoked command in '/home/unknown/ROS2_Workspaces/bumperbot_ws/build/cpp_folder' returned '0': CMAKE_PREFIX_PATH=/home/unknown/ROS2_Workspaces/bumperbot_ws/install/bumperbot_msgs:/home/unknown/ROS2_Workspaces/bumperbot_ws/install/ign_ros2_control_demos:/home/unknown/ROS2_Workspaces/bumperbot_ws/install/bumper_bot:/home/unknown/ROS2_Workspaces/bumperbot_ws/install/ign_ros2_control:/home/unknown/ROS2_Workspaces/bumperbot_ws/install/gz_ros2_control_tests:/home/unknown/ROS2_Workspaces/bumperbot_ws/install/gz_ros2_control_demos:/home/unknown/ROS2_Workspaces/bumperbot_ws/install/gz_ros2_control:/home/unknown/ROS2_Workspaces/bumperbot_ws/install/cpp_folder:/home/unknown/ROS2_Workspaces/bumperbot_ws/install/bumperbot_utils:/home/unknown/ROS2_Workspaces/bumperbot_ws/install/bumperbot_localisation:/home/unknown/ROS2_Workspaces/bumperbot_ws/install/bumperbot_firmware:/home/unknown/ROS2_Workspaces/bumperbot_ws/install/bumperbot_controller:/home/unknown/bumperbot_ws/install/ign_ros2_control_demos:/home/unknown/bumperbot_ws/install/bumper_bot:/home/unknown/bumperbot_ws/install/ign_ros2_control:/home/unknown/bumperbot_ws/install/gz_ros2_control_tests:/home/unknown/bumperbot_ws/install/gz_ros2_control_demos:/home/unknown/bumperbot_ws/install/gz_ros2_control:/home/unknown/bumperbot_ws/install/cpp_folder:/home/unknown/bumperbot_ws/install/bumperbot_utils:/home/unknown/bumperbot_ws/install/bumperbot_msgs:/home/unknown/bumperbot_ws/install/bumperbot_localisation:/home/unknown/bumperbot_ws/install/bumperbot_firmware:/home/unknown/bumperbot_ws/install/bumperbot_controller:/home/unknown/ros2_ws/install/rc_plane:/home/unknown/ros2_ws/install/ign_ros2_control_demos:/home/unknown/ros2_ws/install/bumper_bot:/home/unknown/ros2_ws/install/ign_ros2_control:/home/unknown/ros2_ws/install/gz_ros2_control_tests:/home/unknown/ros2_ws/install/gz_ros2_control_demos:/home/unknown/ros2_ws/install/gz_ros2_control:/home/unknown/ros2_ws/install/cpp_folder:/home/unknown/ros2_ws/install/bumperbot_utils:/home/unknown/ros2_ws/install/bumperbot_msgs:/home/unknown/ros2_ws/install/bumperbot_localisation:/home/unknown/ros2_ws/install/bumperbot_firmware:/home/unknown/ros2_ws/install/bumperbot_controller:/home/unknown/ROS2_Workspaces/bumperbot_ws/install/my_robot_controller:/home/unknown/ROS2_Workspaces/bumperbot_ws/install/bumper_bot_py:/home/unknown/bumperbot_ws/install/my_robot_controller:/home/unknown/bumperbot_ws/install/bumper_bot_py:/home/unknown/ros2_ws/install/my_robot_controller:/home/unknown/ros2_ws/install/bumper_bot_py:/opt/ros/humble LD_LIBRARY_PATH=/home/unknown/ROS2_Workspaces/bumperbot_ws/install/bumperbot_msgs/lib:/home/unknown/ROS2_Workspaces/bumperbot_ws/install/gz_ros2_control/lib:/home/unknown/bumperbot_ws/install/gz_ros2_control/lib:/home/unknown/bumperbot_ws/install/bumperbot_msgs/lib:/home/unknown/ros2_ws/install/gz_ros2_control/lib:/home/unknown/ros2_ws/install/bumperbot_msgs/lib:/opt/ros/humble/opt/rviz_ogre_vendor/lib:/opt/ros/humble/lib/x86_64-linux-gnu:/opt/ros/humble/lib /usr/bin/cmake /home/unknown/ROS2_Workspaces/bumperbot_ws/src/cpp_folder -DCMAKE_INSTALL_PREFIX=/home/unknown/ROS2_Workspaces/bumperbot_ws/install/cpp_folder
[4.810s] Invoking command in '/home/unknown/ROS2_Workspaces/bumperbot_ws/build/cpp_folder': CMAKE_PREFIX_PATH=/home/unknown/ROS2_Workspaces/bumperbot_ws/install/bumperbot_msgs:/home/unknown/ROS2_Workspaces/bumperbot_ws/install/ign_ros2_control_demos:/home/unknown/ROS2_Workspaces/bumperbot_ws/install/bumper_bot:/home/unknown/ROS2_Workspaces/bumperbot_ws/install/ign_ros2_control:/home/unknown/ROS2_Workspaces/bumperbot_ws/install/gz_ros2_control_tests:/home/unknown/ROS2_Workspaces/bumperbot_ws/install/gz_ros2_control_demos:/home/unknown/ROS2_Workspaces/bumperbot_ws/install/gz_ros2_control:/home/unknown/ROS2_Workspaces/bumperbot_ws/install/cpp_folder:/home/unknown/ROS2_Workspaces/bumperbot_ws/install/bumperbot_utils:/home/unknown/ROS2_Workspaces/bumperbot_ws/install/bumperbot_localisation:/home/unknown/ROS2_Workspaces/bumperbot_ws/install/bumperbot_firmware:/home/unknown/ROS2_Workspaces/bumperbot_ws/install/bumperbot_controller:/home/unknown/bumperbot_ws/install/ign_ros2_control_demos:/home/unknown/bumperbot_ws/install/bumper_bot:/home/unknown/bumperbot_ws/install/ign_ros2_control:/home/unknown/bumperbot_ws/install/gz_ros2_control_tests:/home/unknown/bumperbot_ws/install/gz_ros2_control_demos:/home/unknown/bumperbot_ws/install/gz_ros2_control:/home/unknown/bumperbot_ws/install/cpp_folder:/home/unknown/bumperbot_ws/install/bumperbot_utils:/home/unknown/bumperbot_ws/install/bumperbot_msgs:/home/unknown/bumperbot_ws/install/bumperbot_localisation:/home/unknown/bumperbot_ws/install/bumperbot_firmware:/home/unknown/bumperbot_ws/install/bumperbot_controller:/home/unknown/ros2_ws/install/rc_plane:/home/unknown/ros2_ws/install/ign_ros2_control_demos:/home/unknown/ros2_ws/install/bumper_bot:/home/unknown/ros2_ws/install/ign_ros2_control:/home/unknown/ros2_ws/install/gz_ros2_control_tests:/home/unknown/ros2_ws/install/gz_ros2_control_demos:/home/unknown/ros2_ws/install/gz_ros2_control:/home/unknown/ros2_ws/install/cpp_folder:/home/unknown/ros2_ws/install/bumperbot_utils:/home/unknown/ros2_ws/install/bumperbot_msgs:/home/unknown/ros2_ws/install/bumperbot_localisation:/home/unknown/ros2_ws/install/bumperbot_firmware:/home/unknown/ros2_ws/install/bumperbot_controller:/home/unknown/ROS2_Workspaces/bumperbot_ws/install/my_robot_controller:/home/unknown/ROS2_Workspaces/bumperbot_ws/install/bumper_bot_py:/home/unknown/bumperbot_ws/install/my_robot_controller:/home/unknown/bumperbot_ws/install/bumper_bot_py:/home/unknown/ros2_ws/install/my_robot_controller:/home/unknown/ros2_ws/install/bumper_bot_py:/opt/ros/humble LD_LIBRARY_PATH=/home/unknown/ROS2_Workspaces/bumperbot_ws/install/bumperbot_msgs/lib:/home/unknown/ROS2_Workspaces/bumperbot_ws/install/gz_ros2_control/lib:/home/unknown/bumperbot_ws/install/gz_ros2_control/lib:/home/unknown/bumperbot_ws/install/bumperbot_msgs/lib:/home/unknown/ros2_ws/install/gz_ros2_control/lib:/home/unknown/ros2_ws/install/bumperbot_msgs/lib:/opt/ros/humble/opt/rviz_ogre_vendor/lib:/opt/ros/humble/lib/x86_64-linux-gnu:/opt/ros/humble/lib /usr/bin/cmake --build /home/unknown/ROS2_Workspaces/bumperbot_ws/build/cpp_folder -- -j8 -l8
[4.959s] [  5%] [32mBuilding CXX object CMakeFiles/simple_parameter.dir/src/simple_parameter.cpp.o[0m
[4.965s] [ 11%] [32mBuilding CXX object CMakeFiles/turtle_cpp_publisher.dir/src/publisher.cpp.o[0m
[4.965s] [ 16%] [32mBuilding CXX object CMakeFiles/simple_tf_kinematics.dir/src/simple_tf_kinematics.cpp.o[0m
[4.965s] [ 22%] [32mBuilding CXX object CMakeFiles/dynamic_tf_kinematics.dir/src/dynamic_tf_kinematics.cpp.o[0m
[4.968s] [ 27%] [32mBuilding CXX object CMakeFiles/turtlesim_kinematics.dir/src/turtlesim_kinematics.cpp.o[0m
[4.983s] [ 33%] [32mBuilding CXX object CMakeFiles/simple_service_server.dir/src/simple_service_server.cpp.o[0m
[4.983s] [ 38%] [32mBuilding CXX object CMakeFiles/simple_service_client.dir/src/simple_service_client.cpp.o[0m
[4.983s] [ 44%] [32mBuilding CXX object CMakeFiles/simple_tf_service.dir/src/simple_tf_service.cpp.o[0m
[16.393s] [ 50%] [32m[1mLinking CXX executable simple_service_server[0m
[16.872s] [ 50%] Built target simple_service_server
[16.955s] [ 55%] [32mBuilding CXX object CMakeFiles/euler_to_quaternion.dir/src/euler_to_quaternion.cpp.o[0m
[18.367s] [ 61%] [32m[1mLinking CXX executable simple_parameter[0m
[18.616s] [ 61%] Built target simple_parameter
[21.480s] [ 66%] [32m[1mLinking CXX executable simple_service_client[0m
[21.936s] [ 66%] Built target simple_service_client
[22.153s] [ 72%] [32m[1mLinking CXX executable simple_tf_kinematics[0m
[22.825s] [ 72%] Built target simple_tf_kinematics
[24.535s] [ 77%] [32m[1mLinking CXX executable turtle_cpp_publisher[0m
[24.962s] [ 83%] [32m[1mLinking CXX executable dynamic_tf_kinematics[0m
[25.275s] [ 83%] Built target turtle_cpp_publisher
[25.392s] [ 83%] Built target dynamic_tf_kinematics
[27.756s] [ 88%] [32m[1mLinking CXX executable simple_tf_service[0m
[28.321s] [ 88%] Built target simple_tf_service
[30.856s] [ 94%] [32m[1mLinking CXX executable turtlesim_kinematics[0m
[32.018s] [ 94%] Built target turtlesim_kinematics
[33.049s] [100%] [32m[1mLinking CXX executable euler_to_quaternion[0m
[33.369s] [100%] Built target euler_to_quaternion
[33.380s] Invoked command in '/home/unknown/ROS2_Workspaces/bumperbot_ws/build/cpp_folder' returned '0': CMAKE_PREFIX_PATH=/home/unknown/ROS2_Workspaces/bumperbot_ws/install/bumperbot_msgs:/home/unknown/ROS2_Workspaces/bumperbot_ws/install/ign_ros2_control_demos:/home/unknown/ROS2_Workspaces/bumperbot_ws/install/bumper_bot:/home/unknown/ROS2_Workspaces/bumperbot_ws/install/ign_ros2_control:/home/unknown/ROS2_Workspaces/bumperbot_ws/install/gz_ros2_control_tests:/home/unknown/ROS2_Workspaces/bumperbot_ws/install/gz_ros2_control_demos:/home/unknown/ROS2_Workspaces/bumperbot_ws/install/gz_ros2_control:/home/unknown/ROS2_Workspaces/bumperbot_ws/install/cpp_folder:/home/unknown/ROS2_Workspaces/bumperbot_ws/install/bumperbot_utils:/home/unknown/ROS2_Workspaces/bumperbot_ws/install/bumperbot_localisation:/home/unknown/ROS2_Workspaces/bumperbot_ws/install/bumperbot_firmware:/home/unknown/ROS2_Workspaces/bumperbot_ws/install/bumperbot_controller:/home/unknown/bumperbot_ws/install/ign_ros2_control_demos:/home/unknown/bumperbot_ws/install/bumper_bot:/home/unknown/bumperbot_ws/install/ign_ros2_control:/home/unknown/bumperbot_ws/install/gz_ros2_control_tests:/home/unknown/bumperbot_ws/install/gz_ros2_control_demos:/home/unknown/bumperbot_ws/install/gz_ros2_control:/home/unknown/bumperbot_ws/install/cpp_folder:/home/unknown/bumperbot_ws/install/bumperbot_utils:/home/unknown/bumperbot_ws/install/bumperbot_msgs:/home/unknown/bumperbot_ws/install/bumperbot_localisation:/home/unknown/bumperbot_ws/install/bumperbot_firmware:/home/unknown/bumperbot_ws/install/bumperbot_controller:/home/unknown/ros2_ws/install/rc_plane:/home/unknown/ros2_ws/install/ign_ros2_control_demos:/home/unknown/ros2_ws/install/bumper_bot:/home/unknown/ros2_ws/install/ign_ros2_control:/home/unknown/ros2_ws/install/gz_ros2_control_tests:/home/unknown/ros2_ws/install/gz_ros2_control_demos:/home/unknown/ros2_ws/install/gz_ros2_control:/home/unknown/ros2_ws/install/cpp_folder:/home/unknown/ros2_ws/install/bumperbot_utils:/home/unknown/ros2_ws/install/bumperbot_msgs:/home/unknown/ros2_ws/install/bumperbot_localisation:/home/unknown/ros2_ws/install/bumperbot_firmware:/home/unknown/ros2_ws/install/bumperbot_controller:/home/unknown/ROS2_Workspaces/bumperbot_ws/install/my_robot_controller:/home/unknown/ROS2_Workspaces/bumperbot_ws/install/bumper_bot_py:/home/unknown/bumperbot_ws/install/my_robot_controller:/home/unknown/bumperbot_ws/install/bumper_bot_py:/home/unknown/ros2_ws/install/my_robot_controller:/home/unknown/ros2_ws/install/bumper_bot_py:/opt/ros/humble LD_LIBRARY_PATH=/home/unknown/ROS2_Workspaces/bumperbot_ws/install/bumperbot_msgs/lib:/home/unknown/ROS2_Workspaces/bumperbot_ws/install/gz_ros2_control/lib:/home/unknown/bumperbot_ws/install/gz_ros2_control/lib:/home/unknown/bumperbot_ws/install/bumperbot_msgs/lib:/home/unknown/ros2_ws/install/gz_ros2_control/lib:/home/unknown/ros2_ws/install/bumperbot_msgs/lib:/opt/ros/humble/opt/rviz_ogre_vendor/lib:/opt/ros/humble/lib/x86_64-linux-gnu:/opt/ros/humble/lib /usr/bin/cmake --build /home/unknown/ROS2_Workspaces/bumperbot_ws/build/cpp_folder -- -j8 -l8
[33.381s] Invoking command in '/home/unknown/ROS2_Workspaces/bumperbot_ws/build/cpp_folder': CMAKE_PREFIX_PATH=/home/unknown/ROS2_Workspaces/bumperbot_ws/install/bumperbot_msgs:/home/unknown/ROS2_Workspaces/bumperbot_ws/install/ign_ros2_control_demos:/home/unknown/ROS2_Workspaces/bumperbot_ws/install/bumper_bot:/home/unknown/ROS2_Workspaces/bumperbot_ws/install/ign_ros2_control:/home/unknown/ROS2_Workspaces/bumperbot_ws/install/gz_ros2_control_tests:/home/unknown/ROS2_Workspaces/bumperbot_ws/install/gz_ros2_control_demos:/home/unknown/ROS2_Workspaces/bumperbot_ws/install/gz_ros2_control:/home/unknown/ROS2_Workspaces/bumperbot_ws/install/cpp_folder:/home/unknown/ROS2_Workspaces/bumperbot_ws/install/bumperbot_utils:/home/unknown/ROS2_Workspaces/bumperbot_ws/install/bumperbot_localisation:/home/unknown/ROS2_Workspaces/bumperbot_ws/install/bumperbot_firmware:/home/unknown/ROS2_Workspaces/bumperbot_ws/install/bumperbot_controller:/home/unknown/bumperbot_ws/install/ign_ros2_control_demos:/home/unknown/bumperbot_ws/install/bumper_bot:/home/unknown/bumperbot_ws/install/ign_ros2_control:/home/unknown/bumperbot_ws/install/gz_ros2_control_tests:/home/unknown/bumperbot_ws/install/gz_ros2_control_demos:/home/unknown/bumperbot_ws/install/gz_ros2_control:/home/unknown/bumperbot_ws/install/cpp_folder:/home/unknown/bumperbot_ws/install/bumperbot_utils:/home/unknown/bumperbot_ws/install/bumperbot_msgs:/home/unknown/bumperbot_ws/install/bumperbot_localisation:/home/unknown/bumperbot_ws/install/bumperbot_firmware:/home/unknown/bumperbot_ws/install/bumperbot_controller:/home/unknown/ros2_ws/install/rc_plane:/home/unknown/ros2_ws/install/ign_ros2_control_demos:/home/unknown/ros2_ws/install/bumper_bot:/home/unknown/ros2_ws/install/ign_ros2_control:/home/unknown/ros2_ws/install/gz_ros2_control_tests:/home/unknown/ros2_ws/install/gz_ros2_control_demos:/home/unknown/ros2_ws/install/gz_ros2_control:/home/unknown/ros2_ws/install/cpp_folder:/home/unknown/ros2_ws/install/bumperbot_utils:/home/unknown/ros2_ws/install/bumperbot_msgs:/home/unknown/ros2_ws/install/bumperbot_localisation:/home/unknown/ros2_ws/install/bumperbot_firmware:/home/unknown/ros2_ws/install/bumperbot_controller:/home/unknown/ROS2_Workspaces/bumperbot_ws/install/my_robot_controller:/home/unknown/ROS2_Workspaces/bumperbot_ws/install/bumper_bot_py:/home/unknown/bumperbot_ws/install/my_robot_controller:/home/unknown/bumperbot_ws/install/bumper_bot_py:/home/unknown/ros2_ws/install/my_robot_controller:/home/unknown/ros2_ws/install/bumper_bot_py:/opt/ros/humble LD_LIBRARY_PATH=/home/unknown/ROS2_Workspaces/bumperbot_ws/install/bumperbot_msgs/lib:/home/unknown/ROS2_Workspaces/bumperbot_ws/install/gz_ros2_control/lib:/home/unknown/bumperbot_ws/install/gz_ros2_control/lib:/home/unknown/bumperbot_ws/install/bumperbot_msgs/lib:/home/unknown/ros2_ws/install/gz_ros2_control/lib:/home/unknown/ros2_ws/install/bumperbot_msgs/lib:/opt/ros/humble/opt/rviz_ogre_vendor/lib:/opt/ros/humble/lib/x86_64-linux-gnu:/opt/ros/humble/lib /usr/bin/cmake --install /home/unknown/ROS2_Workspaces/bumperbot_ws/build/cpp_folder
[33.387s] -- Install configuration: ""
[33.387s] -- Installing: /home/unknown/ROS2_Workspaces/bumperbot_ws/install/cpp_folder/include/include
[33.387s] -- Installing: /home/unknown/ROS2_Workspaces/bumperbot_ws/install/cpp_folder/include/include/cpp_folder
[33.388s] -- Installing: /home/unknown/ROS2_Workspaces/bumperbot_ws/install/cpp_folder/include/include/cpp_folder/euler_to_quaternion.hpp
[33.388s] -- Installing: /home/unknown/ROS2_Workspaces/bumperbot_ws/install/cpp_folder/include/include/cpp_folder/dynamic_tf_kinematics.hpp
[33.388s] -- Installing: /home/unknown/ROS2_Workspaces/bumperbot_ws/install/cpp_folder/include/include/cpp_folder/simple_tf_kinematics.hpp
[33.388s] -- Installing: /home/unknown/ROS2_Workspaces/bumperbot_ws/install/cpp_folder/include/include/cpp_folder/simple_tf_service.hpp
[33.388s] -- Installing: /home/unknown/ROS2_Workspaces/bumperbot_ws/install/cpp_folder/include/include/cpp_folder/turtlesim_kinematics.hpp
[33.388s] -- Installing: /home/unknown/ROS2_Workspaces/bumperbot_ws/install/cpp_folder/lib/cpp_folder/turtle_cpp_publisher
[33.389s] -- Set runtime path of "/home/unknown/ROS2_Workspaces/bumperbot_ws/install/cpp_folder/lib/cpp_folder/turtle_cpp_publisher" to ""
[33.389s] -- Installing: /home/unknown/ROS2_Workspaces/bumperbot_ws/install/cpp_folder/lib/cpp_folder/simple_parameter
[33.389s] -- Set runtime path of "/home/unknown/ROS2_Workspaces/bumperbot_ws/install/cpp_folder/lib/cpp_folder/simple_parameter" to ""
[33.389s] -- Installing: /home/unknown/ROS2_Workspaces/bumperbot_ws/install/cpp_folder/lib/cpp_folder/turtlesim_kinematics
[33.392s] -- Set runtime path of "/home/unknown/ROS2_Workspaces/bumperbot_ws/install/cpp_folder/lib/cpp_folder/turtlesim_kinematics" to ""
[33.392s] -- Installing: /home/unknown/ROS2_Workspaces/bumperbot_ws/install/cpp_folder/lib/cpp_folder/simple_tf_kinematics
[33.393s] -- Set runtime path of "/home/unknown/ROS2_Workspaces/bumperbot_ws/install/cpp_folder/lib/cpp_folder/simple_tf_kinematics" to ""
[33.393s] -- Installing: /home/unknown/ROS2_Workspaces/bumperbot_ws/install/cpp_folder/lib/cpp_folder/dynamic_tf_kinematics
[33.394s] -- Set runtime path of "/home/unknown/ROS2_Workspaces/bumperbot_ws/install/cpp_folder/lib/cpp_folder/dynamic_tf_kinematics" to ""
[33.394s] -- Installing: /home/unknown/ROS2_Workspaces/bumperbot_ws/install/cpp_folder/lib/cpp_folder/simple_service_server
[33.394s] -- Set runtime path of "/home/unknown/ROS2_Workspaces/bumperbot_ws/install/cpp_folder/lib/cpp_folder/simple_service_server" to ""
[33.394s] -- Installing: /home/unknown/ROS2_Workspaces/bumperbot_ws/install/cpp_folder/lib/cpp_folder/simple_service_client
[33.395s] -- Set runtime path of "/home/unknown/ROS2_Workspaces/bumperbot_ws/install/cpp_folder/lib/cpp_folder/simple_service_client" to ""
[33.395s] -- Installing: /home/unknown/ROS2_Workspaces/bumperbot_ws/install/cpp_folder/lib/cpp_folder/simple_tf_service
[33.396s] -- Set runtime path of "/home/unknown/ROS2_Workspaces/bumperbot_ws/install/cpp_folder/lib/cpp_folder/simple_tf_service" to ""
[33.396s] -- Installing: /home/unknown/ROS2_Workspaces/bumperbot_ws/install/cpp_folder/lib/cpp_folder/euler_to_quaternion
[33.397s] -- Set runtime path of "/home/unknown/ROS2_Workspaces/bumperbot_ws/install/cpp_folder/lib/cpp_folder/euler_to_quaternion" to ""
[33.397s] -- Installing: /home/unknown/ROS2_Workspaces/bumperbot_ws/install/cpp_folder/share/ament_index/resource_index/package_run_dependencies/cpp_folder
[33.398s] -- Installing: /home/unknown/ROS2_Workspaces/bumperbot_ws/install/cpp_folder/share/ament_index/resource_index/parent_prefix_path/cpp_folder
[33.398s] -- Installing: /home/unknown/ROS2_Workspaces/bumperbot_ws/install/cpp_folder/share/cpp_folder/environment/ament_prefix_path.sh
[33.398s] -- Installing: /home/unknown/ROS2_Workspaces/bumperbot_ws/install/cpp_folder/share/cpp_folder/environment/ament_prefix_path.dsv
[33.398s] -- Installing: /home/unknown/ROS2_Workspaces/bumperbot_ws/install/cpp_folder/share/cpp_folder/environment/path.sh
[33.398s] -- Installing: /home/unknown/ROS2_Workspaces/bumperbot_ws/install/cpp_folder/share/cpp_folder/environment/path.dsv
[33.399s] -- Installing: /home/unknown/ROS2_Workspaces/bumperbot_ws/install/cpp_folder/share/cpp_folder/local_setup.bash
[33.399s] -- Installing: /home/unknown/ROS2_Workspaces/bumperbot_ws/install/cpp_folder/share/cpp_folder/local_setup.sh
[33.399s] -- Installing: /home/unknown/ROS2_Workspaces/bumperbot_ws/install/cpp_folder/share/cpp_folder/local_setup.zsh
[33.399s] -- Installing: /home/unknown/ROS2_Workspaces/bumperbot_ws/install/cpp_folder/share/cpp_folder/local_setup.dsv
[33.399s] -- Installing: /home/unknown/ROS2_Workspaces/bumperbot_ws/install/cpp_folder/share/cpp_folder/package.dsv
[33.399s] -- Installing: /home/unknown/ROS2_Workspaces/bumperbot_ws/install/cpp_folder/share/ament_index/resource_index/packages/cpp_folder
[33.399s] -- Installing: /home/unknown/ROS2_Workspaces/bumperbot_ws/install/cpp_folder/share/cpp_folder/cmake/cpp_folderConfig.cmake
[33.399s] -- Installing: /home/unknown/ROS2_Workspaces/bumperbot_ws/install/cpp_folder/share/cpp_folder/cmake/cpp_folderConfig-version.cmake
[33.399s] -- Installing: /home/unknown/ROS2_Workspaces/bumperbot_ws/install/cpp_folder/share/cpp_folder/package.xml
[33.402s] Invoked command in '/home/unknown/ROS2_Workspaces/bumperbot_ws/build/cpp_folder' returned '0': CMAKE_PREFIX_PATH=/home/unknown/ROS2_Workspaces/bumperbot_ws/install/bumperbot_msgs:/home/unknown/ROS2_Workspaces/bumperbot_ws/install/ign_ros2_control_demos:/home/unknown/ROS2_Workspaces/bumperbot_ws/install/bumper_bot:/home/unknown/ROS2_Workspaces/bumperbot_ws/install/ign_ros2_control:/home/unknown/ROS2_Workspaces/bumperbot_ws/install/gz_ros2_control_tests:/home/unknown/ROS2_Workspaces/bumperbot_ws/install/gz_ros2_control_demos:/home/unknown/ROS2_Workspaces/bumperbot_ws/install/gz_ros2_control:/home/unknown/ROS2_Workspaces/bumperbot_ws/install/cpp_folder:/home/unknown/ROS2_Workspaces/bumperbot_ws/install/bumperbot_utils:/home/unknown/ROS2_Workspaces/bumperbot_ws/install/bumperbot_localisation:/home/unknown/ROS2_Workspaces/bumperbot_ws/install/bumperbot_firmware:/home/unknown/ROS2_Workspaces/bumperbot_ws/install/bumperbot_controller:/home/unknown/bumperbot_ws/install/ign_ros2_control_demos:/home/unknown/bumperbot_ws/install/bumper_bot:/home/unknown/bumperbot_ws/install/ign_ros2_control:/home/unknown/bumperbot_ws/install/gz_ros2_control_tests:/home/unknown/bumperbot_ws/install/gz_ros2_control_demos:/home/unknown/bumperbot_ws/install/gz_ros2_control:/home/unknown/bumperbot_ws/install/cpp_folder:/home/unknown/bumperbot_ws/install/bumperbot_utils:/home/unknown/bumperbot_ws/install/bumperbot_msgs:/home/unknown/bumperbot_ws/install/bumperbot_localisation:/home/unknown/bumperbot_ws/install/bumperbot_firmware:/home/unknown/bumperbot_ws/install/bumperbot_controller:/home/unknown/ros2_ws/install/rc_plane:/home/unknown/ros2_ws/install/ign_ros2_control_demos:/home/unknown/ros2_ws/install/bumper_bot:/home/unknown/ros2_ws/install/ign_ros2_control:/home/unknown/ros2_ws/install/gz_ros2_control_tests:/home/unknown/ros2_ws/install/gz_ros2_control_demos:/home/unknown/ros2_ws/install/gz_ros2_control:/home/unknown/ros2_ws/install/cpp_folder:/home/unknown/ros2_ws/install/bumperbot_utils:/home/unknown/ros2_ws/install/bumperbot_msgs:/home/unknown/ros2_ws/install/bumperbot_localisation:/home/unknown/ros2_ws/install/bumperbot_firmware:/home/unknown/ros2_ws/install/bumperbot_controller:/home/unknown/ROS2_Workspaces/bumperbot_ws/install/my_robot_controller:/home/unknown/ROS2_Workspaces/bumperbot_ws/install/bumper_bot_py:/home/unknown/bumperbot_ws/install/my_robot_controller:/home/unknown/bumperbot_ws/install/bumper_bot_py:/home/unknown/ros2_ws/install/my_robot_controller:/home/unknown/ros2_ws/install/bumper_bot_py:/opt/ros/humble LD_LIBRARY_PATH=/home/unknown/ROS2_Workspaces/bumperbot_ws/install/bumperbot_msgs/lib:/home/unknown/ROS2_Workspaces/bumperbot_ws/install/gz_ros2_control/lib:/home/unknown/bumperbot_ws/install/gz_ros2_control/lib:/home/unknown/bumperbot_ws/install/bumperbot_msgs/lib:/home/unknown/ros2_ws/install/gz_ros2_control/lib:/home/unknown/ros2_ws/install/bumperbot_msgs/lib:/opt/ros/humble/opt/rviz_ogre_vendor/lib:/opt/ros/humble/lib/x86_64-linux-gnu:/opt/ros/humble/lib /usr/bin/cmake --install /home/unknown/ROS2_Workspaces/bumperbot_ws/build/cpp_folder
