[0.026s] Invoking command in '/home/unknown/ROS2_Workspaces/bumperbot_ws/build/gz_ros2_control': CMAKE_PREFIX_PATH=${CMAKE_PREFIX_PATH}:/home/unknown/ROS2_Workspaces/bumperbot_ws/install/my_robot_controller:/home/unknown/ROS2_Workspaces/bumperbot_ws/install/bumper_bot_py:/home/unknown/bumperbot_ws/install/my_robot_controller:/home/unknown/bumperbot_ws/install/bumper_bot_py:/home/unknown/ros2_ws/install/my_robot_controller:/home/unknown/ros2_ws/install/bumper_bot_py:/opt/ros/humble /usr/bin/cmake /home/unknown/ROS2_Workspaces/bumperbot_ws/src/gz_ros2_control/gz_ros2_control -DCMAKE_INSTALL_PREFIX=/home/unknown/ROS2_Workspaces/bumperbot_ws/install/gz_ros2_control
[0.153s] -- The C compiler identification is GNU 11.4.0
[0.224s] -- The CXX compiler identification is GNU 11.4.0
[0.233s] -- Detecting C compiler ABI info
[0.311s] -- Detecting C compiler ABI info - done
[0.323s] -- Check for working C compiler: /usr/bin/cc - skipped
[0.324s] -- Detecting C compile features
[0.324s] -- Detecting C compile features - done
[0.332s] -- Detecting CXX compiler ABI info
[0.424s] -- Detecting CXX compiler ABI info - done
[0.441s] -- Check for working CXX compiler: /usr/bin/c++ - skipped
[0.441s] -- Detecting CXX compile features
[0.444s] -- Detecting CXX compile features - done
[0.446s] -- Found ament_cmake: 1.3.13 (/opt/ros/humble/share/ament_cmake/cmake)
[0.669s] -- Found Python3: /usr/bin/python3 (found version "3.10.12") found components: Interpreter 
[0.801s] -- Found ament_index_cpp: 1.4.1 (/opt/ros/humble/share/ament_index_cpp/cmake)
[0.801s] -- Found controller_manager: 2.53.1 (/opt/ros/humble/share/controller_manager/cmake)
[0.843s] -- Found rosidl_generator_c: 3.1.8 (/opt/ros/humble/share/rosidl_generator_c/cmake)
[0.847s] -- Found rosidl_adapter: 3.1.8 (/opt/ros/humble/share/rosidl_adapter/cmake)
[0.855s] -- Found rosidl_generator_cpp: 3.1.8 (/opt/ros/humble/share/rosidl_generator_cpp/cmake)
[0.868s] -- Using all available rosidl_typesupport_c: rosidl_typesupport_fastrtps_c;rosidl_typesupport_introspection_c
[0.883s] -- Using all available rosidl_typesupport_cpp: rosidl_typesupport_fastrtps_cpp;rosidl_typesupport_introspection_cpp
[1.134s] -- Found rmw_implementation_cmake: 6.1.2 (/opt/ros/humble/share/rmw_implementation_cmake/cmake)
[1.137s] -- Found rmw_fastrtps_cpp: 6.2.10 (/opt/ros/humble/share/rmw_fastrtps_cpp/cmake)
[1.165s] -- Found TinyXML2 via Config file: TinyXML2_DIR-NOTFOUND
[1.221s] -- Found OpenSSL: /usr/lib/x86_64-linux-gnu/libcrypto.so (found version "3.0.2")  
[1.224s] -- Found TinyXML2 via Config file: TinyXML2_DIR-NOTFOUND
[1.244s] -- Found FastRTPS: /opt/ros/humble/include  
[1.248s] -- Found TinyXML2 via Config file: TinyXML2_DIR-NOTFOUND
[1.255s] -- Found TinyXML2 via Config file: TinyXML2_DIR-NOTFOUND
[1.267s] -- Using RMW implementation 'rmw_fastrtps_cpp' as default
[1.278s] -- Looking for pthread.h
[1.347s] -- Looking for pthread.h - found
[1.348s] -- Performing Test CMAKE_HAVE_LIBC_PTHREAD
[1.419s] -- Performing Test CMAKE_HAVE_LIBC_PTHREAD - Success
[1.420s] -- Found Threads: TRUE  
[1.516s] -- Found yaml_cpp_vendor: 8.0.2 (/opt/ros/humble/share/yaml_cpp_vendor/cmake)
[1.521s] -- Looking for ignition-gazebo6 -- found version 6.16.0
[1.531s] -- Searching for dependencies of ignition-gazebo6
[1.532s] -- Looking for sdformat12 -- found version 12.7.2
[1.533s] -- Searching for dependencies of sdformat12
[1.537s] -- Checking for module 'tinyxml2'
[1.549s] --   Found tinyxml2, version 9.0.0
[1.582s] -- Looking for ignition-math6 -- found version 6.15.1
[1.582s] -- Searching for dependencies of ignition-math6
[1.586s] -- Looking for ignition-utils1 -- found version 1.5.1
[1.587s] -- Searching for dependencies of ignition-utils1
[1.592s] -- Looking for ignition-plugin1 -- found version 1.4.0
[1.592s] -- Searching for dependencies of ignition-plugin1
[1.593s] -- Searching for <ignition-plugin1> component [loader]
[1.597s] -- Looking for ignition-plugin1-loader -- found version 1.4.0
[1.597s] -- Searching for dependencies of ignition-plugin1-loader
[1.598s] -- Searching for <ignition-plugin1> component [register]
[1.601s] -- Looking for ignition-plugin1-register -- found version 1.4.0
[1.602s] -- Searching for dependencies of ignition-plugin1-register
[1.606s] -- Looking for ignition-transport11 -- found version 11.4.1
[1.607s] -- Searching for dependencies of ignition-transport11
[1.630s] -- Found Protobuf: /usr/lib/x86_64-linux-gnu/libprotobuf.so (found version "3.12.4") 
[1.639s] -- Config-file not installed for ZeroMQ -- checking for pkg-config
[1.643s] -- Checking for module 'libzmq >= 4'
[1.656s] --   Found libzmq , version 4.3.4
[1.690s] -- Found ZeroMQ: TRUE (Required is at least version "4") 
[1.698s] -- Checking for module 'uuid'
[1.714s] --   Found uuid, version 2.37.2
[1.755s] -- Found UUID: TRUE  
[1.756s] -- Looking for ignition-utils1 -- found version 1.5.1
[1.756s] -- Searching for dependencies of ignition-utils1
[1.756s] -- Searching for <ignition-utils1> component [cli]
[1.759s] -- Looking for ignition-utils1-cli -- found version 1.5.1
[1.759s] -- Searching for dependencies of ignition-utils1-cli
[1.763s] -- Looking for ignition-msgs8 -- found version 8.7.0
[1.764s] -- Searching for dependencies of ignition-msgs8
[1.787s] -- Found Protobuf: /usr/lib/x86_64-linux-gnu/libprotobuf.so (found suitable version "3.12.4", minimum required is "3") 
[1.788s] -- Looking for ignition-math6 -- found version 6.15.1
[1.798s] -- Searching for <ignition-transport11> component [log]
[1.801s] -- Looking for ignition-transport11-log -- found version 11.4.1
[1.801s] -- Searching for dependencies of ignition-transport11-log
[1.802s] -- Searching for <ignition-transport11> component [parameters]
[1.807s] -- Looking for ignition-transport11-parameters -- found version 11.4.1
[1.807s] -- Searching for dependencies of ignition-transport11-parameters
[1.811s] -- Looking for ignition-msgs8 -- found version 8.7.0
[1.812s] -- Looking for ignition-common4 -- found version 4.7.0
[1.813s] -- Searching for dependencies of ignition-common4
[1.814s] -- Looking for dlfcn.h - found
[1.816s] -- Looking for libdl - found
[1.819s] -- Found DL: TRUE  
[1.836s] -- Searching for <ignition-common4> component [profiler]
[1.840s] -- Looking for ignition-common4-profiler -- found version 4.7.0
[1.840s] -- Searching for dependencies of ignition-common4-profiler
[1.841s] -- Searching for <ignition-common4> component [events]
[1.847s] -- Looking for ignition-common4-events -- found version 4.7.0
[1.848s] -- Searching for dependencies of ignition-common4-events
[1.849s] -- Looking for ignition-math6 -- found version 6.15.1
[1.851s] -- Searching for <ignition-common4> component [av]
[1.860s] -- Looking for ignition-common4-av -- found version 4.7.0
[1.860s] -- Searching for dependencies of ignition-common4-av
[1.871s] -- Checking for module 'libswscale'
[1.909s] --   Found libswscale, version 5.9.100
[1.997s] -- Found SWSCALE: TRUE  
[2.010s] -- Checking for module 'libavdevice >= 56.4.100'
[2.045s] --   Found libavdevice , version 58.13.100
[2.133s] -- Found AVDEVICE: TRUE (Required is at least version "56.4.100") 
[2.143s] -- Checking for module 'libavformat'
[2.184s] --   Found libavformat, version 58.76.100
[2.248s] -- Found AVFORMAT: TRUE  
[2.255s] -- Checking for module 'libavcodec'
[2.275s] --   Found libavcodec, version 58.134.100
[2.331s] -- Found AVCODEC: TRUE  
[2.339s] -- Checking for module 'libavutil'
[2.364s] --   Found libavutil, version 56.70.100
[2.424s] -- Found AVUTIL: TRUE  
[2.429s] -- Looking for ignition-fuel_tools7 -- found version 7.3.0
[2.430s] -- Searching for dependencies of ignition-fuel_tools7
[2.546s] -- Found CURL: /usr/lib/x86_64-linux-gnu/libcurl.so (found version "7.81.0")  
[2.565s] -- Checking for module 'jsoncpp'
[2.590s] --   Found jsoncpp, version 1.9.5
[2.642s] -- Found JSONCPP: TRUE  
[2.668s] -- Checking for module 'libzip'
[2.696s] --   Found libzip, version 1.7.3
[2.759s] -- Found ZIP: TRUE  
[2.760s] -- Looking for ignition-common4 -- found version 4.7.0
[2.762s] -- Looking for ignition-math6 -- found version 6.15.1
[2.762s] -- Looking for ignition-msgs8 -- found version 8.7.0
[2.784s] -- Looking for ignition-gui6 -- found version 6.8.0
[2.784s] -- Searching for dependencies of ignition-gui6
[2.859s] -- Looking for ignition-math6 -- found version 6.15.1
[2.860s] -- Looking for ignition-common4 -- found version 4.7.0
[2.860s] -- Looking for ignition-plugin1 -- found version 1.4.0
[2.868s] -- Looking for ignition-transport11 -- found version 11.4.1
[2.869s] -- Looking for ignition-rendering6 -- found version 6.6.3
[2.872s] -- Searching for dependencies of ignition-rendering6
[2.873s] -- Looking for ignition-math6 -- found version 6.15.1
[2.874s] -- Searching for dependencies of ignition-math6
[2.874s] -- Searching for <ignition-math6> component [eigen3]
[2.884s] -- Looking for ignition-math6-eigen3 -- found version 6.15.1
[2.885s] -- Searching for dependencies of ignition-math6-eigen3
[2.907s] -- Looking for ignition-common4 -- found version 4.7.0
[2.908s] -- Searching for dependencies of ignition-common4
[2.911s] -- Looking for dlfcn.h - found
[2.911s] -- Looking for libdl - found
[2.938s] -- Searching for <ignition-common4> component [graphics]
[2.946s] -- Looking for ignition-common4-graphics -- found version 4.7.0
[2.946s] -- Searching for dependencies of ignition-common4-graphics
[2.947s] -- Looking for ignition-math6 -- found version 6.15.1
[2.947s] -- Looking for ignition-utils1 -- found version 1.5.1
[2.952s] -- Searching for <ignition-common4> component [events]
[2.953s] -- Looking for ignition-plugin1 -- found version 1.4.0
[2.953s] -- Searching for dependencies of ignition-plugin1
[2.953s] -- Searching for <ignition-plugin1> component [all]
[2.963s] -- Looking for all libraries of ignition-plugin1 -- found version 1.4.0
[2.964s] -- Looking for ignition-plugin1 -- found version 1.4.0
[2.972s] -- Looking for ignition-msgs8 -- found version 8.7.0
[3.052s] -- Looking for ignition-physics5 -- found version 5.3.2
[3.058s] -- Searching for dependencies of ignition-physics5
[3.058s] -- Looking for ignition-math6 -- found version 6.15.1
[3.058s] -- Looking for ignition-plugin1 -- found version 1.4.0
[3.059s] -- Looking for ignition-utils1 -- found version 1.5.1
[3.064s] -- Searching for <ignition-physics5> component [heightmap]
[3.072s] -- Looking for ignition-physics5-heightmap -- found version 5.3.2
[3.072s] -- Searching for dependencies of ignition-physics5-heightmap
[3.076s] -- Looking for ignition-common4 -- found version 4.7.0
[3.080s] -- Searching for <ignition-physics5> component [mesh]
[3.084s] -- Looking for ignition-physics5-mesh -- found version 5.3.2
[3.085s] -- Searching for dependencies of ignition-physics5-mesh
[3.086s] -- Looking for ignition-common4 -- found version 4.7.0
[3.087s] -- Searching for <ignition-physics5> component [sdf]
[3.097s] -- Looking for ignition-physics5-sdf -- found version 5.3.2
[3.098s] -- Searching for dependencies of ignition-physics5-sdf
[3.098s] -- Looking for sdformat12 -- found version 12.7.2
[3.105s] -- Looking for ignition-sensors6 -- found version 6.8.0
[3.107s] -- Searching for dependencies of ignition-sensors6
[3.155s] -- Found Protobuf: /usr/lib/x86_64-linux-gnu/libprotobuf.so (found version "3.12.4") 
[3.159s] -- Looking for ignition-math6 -- found version 6.15.1
[3.161s] -- Looking for ignition-common4 -- found version 4.7.0
[3.162s] -- Looking for ignition-transport11 -- found version 11.4.1
[3.162s] -- Looking for ignition-rendering6 -- found version 6.6.3
[3.162s] -- Looking for ignition-msgs8 -- found version 8.7.0
[3.166s] -- Looking for sdformat12 -- found version 12.7.2
[3.168s] -- Searching for <ignition-sensors6> component [air_pressure]
[3.174s] -- Looking for ignition-sensors6-air_pressure -- found version 6.8.0
[3.175s] -- Searching for dependencies of ignition-sensors6-air_pressure
[3.181s] -- Searching for <ignition-sensors6> component [altimeter]
[3.185s] -- Looking for ignition-sensors6-altimeter -- found version 6.8.0
[3.186s] -- Searching for dependencies of ignition-sensors6-altimeter
[3.187s] -- Searching for <ignition-sensors6> component [imu]
[3.194s] -- Looking for ignition-sensors6-imu -- found version 6.8.0
[3.195s] -- Searching for dependencies of ignition-sensors6-imu
[3.196s] -- Searching for <ignition-sensors6> component [force_torque]
[3.206s] -- Looking for ignition-sensors6-force_torque -- found version 6.8.0
[3.206s] -- Searching for dependencies of ignition-sensors6-force_torque
[3.209s] -- Searching for <ignition-sensors6> component [logical_camera]
[3.215s] -- Looking for ignition-sensors6-logical_camera -- found version 6.8.0
[3.216s] -- Searching for dependencies of ignition-sensors6-logical_camera
[3.216s] -- Searching for <ignition-sensors6> component [magnetometer]
[3.221s] -- Looking for ignition-sensors6-magnetometer -- found version 6.8.0
[3.221s] -- Searching for dependencies of ignition-sensors6-magnetometer
[3.221s] -- Searching for <ignition-sensors6> component [navsat]
[3.225s] -- Looking for ignition-sensors6-navsat -- found version 6.8.0
[3.226s] -- Searching for dependencies of ignition-sensors6-navsat
[3.227s] -- Searching for <ignition-sensors6> component [rendering]
[3.230s] -- Looking for ignition-sensors6-rendering -- found version 6.8.0
[3.233s] -- Searching for dependencies of ignition-sensors6-rendering
[3.233s] -- Searching for <ignition-sensors6> component [lidar]
[3.236s] -- Looking for ignition-sensors6-lidar -- found version 6.8.0
[3.236s] -- Searching for dependencies of ignition-sensors6-lidar
[3.237s] -- Looking for ignition-sensors6 -- found version 6.8.0
[3.238s] -- Searching for <ignition-sensors6> component [gpu_lidar]
[3.241s] -- Looking for ignition-sensors6-gpu_lidar -- found version 6.8.0
[3.242s] -- Searching for dependencies of ignition-sensors6-gpu_lidar
[3.243s] -- Looking for ignition-sensors6 -- found version 6.8.0
[3.244s] -- Searching for <ignition-sensors6> component [camera]
[3.248s] -- Looking for ignition-sensors6-camera -- found version 6.8.0
[3.248s] -- Searching for dependencies of ignition-sensors6-camera
[3.252s] -- Looking for ignition-sensors6 -- found version 6.8.0
[3.252s] -- Searching for <ignition-sensors6> component [boundingbox_camera]
[3.253s] -- Looking for ignition-sensors6-boundingbox_camera -- found version 6.8.0
[3.254s] -- Searching for dependencies of ignition-sensors6-boundingbox_camera
[3.256s] -- Searching for <ignition-sensors6> component [segmentation_camera]
[3.259s] -- Looking for ignition-sensors6-segmentation_camera -- found version 6.8.0
[3.260s] -- Searching for dependencies of ignition-sensors6-segmentation_camera
[3.261s] -- Searching for <ignition-sensors6> component [depth_camera]
[3.264s] -- Looking for ignition-sensors6-depth_camera -- found version 6.8.0
[3.265s] -- Searching for dependencies of ignition-sensors6-depth_camera
[3.266s] -- Looking for ignition-sensors6 -- found version 6.8.0
[3.267s] -- Searching for <ignition-sensors6> component [rgbd_camera]
[3.273s] -- Looking for ignition-sensors6-rgbd_camera -- found version 6.8.0
[3.273s] -- Searching for dependencies of ignition-sensors6-rgbd_camera
[3.274s] -- Looking for ignition-sensors6 -- found version 6.8.0
[3.275s] -- Searching for <ignition-sensors6> component [thermal_camera]
[3.279s] -- Looking for ignition-sensors6-thermal_camera -- found version 6.8.0
[3.282s] -- Searching for dependencies of ignition-sensors6-thermal_camera
[3.282s] -- Looking for ignition-sensors6 -- found version 6.8.0
[3.282s] -- Looking for ignition-rendering6 -- found version 6.6.3
[3.283s] -- Looking for ignition-math6 -- found version 6.15.1
[3.287s] -- Looking for ignition-utils1 -- found version 1.5.1
[3.314s] -- Compiling against Gazebo fortress
[3.315s] -- Looking for ignition-plugin1 -- found version 1.4.0
[3.353s] -- Found ament_lint_auto: 0.12.15 (/opt/ros/humble/share/ament_lint_auto/cmake)
[3.542s] -- Added test 'copyright' to check source files copyright and LICENSE
[3.547s] -- Added test 'cppcheck' to perform static code analysis on C / C++ code
[3.548s] -- Configured cppcheck include dirs: /home/unknown/ROS2_Workspaces/bumperbot_ws/src/gz_ros2_control/gz_ros2_control/include
[3.549s] -- Configured cppcheck exclude dirs and/or files: 
[3.553s] -- Added test 'cpplint' to check C / C++ code against the Google style
[3.554s] -- Configured cpplint exclude dirs and/or files: 
[3.559s] -- Added test 'lint_cmake' to check CMake code style
[3.560s] -- Added test 'uncrustify' to check C / C++ code style
[3.560s] -- Configured uncrustify additional arguments: 
[3.562s] -- Added test 'xmllint' to check XML markup files
[3.568s] -- Configuring done
[3.669s] -- Generating done
[3.712s] -- Build files have been written to: /home/unknown/ROS2_Workspaces/bumperbot_ws/build/gz_ros2_control
[3.751s] Invoked command in '/home/unknown/ROS2_Workspaces/bumperbot_ws/build/gz_ros2_control' returned '0': CMAKE_PREFIX_PATH=${CMAKE_PREFIX_PATH}:/home/unknown/ROS2_Workspaces/bumperbot_ws/install/my_robot_controller:/home/unknown/ROS2_Workspaces/bumperbot_ws/install/bumper_bot_py:/home/unknown/bumperbot_ws/install/my_robot_controller:/home/unknown/bumperbot_ws/install/bumper_bot_py:/home/unknown/ros2_ws/install/my_robot_controller:/home/unknown/ros2_ws/install/bumper_bot_py:/opt/ros/humble /usr/bin/cmake /home/unknown/ROS2_Workspaces/bumperbot_ws/src/gz_ros2_control/gz_ros2_control -DCMAKE_INSTALL_PREFIX=/home/unknown/ROS2_Workspaces/bumperbot_ws/install/gz_ros2_control
[3.753s] Invoking command in '/home/unknown/ROS2_Workspaces/bumperbot_ws/build/gz_ros2_control': CMAKE_PREFIX_PATH=${CMAKE_PREFIX_PATH}:/home/unknown/ROS2_Workspaces/bumperbot_ws/install/my_robot_controller:/home/unknown/ROS2_Workspaces/bumperbot_ws/install/bumper_bot_py:/home/unknown/bumperbot_ws/install/my_robot_controller:/home/unknown/bumperbot_ws/install/bumper_bot_py:/home/unknown/ros2_ws/install/my_robot_controller:/home/unknown/ros2_ws/install/bumper_bot_py:/opt/ros/humble /usr/bin/cmake --build /home/unknown/ROS2_Workspaces/bumperbot_ws/build/gz_ros2_control -- -j8 -l8
[3.910s] [ 16%] [32mBuilding CXX object CMakeFiles/gz_ros2_control-system.dir/src/gz_ros2_control_plugin.cpp.o[0m
[3.910s] [ 33%] [32mBuilding CXX object CMakeFiles/ign_ros2_control-system.dir/src/gz_ros2_control_plugin.cpp.o[0m
[3.912s] [ 50%] [32mBuilding CXX object CMakeFiles/gz_hardware_plugins.dir/src/gz_system.cpp.o[0m
[40.721s] [ 66%] [32m[1mLinking CXX shared library libgz_ros2_control-system.so[0m
[41.480s] [ 83%] [32m[1mLinking CXX shared library libgz_hardware_plugins.so[0m
[42.351s] [ 83%] Built target gz_ros2_control-system
[42.773s] [ 83%] Built target gz_hardware_plugins
[43.031s] [100%] [32m[1mLinking CXX shared library libign_ros2_control-system.so[0m
[43.780s] [100%] Built target ign_ros2_control-system
[43.791s] Invoked command in '/home/unknown/ROS2_Workspaces/bumperbot_ws/build/gz_ros2_control' returned '0': CMAKE_PREFIX_PATH=${CMAKE_PREFIX_PATH}:/home/unknown/ROS2_Workspaces/bumperbot_ws/install/my_robot_controller:/home/unknown/ROS2_Workspaces/bumperbot_ws/install/bumper_bot_py:/home/unknown/bumperbot_ws/install/my_robot_controller:/home/unknown/bumperbot_ws/install/bumper_bot_py:/home/unknown/ros2_ws/install/my_robot_controller:/home/unknown/ros2_ws/install/bumper_bot_py:/opt/ros/humble /usr/bin/cmake --build /home/unknown/ROS2_Workspaces/bumperbot_ws/build/gz_ros2_control -- -j8 -l8
[43.792s] Invoking command in '/home/unknown/ROS2_Workspaces/bumperbot_ws/build/gz_ros2_control': CMAKE_PREFIX_PATH=${CMAKE_PREFIX_PATH}:/home/unknown/ROS2_Workspaces/bumperbot_ws/install/my_robot_controller:/home/unknown/ROS2_Workspaces/bumperbot_ws/install/bumper_bot_py:/home/unknown/bumperbot_ws/install/my_robot_controller:/home/unknown/bumperbot_ws/install/bumper_bot_py:/home/unknown/ros2_ws/install/my_robot_controller:/home/unknown/ros2_ws/install/bumper_bot_py:/opt/ros/humble /usr/bin/cmake --install /home/unknown/ROS2_Workspaces/bumperbot_ws/build/gz_ros2_control
[43.799s] -- Install configuration: ""
[43.799s] -- Installing: /home/unknown/ROS2_Workspaces/bumperbot_ws/install/gz_ros2_control/lib/libgz_hardware_plugins.so
[43.802s] -- Set runtime path of "/home/unknown/ROS2_Workspaces/bumperbot_ws/install/gz_ros2_control/lib/libgz_hardware_plugins.so" to ""
[43.802s] -- Installing: /home/unknown/ROS2_Workspaces/bumperbot_ws/install/gz_ros2_control/include
[43.802s] -- Installing: /home/unknown/ROS2_Workspaces/bumperbot_ws/install/gz_ros2_control/include/gz_ros2_control
[43.802s] -- Installing: /home/unknown/ROS2_Workspaces/bumperbot_ws/install/gz_ros2_control/include/gz_ros2_control/gz_system_interface.hpp
[43.802s] -- Installing: /home/unknown/ROS2_Workspaces/bumperbot_ws/install/gz_ros2_control/include/gz_ros2_control/gz_ros2_control_plugin.hpp
[43.802s] -- Installing: /home/unknown/ROS2_Workspaces/bumperbot_ws/install/gz_ros2_control/include/gz_ros2_control/gz_system.hpp
[43.803s] -- Installing: /home/unknown/ROS2_Workspaces/bumperbot_ws/install/gz_ros2_control/share/gz_ros2_control/environment/library_path.sh
[43.803s] -- Installing: /home/unknown/ROS2_Workspaces/bumperbot_ws/install/gz_ros2_control/share/gz_ros2_control/environment/library_path.dsv
[43.803s] -- Installing: /home/unknown/ROS2_Workspaces/bumperbot_ws/install/gz_ros2_control/lib/libgz_ros2_control-system.so
[43.805s] -- Set runtime path of "/home/unknown/ROS2_Workspaces/bumperbot_ws/install/gz_ros2_control/lib/libgz_ros2_control-system.so" to ""
[43.806s] -- Installing: /home/unknown/ROS2_Workspaces/bumperbot_ws/install/gz_ros2_control/lib/libign_ros2_control-system.so
[43.808s] -- Set runtime path of "/home/unknown/ROS2_Workspaces/bumperbot_ws/install/gz_ros2_control/lib/libign_ros2_control-system.so" to ""
[43.809s] -- Installing: /home/unknown/ROS2_Workspaces/bumperbot_ws/install/gz_ros2_control/share/gz_ros2_control/gz_hardware_plugins.xml
[43.809s] -- Installing: /home/unknown/ROS2_Workspaces/bumperbot_ws/install/gz_ros2_control/share/ament_index/resource_index/package_run_dependencies/gz_ros2_control
[43.809s] -- Installing: /home/unknown/ROS2_Workspaces/bumperbot_ws/install/gz_ros2_control/share/ament_index/resource_index/parent_prefix_path/gz_ros2_control
[43.809s] -- Installing: /home/unknown/ROS2_Workspaces/bumperbot_ws/install/gz_ros2_control/share/gz_ros2_control/environment/ament_prefix_path.sh
[43.809s] -- Installing: /home/unknown/ROS2_Workspaces/bumperbot_ws/install/gz_ros2_control/share/gz_ros2_control/environment/ament_prefix_path.dsv
[43.809s] -- Installing: /home/unknown/ROS2_Workspaces/bumperbot_ws/install/gz_ros2_control/share/gz_ros2_control/environment/path.sh
[43.809s] -- Installing: /home/unknown/ROS2_Workspaces/bumperbot_ws/install/gz_ros2_control/share/gz_ros2_control/environment/path.dsv
[43.809s] -- Installing: /home/unknown/ROS2_Workspaces/bumperbot_ws/install/gz_ros2_control/share/gz_ros2_control/local_setup.bash
[43.809s] -- Installing: /home/unknown/ROS2_Workspaces/bumperbot_ws/install/gz_ros2_control/share/gz_ros2_control/local_setup.sh
[43.810s] -- Installing: /home/unknown/ROS2_Workspaces/bumperbot_ws/install/gz_ros2_control/share/gz_ros2_control/local_setup.zsh
[43.810s] -- Installing: /home/unknown/ROS2_Workspaces/bumperbot_ws/install/gz_ros2_control/share/gz_ros2_control/local_setup.dsv
[43.810s] -- Installing: /home/unknown/ROS2_Workspaces/bumperbot_ws/install/gz_ros2_control/share/gz_ros2_control/package.dsv
[43.810s] -- Installing: /home/unknown/ROS2_Workspaces/bumperbot_ws/install/gz_ros2_control/share/ament_index/resource_index/packages/gz_ros2_control
[43.810s] -- Installing: /home/unknown/ROS2_Workspaces/bumperbot_ws/install/gz_ros2_control/share/ament_index/resource_index/gz_ros2_control__pluginlib__plugin/gz_ros2_control
[43.810s] -- Installing: /home/unknown/ROS2_Workspaces/bumperbot_ws/install/gz_ros2_control/share/gz_ros2_control/cmake/ament_cmake_export_include_directories-extras.cmake
[43.810s] -- Installing: /home/unknown/ROS2_Workspaces/bumperbot_ws/install/gz_ros2_control/share/gz_ros2_control/cmake/ament_cmake_export_libraries-extras.cmake
[43.810s] -- Installing: /home/unknown/ROS2_Workspaces/bumperbot_ws/install/gz_ros2_control/share/gz_ros2_control/cmake/gz_ros2_controlConfig.cmake
[43.811s] -- Installing: /home/unknown/ROS2_Workspaces/bumperbot_ws/install/gz_ros2_control/share/gz_ros2_control/cmake/gz_ros2_controlConfig-version.cmake
[43.811s] -- Installing: /home/unknown/ROS2_Workspaces/bumperbot_ws/install/gz_ros2_control/share/gz_ros2_control/package.xml
[43.813s] Invoked command in '/home/unknown/ROS2_Workspaces/bumperbot_ws/build/gz_ros2_control' returned '0': CMAKE_PREFIX_PATH=${CMAKE_PREFIX_PATH}:/home/unknown/ROS2_Workspaces/bumperbot_ws/install/my_robot_controller:/home/unknown/ROS2_Workspaces/bumperbot_ws/install/bumper_bot_py:/home/unknown/bumperbot_ws/install/my_robot_controller:/home/unknown/bumperbot_ws/install/bumper_bot_py:/home/unknown/ros2_ws/install/my_robot_controller:/home/unknown/ros2_ws/install/bumper_bot_py:/opt/ros/humble /usr/bin/cmake --install /home/unknown/ROS2_Workspaces/bumperbot_ws/build/gz_ros2_control
