[0.704s] Invoking command in '/home/unknown/ROS2_Workspaces/bumperbot_ws/src/bumper_bot_py': CMAKE_PREFIX_PATH=/home/unknown/ROS2_Workspaces/bumperbot_ws/install/bumperbot_msgs:/home/unknown/ROS2_Workspaces/bumperbot_ws/install/ign_ros2_control_demos:/home/unknown/ROS2_Workspaces/bumperbot_ws/install/bumper_bot:/home/unknown/ROS2_Workspaces/bumperbot_ws/install/ign_ros2_control:/home/unknown/ROS2_Workspaces/bumperbot_ws/install/gz_ros2_control_tests:/home/unknown/ROS2_Workspaces/bumperbot_ws/install/gz_ros2_control_demos:/home/unknown/ROS2_Workspaces/bumperbot_ws/install/gz_ros2_control:/home/unknown/ROS2_Workspaces/bumperbot_ws/install/cpp_folder:/home/unknown/ROS2_Workspaces/bumperbot_ws/install/bumperbot_utils:/home/unknown/ROS2_Workspaces/bumperbot_ws/install/bumperbot_localisation:/home/unknown/ROS2_Workspaces/bumperbot_ws/install/bumperbot_firmware:/home/unknown/ROS2_Workspaces/bumperbot_ws/install/bumperbot_controller LD_LIBRARY_PATH=/home/unknown/ROS2_Workspaces/bumperbot_ws/install/bumperbot_msgs/lib:/home/unknown/ROS2_Workspaces/bumperbot_ws/install/gz_ros2_control/lib:/home/unknown/bumperbot_ws/install/gz_ros2_control/lib:/home/unknown/bumperbot_ws/install/bumperbot_msgs/lib:/home/unknown/ros2_ws/install/gz_ros2_control/lib:/home/unknown/ros2_ws/install/bumperbot_msgs/lib:/opt/ros/humble/opt/rviz_ogre_vendor/lib:/opt/ros/humble/lib/x86_64-linux-gnu:/opt/ros/humble/lib PYTHONPATH=/home/unknown/ROS2_Workspaces/bumperbot_ws/build/bumper_bot_py/prefix_override:/usr/lib/python3/dist-packages/colcon_core/task/python/colcon_distutils_commands:/home/unknown/ROS2_Workspaces/bumperbot_ws/install/bumper_bot_py/lib/python3.10/site-packages:${PYTHONPATH} /usr/bin/python3 -W ignore:setup.py install is deprecated -W ignore:easy_install command is deprecated setup.py egg_info --egg-base ../../build/bumper_bot_py build --build-base /home/unknown/ROS2_Workspaces/bumperbot_ws/build/bumper_bot_py/build install --record /home/unknown/ROS2_Workspaces/bumperbot_ws/build/bumper_bot_py/install.log --single-version-externally-managed install_data
[0.926s] running egg_info
[0.927s] writing ../../build/bumper_bot_py/bumper_bot_py.egg-info/PKG-INFO
[0.927s] writing dependency_links to ../../build/bumper_bot_py/bumper_bot_py.egg-info/dependency_links.txt
[0.927s] writing entry points to ../../build/bumper_bot_py/bumper_bot_py.egg-info/entry_points.txt
[0.927s] writing requirements to ../../build/bumper_bot_py/bumper_bot_py.egg-info/requires.txt
[0.927s] writing top-level names to ../../build/bumper_bot_py/bumper_bot_py.egg-info/top_level.txt
[0.929s] reading manifest file '../../build/bumper_bot_py/bumper_bot_py.egg-info/SOURCES.txt'
[0.929s] writing manifest file '../../build/bumper_bot_py/bumper_bot_py.egg-info/SOURCES.txt'
[0.930s] running build
[0.930s] running build_py
[0.930s] running install
[0.930s] running install_lib
[0.932s] running install_data
[0.932s] running install_egg_info
[0.933s] removing '/home/unknown/ROS2_Workspaces/bumperbot_ws/install/bumper_bot_py/lib/python3.10/site-packages/bumper_bot_py-0.0.0-py3.10.egg-info' (and everything under it)
[0.933s] Copying ../../build/bumper_bot_py/bumper_bot_py.egg-info to /home/unknown/ROS2_Workspaces/bumperbot_ws/install/bumper_bot_py/lib/python3.10/site-packages/bumper_bot_py-0.0.0-py3.10.egg-info
[0.934s] running install_scripts
[0.951s] Installing dynamic_tf_kinematics script to /home/unknown/ROS2_Workspaces/bumperbot_ws/install/bumper_bot_py/lib/bumper_bot_py
[0.951s] Installing euler_to_quaternion script to /home/unknown/ROS2_Workspaces/bumperbot_ws/install/bumper_bot_py/lib/bumper_bot_py
[0.951s] Installing simple_parameter script to /home/unknown/ROS2_Workspaces/bumperbot_ws/install/bumper_bot_py/lib/bumper_bot_py
[0.951s] Installing simple_publisher script to /home/unknown/ROS2_Workspaces/bumperbot_ws/install/bumper_bot_py/lib/bumper_bot_py
[0.951s] Installing simple_service_client script to /home/unknown/ROS2_Workspaces/bumperbot_ws/install/bumper_bot_py/lib/bumper_bot_py
[0.951s] Installing simple_service_server script to /home/unknown/ROS2_Workspaces/bumperbot_ws/install/bumper_bot_py/lib/bumper_bot_py
[0.951s] Installing simple_subscriber script to /home/unknown/ROS2_Workspaces/bumperbot_ws/install/bumper_bot_py/lib/bumper_bot_py
[0.951s] Installing simple_tf_kinematics script to /home/unknown/ROS2_Workspaces/bumperbot_ws/install/bumper_bot_py/lib/bumper_bot_py
[0.951s] Installing simple_tf_service script to /home/unknown/ROS2_Workspaces/bumperbot_ws/install/bumper_bot_py/lib/bumper_bot_py
[0.951s] Installing turtlesim_kinematics script to /home/unknown/ROS2_Workspaces/bumperbot_ws/install/bumper_bot_py/lib/bumper_bot_py
[0.951s] Installing turtlesim_rotation script to /home/unknown/ROS2_Workspaces/bumperbot_ws/install/bumper_bot_py/lib/bumper_bot_py
[0.952s] writing list of installed files to '/home/unknown/ROS2_Workspaces/bumperbot_ws/build/bumper_bot_py/install.log'
[0.973s] Invoked command in '/home/unknown/ROS2_Workspaces/bumperbot_ws/src/bumper_bot_py' returned '0': CMAKE_PREFIX_PATH=/home/unknown/ROS2_Workspaces/bumperbot_ws/install/bumperbot_msgs:/home/unknown/ROS2_Workspaces/bumperbot_ws/install/ign_ros2_control_demos:/home/unknown/ROS2_Workspaces/bumperbot_ws/install/bumper_bot:/home/unknown/ROS2_Workspaces/bumperbot_ws/install/ign_ros2_control:/home/unknown/ROS2_Workspaces/bumperbot_ws/install/gz_ros2_control_tests:/home/unknown/ROS2_Workspaces/bumperbot_ws/install/gz_ros2_control_demos:/home/unknown/ROS2_Workspaces/bumperbot_ws/install/gz_ros2_control:/home/unknown/ROS2_Workspaces/bumperbot_ws/install/cpp_folder:/home/unknown/ROS2_Workspaces/bumperbot_ws/install/bumperbot_utils:/home/unknown/ROS2_Workspaces/bumperbot_ws/install/bumperbot_localisation:/home/unknown/ROS2_Workspaces/bumperbot_ws/install/bumperbot_firmware:/home/unknown/ROS2_Workspaces/bumperbot_ws/install/bumperbot_controller LD_LIBRARY_PATH=/home/unknown/ROS2_Workspaces/bumperbot_ws/install/bumperbot_msgs/lib:/home/unknown/ROS2_Workspaces/bumperbot_ws/install/gz_ros2_control/lib:/home/unknown/bumperbot_ws/install/gz_ros2_control/lib:/home/unknown/bumperbot_ws/install/bumperbot_msgs/lib:/home/unknown/ros2_ws/install/gz_ros2_control/lib:/home/unknown/ros2_ws/install/bumperbot_msgs/lib:/opt/ros/humble/opt/rviz_ogre_vendor/lib:/opt/ros/humble/lib/x86_64-linux-gnu:/opt/ros/humble/lib PYTHONPATH=/home/unknown/ROS2_Workspaces/bumperbot_ws/build/bumper_bot_py/prefix_override:/usr/lib/python3/dist-packages/colcon_core/task/python/colcon_distutils_commands:/home/unknown/ROS2_Workspaces/bumperbot_ws/install/bumper_bot_py/lib/python3.10/site-packages:${PYTHONPATH} /usr/bin/python3 -W ignore:setup.py install is deprecated -W ignore:easy_install command is deprecated setup.py egg_info --egg-base ../../build/bumper_bot_py build --build-base /home/unknown/ROS2_Workspaces/bumperbot_ws/build/bumper_bot_py/build install --record /home/unknown/ROS2_Workspaces/bumperbot_ws/build/bumper_bot_py/install.log --single-version-externally-managed install_data
