[0.021s] Invoking command in '/home/unknown/ROS2_Workspaces/bumperbot_ws/build/bumperbot_firmware': CMAKE_PREFIX_PATH=${CMAKE_PREFIX_PATH}:/home/unknown/ROS2_Workspaces/bumperbot_ws/install/my_robot_controller:/home/unknown/ROS2_Workspaces/bumperbot_ws/install/bumper_bot_py:/home/unknown/bumperbot_ws/install/my_robot_controller:/home/unknown/bumperbot_ws/install/bumper_bot_py:/home/unknown/ros2_ws/install/my_robot_controller:/home/unknown/ros2_ws/install/bumper_bot_py:/opt/ros/humble /usr/bin/cmake /home/unknown/ROS2_Workspaces/bumperbot_ws/src/bumperbot_firmware -DCMAKE_INSTALL_PREFIX=/home/unknown/ROS2_Workspaces/bumperbot_ws/install/bumperbot_firmware
[0.142s] -- The C compiler identification is GNU 11.4.0
[0.225s] -- The CXX compiler identification is GNU 11.4.0
[0.235s] -- Detecting C compiler ABI info
[0.319s] -- Detecting C compiler ABI info - done
[0.331s] -- Check for working C compiler: /usr/bin/cc - skipped
[0.331s] -- Detecting C compile features
[0.332s] -- Detecting C compile features - done
[0.336s] -- Detecting CXX compiler ABI info
[0.438s] -- Detecting CXX compiler ABI info - done
[0.450s] -- Check for working CXX compiler: /usr/bin/c++ - skipped
[0.451s] -- Detecting CXX compile features
[0.451s] -- Detecting CXX compile features - done
[0.454s] -- Found ament_cmake: 1.3.13 (/opt/ros/humble/share/ament_cmake/cmake)
[0.677s] -- Found Python3: /usr/bin/python3 (found version "3.10.12") found components: Interpreter 
[0.800s] -- Found ament_lint_auto: 0.12.15 (/opt/ros/humble/share/ament_lint_auto/cmake)
[0.908s] -- Added test 'flake8' to check Python code syntax and style conventions
[0.910s] -- Added test 'lint_cmake' to check CMake code style
[0.911s] -- Added test 'pep257' to check Python code against some of the docstring style conventions in PEP 257
[0.913s] -- Added test 'xmllint' to check XML markup files
[0.916s] -- Configuring done
[0.920s] -- Generating done
[0.922s] -- Build files have been written to: /home/unknown/ROS2_Workspaces/bumperbot_ws/build/bumperbot_firmware
[0.929s] Invoked command in '/home/unknown/ROS2_Workspaces/bumperbot_ws/build/bumperbot_firmware' returned '0': CMAKE_PREFIX_PATH=${CMAKE_PREFIX_PATH}:/home/unknown/ROS2_Workspaces/bumperbot_ws/install/my_robot_controller:/home/unknown/ROS2_Workspaces/bumperbot_ws/install/bumper_bot_py:/home/unknown/bumperbot_ws/install/my_robot_controller:/home/unknown/bumperbot_ws/install/bumper_bot_py:/home/unknown/ros2_ws/install/my_robot_controller:/home/unknown/ros2_ws/install/bumper_bot_py:/opt/ros/humble /usr/bin/cmake /home/unknown/ROS2_Workspaces/bumperbot_ws/src/bumperbot_firmware -DCMAKE_INSTALL_PREFIX=/home/unknown/ROS2_Workspaces/bumperbot_ws/install/bumperbot_firmware
[0.930s] Invoking command in '/home/unknown/ROS2_Workspaces/bumperbot_ws/build/bumperbot_firmware': CMAKE_PREFIX_PATH=${CMAKE_PREFIX_PATH}:/home/unknown/ROS2_Workspaces/bumperbot_ws/install/my_robot_controller:/home/unknown/ROS2_Workspaces/bumperbot_ws/install/bumper_bot_py:/home/unknown/bumperbot_ws/install/my_robot_controller:/home/unknown/bumperbot_ws/install/bumper_bot_py:/home/unknown/ros2_ws/install/my_robot_controller:/home/unknown/ros2_ws/install/bumper_bot_py:/opt/ros/humble /usr/bin/cmake --build /home/unknown/ROS2_Workspaces/bumperbot_ws/build/bumperbot_firmware -- -j8 -l8
[0.974s] Invoked command in '/home/unknown/ROS2_Workspaces/bumperbot_ws/build/bumperbot_firmware' returned '0': CMAKE_PREFIX_PATH=${CMAKE_PREFIX_PATH}:/home/unknown/ROS2_Workspaces/bumperbot_ws/install/my_robot_controller:/home/unknown/ROS2_Workspaces/bumperbot_ws/install/bumper_bot_py:/home/unknown/bumperbot_ws/install/my_robot_controller:/home/unknown/bumperbot_ws/install/bumper_bot_py:/home/unknown/ros2_ws/install/my_robot_controller:/home/unknown/ros2_ws/install/bumper_bot_py:/opt/ros/humble /usr/bin/cmake --build /home/unknown/ROS2_Workspaces/bumperbot_ws/build/bumperbot_firmware -- -j8 -l8
[0.981s] Invoking command in '/home/unknown/ROS2_Workspaces/bumperbot_ws/build/bumperbot_firmware': CMAKE_PREFIX_PATH=${CMAKE_PREFIX_PATH}:/home/unknown/ROS2_Workspaces/bumperbot_ws/install/my_robot_controller:/home/unknown/ROS2_Workspaces/bumperbot_ws/install/bumper_bot_py:/home/unknown/bumperbot_ws/install/my_robot_controller:/home/unknown/bumperbot_ws/install/bumper_bot_py:/home/unknown/ros2_ws/install/my_robot_controller:/home/unknown/ros2_ws/install/bumper_bot_py:/opt/ros/humble /usr/bin/cmake --install /home/unknown/ROS2_Workspaces/bumperbot_ws/build/bumperbot_firmware
[0.990s] -- Install configuration: ""
[0.990s] -- Installing: /home/unknown/ROS2_Workspaces/bumperbot_ws/install/bumperbot_firmware/share/ament_index/resource_index/package_run_dependencies/bumperbot_firmware
[0.990s] -- Installing: /home/unknown/ROS2_Workspaces/bumperbot_ws/install/bumperbot_firmware/share/ament_index/resource_index/parent_prefix_path/bumperbot_firmware
[0.990s] -- Installing: /home/unknown/ROS2_Workspaces/bumperbot_ws/install/bumperbot_firmware/share/bumperbot_firmware/environment/ament_prefix_path.sh
[0.990s] -- Installing: /home/unknown/ROS2_Workspaces/bumperbot_ws/install/bumperbot_firmware/share/bumperbot_firmware/environment/ament_prefix_path.dsv
[0.990s] -- Installing: /home/unknown/ROS2_Workspaces/bumperbot_ws/install/bumperbot_firmware/share/bumperbot_firmware/environment/path.sh
[0.990s] -- Installing: /home/unknown/ROS2_Workspaces/bumperbot_ws/install/bumperbot_firmware/share/bumperbot_firmware/environment/path.dsv
[0.990s] -- Installing: /home/unknown/ROS2_Workspaces/bumperbot_ws/install/bumperbot_firmware/share/bumperbot_firmware/local_setup.bash
[0.990s] -- Installing: /home/unknown/ROS2_Workspaces/bumperbot_ws/install/bumperbot_firmware/share/bumperbot_firmware/local_setup.sh
[0.990s] -- Installing: /home/unknown/ROS2_Workspaces/bumperbot_ws/install/bumperbot_firmware/share/bumperbot_firmware/local_setup.zsh
[0.990s] -- Installing: /home/unknown/ROS2_Workspaces/bumperbot_ws/install/bumperbot_firmware/share/bumperbot_firmware/local_setup.dsv
[0.991s] -- Installing: /home/unknown/ROS2_Workspaces/bumperbot_ws/install/bumperbot_firmware/share/bumperbot_firmware/package.dsv
[0.991s] -- Installing: /home/unknown/ROS2_Workspaces/bumperbot_ws/install/bumperbot_firmware/share/ament_index/resource_index/packages/bumperbot_firmware
[0.991s] -- Installing: /home/unknown/ROS2_Workspaces/bumperbot_ws/install/bumperbot_firmware/share/bumperbot_firmware/cmake/bumperbot_firmwareConfig.cmake
[0.991s] -- Installing: /home/unknown/ROS2_Workspaces/bumperbot_ws/install/bumperbot_firmware/share/bumperbot_firmware/cmake/bumperbot_firmwareConfig-version.cmake
[0.991s] -- Installing: /home/unknown/ROS2_Workspaces/bumperbot_ws/install/bumperbot_firmware/share/bumperbot_firmware/package.xml
[0.992s] Invoked command in '/home/unknown/ROS2_Workspaces/bumperbot_ws/build/bumperbot_firmware' returned '0': CMAKE_PREFIX_PATH=${CMAKE_PREFIX_PATH}:/home/unknown/ROS2_Workspaces/bumperbot_ws/install/my_robot_controller:/home/unknown/ROS2_Workspaces/bumperbot_ws/install/bumper_bot_py:/home/unknown/bumperbot_ws/install/my_robot_controller:/home/unknown/bumperbot_ws/install/bumper_bot_py:/home/unknown/ros2_ws/install/my_robot_controller:/home/unknown/ros2_ws/install/bumper_bot_py:/opt/ros/humble /usr/bin/cmake --install /home/unknown/ROS2_Workspaces/bumperbot_ws/build/bumperbot_firmware
