[0.023s] Invoking command in '/home/unknown/ROS2_Workspaces/bumperbot_ws/build/gz_ros2_control_demos': CMAKE_PREFIX_PATH=/home/unknown/ROS2_Workspaces/bumperbot_ws/install/gz_ros2_control:/home/unknown/ROS2_Workspaces/bumperbot_ws/install/ign_ros2_control_demos:/home/unknown/ROS2_Workspaces/bumperbot_ws/install/bumper_bot:/home/unknown/ROS2_Workspaces/bumperbot_ws/install/ign_ros2_control:/home/unknown/ROS2_Workspaces/bumperbot_ws/install/gz_ros2_control_tests:/home/unknown/ROS2_Workspaces/bumperbot_ws/install/gz_ros2_control_demos:/home/unknown/ROS2_Workspaces/bumperbot_ws/install/cpp_folder:/home/unknown/ROS2_Workspaces/bumperbot_ws/install/bumperbot_utils:/home/unknown/ROS2_Workspaces/bumperbot_ws/install/bumperbot_msgs:/home/unknown/ROS2_Workspaces/bumperbot_ws/install/bumperbot_localisation:/home/unknown/ROS2_Workspaces/bumperbot_ws/install/bumperbot_firmware:/home/unknown/ROS2_Workspaces/bumperbot_ws/install/bumperbot_controller:/home/unknown/ROS2_Workspaces/bumperbot_ws/install/my_robot_controller:/home/unknown/ROS2_Workspaces/bumperbot_ws/install/bumper_bot_py:/opt/ros/humble /usr/bin/cmake --build /home/unknown/ROS2_Workspaces/bumperbot_ws/build/gz_ros2_control_demos -- -j8 -l8
[0.070s] [35m[1mConsolidate compiler generated dependencies of target example_tricycle_drive[0m
[0.071s] [35m[1mConsolidate compiler generated dependencies of target example_diff_drive[0m
[0.071s] [35m[1mConsolidate compiler generated dependencies of target example_velocity[0m
[0.075s] [35m[1mConsolidate compiler generated dependencies of target example_position[0m
[0.079s] [35m[1mConsolidate compiler generated dependencies of target example_effort[0m
[0.079s] [35m[1mConsolidate compiler generated dependencies of target example_gripper[0m
[0.079s] [35m[1mConsolidate compiler generated dependencies of target example_ackermann_drive[0m
[0.109s] [ 14%] Built target example_tricycle_drive
[0.109s] [ 28%] Built target example_diff_drive
[0.110s] [ 42%] Built target example_velocity
[0.110s] [ 57%] Built target example_gripper
[0.110s] [ 71%] Built target example_position
[0.110s] [ 85%] Built target example_ackermann_drive
[0.110s] [100%] Built target example_effort
[0.150s] Invoked command in '/home/unknown/ROS2_Workspaces/bumperbot_ws/build/gz_ros2_control_demos' returned '0': CMAKE_PREFIX_PATH=/home/unknown/ROS2_Workspaces/bumperbot_ws/install/gz_ros2_control:/home/unknown/ROS2_Workspaces/bumperbot_ws/install/ign_ros2_control_demos:/home/unknown/ROS2_Workspaces/bumperbot_ws/install/bumper_bot:/home/unknown/ROS2_Workspaces/bumperbot_ws/install/ign_ros2_control:/home/unknown/ROS2_Workspaces/bumperbot_ws/install/gz_ros2_control_tests:/home/unknown/ROS2_Workspaces/bumperbot_ws/install/gz_ros2_control_demos:/home/unknown/ROS2_Workspaces/bumperbot_ws/install/cpp_folder:/home/unknown/ROS2_Workspaces/bumperbot_ws/install/bumperbot_utils:/home/unknown/ROS2_Workspaces/bumperbot_ws/install/bumperbot_msgs:/home/unknown/ROS2_Workspaces/bumperbot_ws/install/bumperbot_localisation:/home/unknown/ROS2_Workspaces/bumperbot_ws/install/bumperbot_firmware:/home/unknown/ROS2_Workspaces/bumperbot_ws/install/bumperbot_controller:/home/unknown/ROS2_Workspaces/bumperbot_ws/install/my_robot_controller:/home/unknown/ROS2_Workspaces/bumperbot_ws/install/bumper_bot_py:/opt/ros/humble /usr/bin/cmake --build /home/unknown/ROS2_Workspaces/bumperbot_ws/build/gz_ros2_control_demos -- -j8 -l8
[0.151s] Invoking command in '/home/unknown/ROS2_Workspaces/bumperbot_ws/build/gz_ros2_control_demos': CMAKE_PREFIX_PATH=/home/unknown/ROS2_Workspaces/bumperbot_ws/install/gz_ros2_control:/home/unknown/ROS2_Workspaces/bumperbot_ws/install/ign_ros2_control_demos:/home/unknown/ROS2_Workspaces/bumperbot_ws/install/bumper_bot:/home/unknown/ROS2_Workspaces/bumperbot_ws/install/ign_ros2_control:/home/unknown/ROS2_Workspaces/bumperbot_ws/install/gz_ros2_control_tests:/home/unknown/ROS2_Workspaces/bumperbot_ws/install/gz_ros2_control_demos:/home/unknown/ROS2_Workspaces/bumperbot_ws/install/cpp_folder:/home/unknown/ROS2_Workspaces/bumperbot_ws/install/bumperbot_utils:/home/unknown/ROS2_Workspaces/bumperbot_ws/install/bumperbot_msgs:/home/unknown/ROS2_Workspaces/bumperbot_ws/install/bumperbot_localisation:/home/unknown/ROS2_Workspaces/bumperbot_ws/install/bumperbot_firmware:/home/unknown/ROS2_Workspaces/bumperbot_ws/install/bumperbot_controller:/home/unknown/ROS2_Workspaces/bumperbot_ws/install/my_robot_controller:/home/unknown/ROS2_Workspaces/bumperbot_ws/install/bumper_bot_py:/opt/ros/humble /usr/bin/cmake --install /home/unknown/ROS2_Workspaces/bumperbot_ws/build/gz_ros2_control_demos
[0.161s] -- Install configuration: ""
[0.162s] -- Up-to-date: /home/unknown/ROS2_Workspaces/bumperbot_ws/install/gz_ros2_control_demos/share/gz_ros2_control_demos//launch
[0.162s] -- Up-to-date: /home/unknown/ROS2_Workspaces/bumperbot_ws/install/gz_ros2_control_demos/share/gz_ros2_control_demos//launch/pendulum_example_position.launch.py
[0.162s] -- Up-to-date: /home/unknown/ROS2_Workspaces/bumperbot_ws/install/gz_ros2_control_demos/share/gz_ros2_control_demos//launch/cart_example_position.launch.py
[0.162s] -- Up-to-date: /home/unknown/ROS2_Workspaces/bumperbot_ws/install/gz_ros2_control_demos/share/gz_ros2_control_demos//launch/tricycle_drive_example.launch.py
[0.162s] -- Up-to-date: /home/unknown/ROS2_Workspaces/bumperbot_ws/install/gz_ros2_control_demos/share/gz_ros2_control_demos//launch/cart_example_effort.launch.py
[0.162s] -- Up-to-date: /home/unknown/ROS2_Workspaces/bumperbot_ws/install/gz_ros2_control_demos/share/gz_ros2_control_demos//launch/diff_drive_example_namespaced.launch.py
[0.162s] -- Up-to-date: /home/unknown/ROS2_Workspaces/bumperbot_ws/install/gz_ros2_control_demos/share/gz_ros2_control_demos//launch/cart_example_velocity.launch.py
[0.162s] -- Up-to-date: /home/unknown/ROS2_Workspaces/bumperbot_ws/install/gz_ros2_control_demos/share/gz_ros2_control_demos//launch/gripper_mimic_joint_example.launch.py
[0.163s] -- Up-to-date: /home/unknown/ROS2_Workspaces/bumperbot_ws/install/gz_ros2_control_demos/share/gz_ros2_control_demos//launch/diff_drive_example.launch.py
[0.163s] -- Up-to-date: /home/unknown/ROS2_Workspaces/bumperbot_ws/install/gz_ros2_control_demos/share/gz_ros2_control_demos//launch/cart_example_ft_sensor.launch.py
[0.163s] -- Up-to-date: /home/unknown/ROS2_Workspaces/bumperbot_ws/install/gz_ros2_control_demos/share/gz_ros2_control_demos//launch/pendulum_example_effort.launch.py
[0.163s] -- Up-to-date: /home/unknown/ROS2_Workspaces/bumperbot_ws/install/gz_ros2_control_demos/share/gz_ros2_control_demos//launch/mecanum_drive_example.launch.py
[0.163s] -- Up-to-date: /home/unknown/ROS2_Workspaces/bumperbot_ws/install/gz_ros2_control_demos/share/gz_ros2_control_demos//launch/ackermann_drive_example.launch.py
[0.163s] -- Up-to-date: /home/unknown/ROS2_Workspaces/bumperbot_ws/install/gz_ros2_control_demos/share/gz_ros2_control_demos//config
[0.163s] -- Up-to-date: /home/unknown/ROS2_Workspaces/bumperbot_ws/install/gz_ros2_control_demos/share/gz_ros2_control_demos//config/cart_controller_velocity.yaml
[0.163s] -- Up-to-date: /home/unknown/ROS2_Workspaces/bumperbot_ws/install/gz_ros2_control_demos/share/gz_ros2_control_demos//config/cart_controller_effort.yaml
[0.163s] -- Up-to-date: /home/unknown/ROS2_Workspaces/bumperbot_ws/install/gz_ros2_control_demos/share/gz_ros2_control_demos//config/diff_drive_controller.yaml
[0.163s] -- Up-to-date: /home/unknown/ROS2_Workspaces/bumperbot_ws/install/gz_ros2_control_demos/share/gz_ros2_control_demos//config/tricycle_drive_controller.yaml
[0.163s] -- Up-to-date: /home/unknown/ROS2_Workspaces/bumperbot_ws/install/gz_ros2_control_demos/share/gz_ros2_control_demos//config/cart_controller_ft_sensor.yaml
[0.163s] -- Up-to-date: /home/unknown/ROS2_Workspaces/bumperbot_ws/install/gz_ros2_control_demos/share/gz_ros2_control_demos//config/cart_controller_position.yaml
[0.163s] -- Up-to-date: /home/unknown/ROS2_Workspaces/bumperbot_ws/install/gz_ros2_control_demos/share/gz_ros2_control_demos//config/ackermann_drive_controller.yaml
[0.163s] -- Up-to-date: /home/unknown/ROS2_Workspaces/bumperbot_ws/install/gz_ros2_control_demos/share/gz_ros2_control_demos//config/gripper_controller.yaml
[0.163s] -- Up-to-date: /home/unknown/ROS2_Workspaces/bumperbot_ws/install/gz_ros2_control_demos/share/gz_ros2_control_demos//config/mecanum_drive_controller.yaml
[0.163s] -- Up-to-date: /home/unknown/ROS2_Workspaces/bumperbot_ws/install/gz_ros2_control_demos/share/gz_ros2_control_demos//urdf
[0.163s] -- Up-to-date: /home/unknown/ROS2_Workspaces/bumperbot_ws/install/gz_ros2_control_demos/share/gz_ros2_control_demos//urdf/test_diff_drive.xacro.urdf
[0.163s] -- Up-to-date: /home/unknown/ROS2_Workspaces/bumperbot_ws/install/gz_ros2_control_demos/share/gz_ros2_control_demos//urdf/test_cart_ft_sensor.xacro.urdf
[0.164s] -- Up-to-date: /home/unknown/ROS2_Workspaces/bumperbot_ws/install/gz_ros2_control_demos/share/gz_ros2_control_demos//urdf/test_mecanum_drive.xacro.urdf
[0.164s] -- Up-to-date: /home/unknown/ROS2_Workspaces/bumperbot_ws/install/gz_ros2_control_demos/share/gz_ros2_control_demos//urdf/test_pendulum_effort.xacro.urdf
[0.164s] -- Up-to-date: /home/unknown/ROS2_Workspaces/bumperbot_ws/install/gz_ros2_control_demos/share/gz_ros2_control_demos//urdf/test_cart_effort.xacro.urdf
[0.164s] -- Up-to-date: /home/unknown/ROS2_Workspaces/bumperbot_ws/install/gz_ros2_control_demos/share/gz_ros2_control_demos//urdf/test_ackermann_drive.xacro.urdf
[0.164s] -- Up-to-date: /home/unknown/ROS2_Workspaces/bumperbot_ws/install/gz_ros2_control_demos/share/gz_ros2_control_demos//urdf/test_gripper_mimic_joint.xacro.urdf
[0.164s] -- Up-to-date: /home/unknown/ROS2_Workspaces/bumperbot_ws/install/gz_ros2_control_demos/share/gz_ros2_control_demos//urdf/test_pendulum_position.xacro.urdf
[0.164s] -- Up-to-date: /home/unknown/ROS2_Workspaces/bumperbot_ws/install/gz_ros2_control_demos/share/gz_ros2_control_demos//urdf/test_cart_velocity.xacro.urdf
[0.164s] -- Up-to-date: /home/unknown/ROS2_Workspaces/bumperbot_ws/install/gz_ros2_control_demos/share/gz_ros2_control_demos//urdf/test_cart_position.xacro.urdf
[0.164s] -- Up-to-date: /home/unknown/ROS2_Workspaces/bumperbot_ws/install/gz_ros2_control_demos/share/gz_ros2_control_demos//urdf/test_tricycle_drive.xacro.urdf
[0.164s] -- Up-to-date: /home/unknown/ROS2_Workspaces/bumperbot_ws/install/gz_ros2_control_demos/share/gz_ros2_control_demos//worlds
[0.164s] -- Up-to-date: /home/unknown/ROS2_Workspaces/bumperbot_ws/install/gz_ros2_control_demos/share/gz_ros2_control_demos//worlds/empty_ft_sensor.sdf
[0.164s] -- Up-to-date: /home/unknown/ROS2_Workspaces/bumperbot_ws/install/gz_ros2_control_demos/lib/gz_ros2_control_demos/example_position
[0.164s] -- Up-to-date: /home/unknown/ROS2_Workspaces/bumperbot_ws/install/gz_ros2_control_demos/lib/gz_ros2_control_demos/example_velocity
[0.164s] -- Up-to-date: /home/unknown/ROS2_Workspaces/bumperbot_ws/install/gz_ros2_control_demos/lib/gz_ros2_control_demos/example_effort
[0.164s] -- Up-to-date: /home/unknown/ROS2_Workspaces/bumperbot_ws/install/gz_ros2_control_demos/lib/gz_ros2_control_demos/example_diff_drive
[0.164s] -- Up-to-date: /home/unknown/ROS2_Workspaces/bumperbot_ws/install/gz_ros2_control_demos/lib/gz_ros2_control_demos/example_tricycle_drive
[0.164s] -- Up-to-date: /home/unknown/ROS2_Workspaces/bumperbot_ws/install/gz_ros2_control_demos/lib/gz_ros2_control_demos/example_ackermann_drive
[0.164s] -- Up-to-date: /home/unknown/ROS2_Workspaces/bumperbot_ws/install/gz_ros2_control_demos/lib/gz_ros2_control_demos/example_gripper
[0.164s] -- Up-to-date: /home/unknown/ROS2_Workspaces/bumperbot_ws/install/gz_ros2_control_demos/share/ament_index/resource_index/package_run_dependencies/gz_ros2_control_demos
[0.165s] -- Up-to-date: /home/unknown/ROS2_Workspaces/bumperbot_ws/install/gz_ros2_control_demos/share/ament_index/resource_index/parent_prefix_path/gz_ros2_control_demos
[0.165s] -- Up-to-date: /home/unknown/ROS2_Workspaces/bumperbot_ws/install/gz_ros2_control_demos/share/gz_ros2_control_demos/environment/ament_prefix_path.sh
[0.165s] -- Up-to-date: /home/unknown/ROS2_Workspaces/bumperbot_ws/install/gz_ros2_control_demos/share/gz_ros2_control_demos/environment/ament_prefix_path.dsv
[0.165s] -- Up-to-date: /home/unknown/ROS2_Workspaces/bumperbot_ws/install/gz_ros2_control_demos/share/gz_ros2_control_demos/environment/path.sh
[0.165s] -- Up-to-date: /home/unknown/ROS2_Workspaces/bumperbot_ws/install/gz_ros2_control_demos/share/gz_ros2_control_demos/environment/path.dsv
[0.165s] -- Up-to-date: /home/unknown/ROS2_Workspaces/bumperbot_ws/install/gz_ros2_control_demos/share/gz_ros2_control_demos/local_setup.bash
[0.165s] -- Up-to-date: /home/unknown/ROS2_Workspaces/bumperbot_ws/install/gz_ros2_control_demos/share/gz_ros2_control_demos/local_setup.sh
[0.165s] -- Up-to-date: /home/unknown/ROS2_Workspaces/bumperbot_ws/install/gz_ros2_control_demos/share/gz_ros2_control_demos/local_setup.zsh
[0.165s] -- Up-to-date: /home/unknown/ROS2_Workspaces/bumperbot_ws/install/gz_ros2_control_demos/share/gz_ros2_control_demos/local_setup.dsv
[0.165s] -- Installing: /home/unknown/ROS2_Workspaces/bumperbot_ws/install/gz_ros2_control_demos/share/gz_ros2_control_demos/package.dsv
[0.165s] -- Up-to-date: /home/unknown/ROS2_Workspaces/bumperbot_ws/install/gz_ros2_control_demos/share/ament_index/resource_index/packages/gz_ros2_control_demos
[0.165s] -- Up-to-date: /home/unknown/ROS2_Workspaces/bumperbot_ws/install/gz_ros2_control_demos/share/gz_ros2_control_demos/cmake/gz_ros2_control_demosConfig.cmake
[0.165s] -- Up-to-date: /home/unknown/ROS2_Workspaces/bumperbot_ws/install/gz_ros2_control_demos/share/gz_ros2_control_demos/cmake/gz_ros2_control_demosConfig-version.cmake
[0.165s] -- Up-to-date: /home/unknown/ROS2_Workspaces/bumperbot_ws/install/gz_ros2_control_demos/share/gz_ros2_control_demos/package.xml
[0.175s] Invoked command in '/home/unknown/ROS2_Workspaces/bumperbot_ws/build/gz_ros2_control_demos' returned '0': CMAKE_PREFIX_PATH=/home/unknown/ROS2_Workspaces/bumperbot_ws/install/gz_ros2_control:/home/unknown/ROS2_Workspaces/bumperbot_ws/install/ign_ros2_control_demos:/home/unknown/ROS2_Workspaces/bumperbot_ws/install/bumper_bot:/home/unknown/ROS2_Workspaces/bumperbot_ws/install/ign_ros2_control:/home/unknown/ROS2_Workspaces/bumperbot_ws/install/gz_ros2_control_tests:/home/unknown/ROS2_Workspaces/bumperbot_ws/install/gz_ros2_control_demos:/home/unknown/ROS2_Workspaces/bumperbot_ws/install/cpp_folder:/home/unknown/ROS2_Workspaces/bumperbot_ws/install/bumperbot_utils:/home/unknown/ROS2_Workspaces/bumperbot_ws/install/bumperbot_msgs:/home/unknown/ROS2_Workspaces/bumperbot_ws/install/bumperbot_localisation:/home/unknown/ROS2_Workspaces/bumperbot_ws/install/bumperbot_firmware:/home/unknown/ROS2_Workspaces/bumperbot_ws/install/bumperbot_controller:/home/unknown/ROS2_Workspaces/bumperbot_ws/install/my_robot_controller:/home/unknown/ROS2_Workspaces/bumperbot_ws/install/bumper_bot_py:/opt/ros/humble /usr/bin/cmake --install /home/unknown/ROS2_Workspaces/bumperbot_ws/build/gz_ros2_control_demos
