[0.022s] Invoking command in '/home/unknown/ROS2_Workspaces/bumperbot_ws/build/bumperbot_controller': CMAKE_PREFIX_PATH=${CMAKE_PREFIX_PATH}:/home/unknown/ROS2_Workspaces/bumperbot_ws/install/my_robot_controller:/home/unknown/ROS2_Workspaces/bumperbot_ws/install/bumper_bot_py:/home/unknown/bumperbot_ws/install/my_robot_controller:/home/unknown/bumperbot_ws/install/bumper_bot_py:/home/unknown/ros2_ws/install/my_robot_controller:/home/unknown/ros2_ws/install/bumper_bot_py:/opt/ros/humble /usr/bin/cmake /home/unknown/ROS2_Workspaces/bumperbot_ws/src/bumperbot_controller -DCMAKE_INSTALL_PREFIX=/home/unknown/ROS2_Workspaces/bumperbot_ws/install/bumperbot_controller
[0.147s] -- The C compiler identification is GNU 11.4.0
[0.230s] -- The CXX compiler identification is GNU 11.4.0
[0.238s] -- Detecting C compiler ABI info
[0.323s] -- Detecting C compiler ABI info - done
[0.338s] -- Check for working C compiler: /usr/bin/cc - skipped
[0.338s] -- Detecting C compile features
[0.338s] -- Detecting C compile features - done
[0.339s] -- Detecting CXX compiler ABI info
[0.440s] -- Detecting CXX compiler ABI info - done
[0.452s] -- Check for working CXX compiler: /usr/bin/c++ - skipped
[0.453s] -- Detecting CXX compile features
[0.453s] -- Detecting CXX compile features - done
[0.455s] -- Found ament_cmake: 1.3.13 (/opt/ros/humble/share/ament_cmake/cmake)
[0.648s] -- Found Python3: /usr/bin/python3 (found version "3.10.12") found components: Interpreter 
[0.778s] -- Found rclpy: 3.3.20 (/opt/ros/humble/share/rclpy/cmake)
[0.779s] -- Found std_msgs: 4.9.1 (/opt/ros/humble/share/std_msgs/cmake)
[0.825s] -- Found rosidl_generator_c: 3.1.8 (/opt/ros/humble/share/rosidl_generator_c/cmake)
[0.829s] -- Found rosidl_adapter: 3.1.8 (/opt/ros/humble/share/rosidl_adapter/cmake)
[0.840s] -- Found rosidl_generator_cpp: 3.1.8 (/opt/ros/humble/share/rosidl_generator_cpp/cmake)
[0.861s] -- Using all available rosidl_typesupport_c: rosidl_typesupport_fastrtps_c;rosidl_typesupport_introspection_c
[0.888s] -- Using all available rosidl_typesupport_cpp: rosidl_typesupport_fastrtps_cpp;rosidl_typesupport_introspection_cpp
[0.931s] -- Found geometry_msgs: 4.9.1 (/opt/ros/humble/share/geometry_msgs/cmake)
[0.953s] -- Found rclcpp: 16.0.18 (/opt/ros/humble/share/rclcpp/cmake)
[1.004s] -- Found rmw_implementation_cmake: 6.1.2 (/opt/ros/humble/share/rmw_implementation_cmake/cmake)
[1.007s] -- Found rmw_fastrtps_cpp: 6.2.10 (/opt/ros/humble/share/rmw_fastrtps_cpp/cmake)
[1.094s] -- Found OpenSSL: /usr/lib/x86_64-linux-gnu/libcrypto.so (found version "3.0.2")  
[1.127s] -- Found FastRTPS: /opt/ros/humble/include  
[1.177s] -- Using RMW implementation 'rmw_fastrtps_cpp' as default
[1.184s] -- Looking for pthread.h
[1.256s] -- Looking for pthread.h - found
[1.256s] -- Performing Test CMAKE_HAVE_LIBC_PTHREAD
[1.341s] -- Performing Test CMAKE_HAVE_LIBC_PTHREAD - Success
[1.342s] -- Found Threads: TRUE  
[1.388s] -- Found sensor_msgs: 4.9.1 (/opt/ros/humble/share/sensor_msgs/cmake)
[1.406s] -- Found nav_msgs: 4.9.1 (/opt/ros/humble/share/nav_msgs/cmake)
[1.422s] -- Found tf2: 0.25.19 (/opt/ros/humble/share/tf2/cmake)
[1.432s] -- Found tf2_ros: 0.25.19 (/opt/ros/humble/share/tf2_ros/cmake)
[1.617s] -- Found ament_lint_auto: 0.12.15 (/opt/ros/humble/share/ament_lint_auto/cmake)
[1.712s] -- Added test 'cppcheck' to perform static code analysis on C / C++ code
[1.712s] -- Configured cppcheck include dirs: /home/unknown/ROS2_Workspaces/bumperbot_ws/src/bumperbot_controller/include
[1.712s] -- Configured cppcheck exclude dirs and/or files: 
[1.713s] -- Added test 'flake8' to check Python code syntax and style conventions
[1.714s] -- Added test 'lint_cmake' to check CMake code style
[1.715s] -- Added test 'pep257' to check Python code against some of the docstring style conventions in PEP 257
[1.717s] -- Added test 'uncrustify' to check C / C++ code style
[1.717s] -- Configured uncrustify additional arguments: 
[1.718s] -- Added test 'xmllint' to check XML markup files
[1.726s] -- Configuring done
[1.743s] -- Generating done
[1.752s] -- Build files have been written to: /home/unknown/ROS2_Workspaces/bumperbot_ws/build/bumperbot_controller
[1.763s] Invoked command in '/home/unknown/ROS2_Workspaces/bumperbot_ws/build/bumperbot_controller' returned '0': CMAKE_PREFIX_PATH=${CMAKE_PREFIX_PATH}:/home/unknown/ROS2_Workspaces/bumperbot_ws/install/my_robot_controller:/home/unknown/ROS2_Workspaces/bumperbot_ws/install/bumper_bot_py:/home/unknown/bumperbot_ws/install/my_robot_controller:/home/unknown/bumperbot_ws/install/bumper_bot_py:/home/unknown/ros2_ws/install/my_robot_controller:/home/unknown/ros2_ws/install/bumper_bot_py:/opt/ros/humble /usr/bin/cmake /home/unknown/ROS2_Workspaces/bumperbot_ws/src/bumperbot_controller -DCMAKE_INSTALL_PREFIX=/home/unknown/ROS2_Workspaces/bumperbot_ws/install/bumperbot_controller
[1.765s] Invoking command in '/home/unknown/ROS2_Workspaces/bumperbot_ws/build/bumperbot_controller': CMAKE_PREFIX_PATH=${CMAKE_PREFIX_PATH}:/home/unknown/ROS2_Workspaces/bumperbot_ws/install/my_robot_controller:/home/unknown/ROS2_Workspaces/bumperbot_ws/install/bumper_bot_py:/home/unknown/bumperbot_ws/install/my_robot_controller:/home/unknown/bumperbot_ws/install/bumper_bot_py:/home/unknown/ros2_ws/install/my_robot_controller:/home/unknown/ros2_ws/install/bumper_bot_py:/opt/ros/humble /usr/bin/cmake --build /home/unknown/ROS2_Workspaces/bumperbot_ws/build/bumperbot_controller -- -j8 -l8
[1.821s] [ 16%] [32mBuilding CXX object CMakeFiles/differential_inverse_controller.dir/src/differential_inverse_controller.cpp.o[0m
[1.821s] [ 33%] [32mBuilding CXX object CMakeFiles/noisy_controller.dir/src/noisy_controller.cpp.o[0m
[1.828s] [ 50%] [32mBuilding CXX object CMakeFiles/simple_controller.dir/src/simple_controller.cpp.o[0m
[1.831s] [ 50%] Built target ament_cmake_python_copy_bumperbot_controller
[2.269s] running egg_info
[2.270s] creating bumperbot_controller.egg-info
[2.270s] writing bumperbot_controller.egg-info/PKG-INFO
[2.271s] writing dependency_links to bumperbot_controller.egg-info/dependency_links.txt
[2.271s] writing top-level names to bumperbot_controller.egg-info/top_level.txt
[2.271s] writing manifest file 'bumperbot_controller.egg-info/SOURCES.txt'
[2.275s] reading manifest file 'bumperbot_controller.egg-info/SOURCES.txt'
[2.276s] writing manifest file 'bumperbot_controller.egg-info/SOURCES.txt'
[2.324s] [ 50%] Built target ament_cmake_python_build_bumperbot_controller_egg
[27.736s] [ 66%] [32m[1mLinking CXX executable simple_controller[0m
[28.757s] [ 66%] Built target simple_controller
[32.295s] [ 83%] [32m[1mLinking CXX executable noisy_controller[0m
[34.122s] [ 83%] Built target noisy_controller
[40.042s] [100%] [32m[1mLinking CXX executable differential_inverse_controller[0m
[41.736s] [100%] Built target differential_inverse_controller
[41.763s] Invoked command in '/home/unknown/ROS2_Workspaces/bumperbot_ws/build/bumperbot_controller' returned '0': CMAKE_PREFIX_PATH=${CMAKE_PREFIX_PATH}:/home/unknown/ROS2_Workspaces/bumperbot_ws/install/my_robot_controller:/home/unknown/ROS2_Workspaces/bumperbot_ws/install/bumper_bot_py:/home/unknown/bumperbot_ws/install/my_robot_controller:/home/unknown/bumperbot_ws/install/bumper_bot_py:/home/unknown/ros2_ws/install/my_robot_controller:/home/unknown/ros2_ws/install/bumper_bot_py:/opt/ros/humble /usr/bin/cmake --build /home/unknown/ROS2_Workspaces/bumperbot_ws/build/bumperbot_controller -- -j8 -l8
[41.766s] Invoking command in '/home/unknown/ROS2_Workspaces/bumperbot_ws/build/bumperbot_controller': CMAKE_PREFIX_PATH=${CMAKE_PREFIX_PATH}:/home/unknown/ROS2_Workspaces/bumperbot_ws/install/my_robot_controller:/home/unknown/ROS2_Workspaces/bumperbot_ws/install/bumper_bot_py:/home/unknown/bumperbot_ws/install/my_robot_controller:/home/unknown/bumperbot_ws/install/bumper_bot_py:/home/unknown/ros2_ws/install/my_robot_controller:/home/unknown/ros2_ws/install/bumper_bot_py:/opt/ros/humble /usr/bin/cmake --install /home/unknown/ROS2_Workspaces/bumperbot_ws/build/bumperbot_controller
[41.789s] -- Install configuration: ""
[41.793s] -- Installing: /home/unknown/ROS2_Workspaces/bumperbot_ws/install/bumperbot_controller/share/bumperbot_controller/environment/pythonpath.sh
[41.793s] -- Installing: /home/unknown/ROS2_Workspaces/bumperbot_ws/install/bumperbot_controller/share/bumperbot_controller/environment/pythonpath.dsv
[41.793s] -- Installing: /home/unknown/ROS2_Workspaces/bumperbot_ws/install/bumperbot_controller/local/lib/python3.10/dist-packages/bumperbot_controller-0.0.0-py3.10.egg-info
[41.793s] -- Installing: /home/unknown/ROS2_Workspaces/bumperbot_ws/install/bumperbot_controller/local/lib/python3.10/dist-packages/bumperbot_controller-0.0.0-py3.10.egg-info/PKG-INFO
[41.793s] -- Installing: /home/unknown/ROS2_Workspaces/bumperbot_ws/install/bumperbot_controller/local/lib/python3.10/dist-packages/bumperbot_controller-0.0.0-py3.10.egg-info/dependency_links.txt
[41.794s] -- Installing: /home/unknown/ROS2_Workspaces/bumperbot_ws/install/bumperbot_controller/local/lib/python3.10/dist-packages/bumperbot_controller-0.0.0-py3.10.egg-info/top_level.txt
[41.794s] -- Installing: /home/unknown/ROS2_Workspaces/bumperbot_ws/install/bumperbot_controller/local/lib/python3.10/dist-packages/bumperbot_controller-0.0.0-py3.10.egg-info/SOURCES.txt
[41.794s] -- Installing: /home/unknown/ROS2_Workspaces/bumperbot_ws/install/bumperbot_controller/local/lib/python3.10/dist-packages/bumperbot_controller
[41.794s] -- Installing: /home/unknown/ROS2_Workspaces/bumperbot_ws/install/bumperbot_controller/local/lib/python3.10/dist-packages/bumperbot_controller/__init__.py
[41.795s] -- Installing: /home/unknown/ROS2_Workspaces/bumperbot_ws/install/bumperbot_controller/local/lib/python3.10/dist-packages/bumperbot_controller/dabble_teleop.py
[41.795s] -- Installing: /home/unknown/ROS2_Workspaces/bumperbot_ws/install/bumperbot_controller/local/lib/python3.10/dist-packages/bumperbot_controller/noisy_controller.py
[41.795s] -- Installing: /home/unknown/ROS2_Workspaces/bumperbot_ws/install/bumperbot_controller/local/lib/python3.10/dist-packages/bumperbot_controller/xboxone_teleop.py
[41.795s] -- Installing: /home/unknown/ROS2_Workspaces/bumperbot_ws/install/bumperbot_controller/local/lib/python3.10/dist-packages/bumperbot_controller/differential_inverse_kinematics.py
[41.795s] -- Installing: /home/unknown/ROS2_Workspaces/bumperbot_ws/install/bumperbot_controller/local/lib/python3.10/dist-packages/bumperbot_controller/simple_controller.py
[41.898s] Listing '/home/unknown/ROS2_Workspaces/bumperbot_ws/install/bumperbot_controller/local/lib/python3.10/dist-packages/bumperbot_controller'...
[41.898s] Compiling '/home/unknown/ROS2_Workspaces/bumperbot_ws/install/bumperbot_controller/local/lib/python3.10/dist-packages/bumperbot_controller/__init__.py'...
[41.898s] Compiling '/home/unknown/ROS2_Workspaces/bumperbot_ws/install/bumperbot_controller/local/lib/python3.10/dist-packages/bumperbot_controller/dabble_teleop.py'...
[41.898s] Compiling '/home/unknown/ROS2_Workspaces/bumperbot_ws/install/bumperbot_controller/local/lib/python3.10/dist-packages/bumperbot_controller/differential_inverse_kinematics.py'...
[41.898s] Compiling '/home/unknown/ROS2_Workspaces/bumperbot_ws/install/bumperbot_controller/local/lib/python3.10/dist-packages/bumperbot_controller/noisy_controller.py'...
[41.899s] Compiling '/home/unknown/ROS2_Workspaces/bumperbot_ws/install/bumperbot_controller/local/lib/python3.10/dist-packages/bumperbot_controller/simple_controller.py'...
[41.899s] Compiling '/home/unknown/ROS2_Workspaces/bumperbot_ws/install/bumperbot_controller/local/lib/python3.10/dist-packages/bumperbot_controller/xboxone_teleop.py'...
[41.908s] -- Installing: /home/unknown/ROS2_Workspaces/bumperbot_ws/install/bumperbot_controller/include/include
[41.909s] -- Installing: /home/unknown/ROS2_Workspaces/bumperbot_ws/install/bumperbot_controller/include/include/bumperbot_controller
[41.909s] -- Installing: /home/unknown/ROS2_Workspaces/bumperbot_ws/install/bumperbot_controller/include/include/bumperbot_controller/noisy_controller.hpp
[41.909s] -- Installing: /home/unknown/ROS2_Workspaces/bumperbot_ws/install/bumperbot_controller/include/include/bumperbot_controller/simple_controller.hpp
[41.910s] -- Installing: /home/unknown/ROS2_Workspaces/bumperbot_ws/install/bumperbot_controller/include/include/bumperbot_controller/differential_inverse_controller.hpp
[41.910s] -- Installing: /home/unknown/ROS2_Workspaces/bumperbot_ws/install/bumperbot_controller/lib/bumperbot_controller/simple_controller
[41.914s] -- Set runtime path of "/home/unknown/ROS2_Workspaces/bumperbot_ws/install/bumperbot_controller/lib/bumperbot_controller/simple_controller" to ""
[41.914s] -- Installing: /home/unknown/ROS2_Workspaces/bumperbot_ws/install/bumperbot_controller/lib/bumperbot_controller/differential_inverse_controller
[41.921s] -- Set runtime path of "/home/unknown/ROS2_Workspaces/bumperbot_ws/install/bumperbot_controller/lib/bumperbot_controller/differential_inverse_controller" to ""
[41.921s] -- Installing: /home/unknown/ROS2_Workspaces/bumperbot_ws/install/bumperbot_controller/lib/bumperbot_controller/noisy_controller
[41.925s] -- Set runtime path of "/home/unknown/ROS2_Workspaces/bumperbot_ws/install/bumperbot_controller/lib/bumperbot_controller/noisy_controller" to ""
[41.925s] -- Installing: /home/unknown/ROS2_Workspaces/bumperbot_ws/install/bumperbot_controller/share/bumperbot_controller/config
[41.925s] -- Installing: /home/unknown/ROS2_Workspaces/bumperbot_ws/install/bumperbot_controller/share/bumperbot_controller/config/bumperbot_controllers.yaml
[41.925s] -- Installing: /home/unknown/ROS2_Workspaces/bumperbot_ws/install/bumperbot_controller/share/bumperbot_controller/config/joy_config.yaml
[41.926s] -- Installing: /home/unknown/ROS2_Workspaces/bumperbot_ws/install/bumperbot_controller/share/bumperbot_controller/config/dabble_teleop.yaml
[41.926s] -- Installing: /home/unknown/ROS2_Workspaces/bumperbot_ws/install/bumperbot_controller/share/bumperbot_controller/config/joy_teleop.yaml
[41.926s] -- Installing: /home/unknown/ROS2_Workspaces/bumperbot_ws/install/bumperbot_controller/share/bumperbot_controller/launch
[41.926s] -- Installing: /home/unknown/ROS2_Workspaces/bumperbot_ws/install/bumperbot_controller/share/bumperbot_controller/launch/joystick_teleop.launch.py
[41.926s] -- Installing: /home/unknown/ROS2_Workspaces/bumperbot_ws/install/bumperbot_controller/share/bumperbot_controller/launch/dabbling_teleop.launch.py
[41.927s] -- Installing: /home/unknown/ROS2_Workspaces/bumperbot_ws/install/bumperbot_controller/share/bumperbot_controller/launch/controller.launch.py
[41.927s] -- Installing: /home/unknown/ROS2_Workspaces/bumperbot_ws/install/bumperbot_controller/lib/bumperbot_controller/differential_inverse_kinematics.py
[41.927s] -- Installing: /home/unknown/ROS2_Workspaces/bumperbot_ws/install/bumperbot_controller/lib/bumperbot_controller/xboxone_teleop.py
[41.927s] -- Installing: /home/unknown/ROS2_Workspaces/bumperbot_ws/install/bumperbot_controller/lib/bumperbot_controller/dabble_teleop.py
[41.928s] -- Installing: /home/unknown/ROS2_Workspaces/bumperbot_ws/install/bumperbot_controller/lib/bumperbot_controller/simple_controller.py
[41.928s] -- Installing: /home/unknown/ROS2_Workspaces/bumperbot_ws/install/bumperbot_controller/lib/bumperbot_controller/noisy_controller.py
[41.928s] -- Installing: /home/unknown/ROS2_Workspaces/bumperbot_ws/install/bumperbot_controller/share/ament_index/resource_index/package_run_dependencies/bumperbot_controller
[41.928s] -- Installing: /home/unknown/ROS2_Workspaces/bumperbot_ws/install/bumperbot_controller/share/ament_index/resource_index/parent_prefix_path/bumperbot_controller
[41.929s] -- Installing: /home/unknown/ROS2_Workspaces/bumperbot_ws/install/bumperbot_controller/share/bumperbot_controller/environment/ament_prefix_path.sh
[41.929s] -- Installing: /home/unknown/ROS2_Workspaces/bumperbot_ws/install/bumperbot_controller/share/bumperbot_controller/environment/ament_prefix_path.dsv
[41.929s] -- Installing: /home/unknown/ROS2_Workspaces/bumperbot_ws/install/bumperbot_controller/share/bumperbot_controller/environment/path.sh
[41.929s] -- Installing: /home/unknown/ROS2_Workspaces/bumperbot_ws/install/bumperbot_controller/share/bumperbot_controller/environment/path.dsv
[41.930s] -- Installing: /home/unknown/ROS2_Workspaces/bumperbot_ws/install/bumperbot_controller/share/bumperbot_controller/local_setup.bash
[41.930s] -- Installing: /home/unknown/ROS2_Workspaces/bumperbot_ws/install/bumperbot_controller/share/bumperbot_controller/local_setup.sh
[41.930s] -- Installing: /home/unknown/ROS2_Workspaces/bumperbot_ws/install/bumperbot_controller/share/bumperbot_controller/local_setup.zsh
[41.931s] -- Installing: /home/unknown/ROS2_Workspaces/bumperbot_ws/install/bumperbot_controller/share/bumperbot_controller/local_setup.dsv
[41.931s] -- Installing: /home/unknown/ROS2_Workspaces/bumperbot_ws/install/bumperbot_controller/share/bumperbot_controller/package.dsv
[41.933s] -- Installing: /home/unknown/ROS2_Workspaces/bumperbot_ws/install/bumperbot_controller/share/ament_index/resource_index/packages/bumperbot_controller
[41.933s] -- Installing: /home/unknown/ROS2_Workspaces/bumperbot_ws/install/bumperbot_controller/share/bumperbot_controller/cmake/bumperbot_controllerConfig.cmake
[41.934s] -- Installing: /home/unknown/ROS2_Workspaces/bumperbot_ws/install/bumperbot_controller/share/bumperbot_controller/cmake/bumperbot_controllerConfig-version.cmake
[41.935s] -- Installing: /home/unknown/ROS2_Workspaces/bumperbot_ws/install/bumperbot_controller/share/bumperbot_controller/package.xml
[41.946s] Invoked command in '/home/unknown/ROS2_Workspaces/bumperbot_ws/build/bumperbot_controller' returned '0': CMAKE_PREFIX_PATH=${CMAKE_PREFIX_PATH}:/home/unknown/ROS2_Workspaces/bumperbot_ws/install/my_robot_controller:/home/unknown/ROS2_Workspaces/bumperbot_ws/install/bumper_bot_py:/home/unknown/bumperbot_ws/install/my_robot_controller:/home/unknown/bumperbot_ws/install/bumper_bot_py:/home/unknown/ros2_ws/install/my_robot_controller:/home/unknown/ros2_ws/install/bumper_bot_py:/opt/ros/humble /usr/bin/cmake --install /home/unknown/ROS2_Workspaces/bumperbot_ws/build/bumperbot_controller
