[0.063s] Invoking command in '/home/unknown/ROS2_Workspaces/bumperbot_ws/build/gz_ros2_control': CMAKE_PREFIX_PATH=${CMAKE_PREFIX_PATH}:/home/unknown/ROS2_Workspaces/bumperbot_ws/install/my_robot_controller:/home/unknown/ROS2_Workspaces/bumperbot_ws/install/bumper_bot_py:/opt/ros/humble /usr/bin/cmake --build /home/unknown/ROS2_Workspaces/bumperbot_ws/build/gz_ros2_control -- -j8 -l8
[0.136s] [35m[1mConsolidate compiler generated dependencies of target gz_ros2_control-system[0m
[0.142s] [35m[1mConsolidate compiler generated dependencies of target ign_ros2_control-system[0m
[0.146s] [35m[1mConsolidate compiler generated dependencies of target gz_hardware_plugins[0m
[0.175s] [ 33%] Built target gz_hardware_plugins
[0.180s] [ 66%] Built target gz_ros2_control-system
[0.188s] [100%] Built target ign_ros2_control-system
[0.451s] Invoked command in '/home/unknown/ROS2_Workspaces/bumperbot_ws/build/gz_ros2_control' returned '0': CMAKE_PREFIX_PATH=${CMAKE_PREFIX_PATH}:/home/unknown/ROS2_Workspaces/bumperbot_ws/install/my_robot_controller:/home/unknown/ROS2_Workspaces/bumperbot_ws/install/bumper_bot_py:/opt/ros/humble /usr/bin/cmake --build /home/unknown/ROS2_Workspaces/bumperbot_ws/build/gz_ros2_control -- -j8 -l8
[0.454s] Invoking command in '/home/unknown/ROS2_Workspaces/bumperbot_ws/build/gz_ros2_control': CMAKE_PREFIX_PATH=${CMAKE_PREFIX_PATH}:/home/unknown/ROS2_Workspaces/bumperbot_ws/install/my_robot_controller:/home/unknown/ROS2_Workspaces/bumperbot_ws/install/bumper_bot_py:/opt/ros/humble /usr/bin/cmake --install /home/unknown/ROS2_Workspaces/bumperbot_ws/build/gz_ros2_control
[0.466s] -- Install configuration: ""
[0.466s] -- Up-to-date: /home/unknown/ROS2_Workspaces/bumperbot_ws/install/gz_ros2_control/lib/libgz_hardware_plugins.so
[0.467s] -- Up-to-date: /home/unknown/ROS2_Workspaces/bumperbot_ws/install/gz_ros2_control/include
[0.467s] -- Up-to-date: /home/unknown/ROS2_Workspaces/bumperbot_ws/install/gz_ros2_control/include/gz_ros2_control
[0.467s] -- Up-to-date: /home/unknown/ROS2_Workspaces/bumperbot_ws/install/gz_ros2_control/include/gz_ros2_control/gz_system_interface.hpp
[0.467s] -- Up-to-date: /home/unknown/ROS2_Workspaces/bumperbot_ws/install/gz_ros2_control/include/gz_ros2_control/gz_ros2_control_plugin.hpp
[0.467s] -- Up-to-date: /home/unknown/ROS2_Workspaces/bumperbot_ws/install/gz_ros2_control/include/gz_ros2_control/gz_system.hpp
[0.468s] -- Up-to-date: /home/unknown/ROS2_Workspaces/bumperbot_ws/install/gz_ros2_control/share/gz_ros2_control/environment/library_path.sh
[0.468s] -- Up-to-date: /home/unknown/ROS2_Workspaces/bumperbot_ws/install/gz_ros2_control/share/gz_ros2_control/environment/library_path.dsv
[0.468s] -- Up-to-date: /home/unknown/ROS2_Workspaces/bumperbot_ws/install/gz_ros2_control/lib/libgz_ros2_control-system.so
[0.468s] -- Up-to-date: /home/unknown/ROS2_Workspaces/bumperbot_ws/install/gz_ros2_control/lib/libign_ros2_control-system.so
[0.469s] -- Up-to-date: /home/unknown/ROS2_Workspaces/bumperbot_ws/install/gz_ros2_control/share/gz_ros2_control/gz_hardware_plugins.xml
[0.469s] -- Up-to-date: /home/unknown/ROS2_Workspaces/bumperbot_ws/install/gz_ros2_control/share/ament_index/resource_index/package_run_dependencies/gz_ros2_control
[0.469s] -- Up-to-date: /home/unknown/ROS2_Workspaces/bumperbot_ws/install/gz_ros2_control/share/ament_index/resource_index/parent_prefix_path/gz_ros2_control
[0.469s] -- Up-to-date: /home/unknown/ROS2_Workspaces/bumperbot_ws/install/gz_ros2_control/share/gz_ros2_control/environment/ament_prefix_path.sh
[0.469s] -- Up-to-date: /home/unknown/ROS2_Workspaces/bumperbot_ws/install/gz_ros2_control/share/gz_ros2_control/environment/ament_prefix_path.dsv
[0.469s] -- Up-to-date: /home/unknown/ROS2_Workspaces/bumperbot_ws/install/gz_ros2_control/share/gz_ros2_control/environment/path.sh
[0.469s] -- Up-to-date: /home/unknown/ROS2_Workspaces/bumperbot_ws/install/gz_ros2_control/share/gz_ros2_control/environment/path.dsv
[0.469s] -- Up-to-date: /home/unknown/ROS2_Workspaces/bumperbot_ws/install/gz_ros2_control/share/gz_ros2_control/local_setup.bash
[0.470s] -- Up-to-date: /home/unknown/ROS2_Workspaces/bumperbot_ws/install/gz_ros2_control/share/gz_ros2_control/local_setup.sh
[0.471s] -- Up-to-date: /home/unknown/ROS2_Workspaces/bumperbot_ws/install/gz_ros2_control/share/gz_ros2_control/local_setup.zsh
[0.471s] -- Up-to-date: /home/unknown/ROS2_Workspaces/bumperbot_ws/install/gz_ros2_control/share/gz_ros2_control/local_setup.dsv
[0.471s] -- Installing: /home/unknown/ROS2_Workspaces/bumperbot_ws/install/gz_ros2_control/share/gz_ros2_control/package.dsv
[0.471s] -- Up-to-date: /home/unknown/ROS2_Workspaces/bumperbot_ws/install/gz_ros2_control/share/ament_index/resource_index/packages/gz_ros2_control
[0.471s] -- Up-to-date: /home/unknown/ROS2_Workspaces/bumperbot_ws/install/gz_ros2_control/share/ament_index/resource_index/gz_ros2_control__pluginlib__plugin/gz_ros2_control
[0.471s] -- Up-to-date: /home/unknown/ROS2_Workspaces/bumperbot_ws/install/gz_ros2_control/share/gz_ros2_control/cmake/ament_cmake_export_include_directories-extras.cmake
[0.472s] -- Up-to-date: /home/unknown/ROS2_Workspaces/bumperbot_ws/install/gz_ros2_control/share/gz_ros2_control/cmake/ament_cmake_export_libraries-extras.cmake
[0.472s] -- Up-to-date: /home/unknown/ROS2_Workspaces/bumperbot_ws/install/gz_ros2_control/share/gz_ros2_control/cmake/gz_ros2_controlConfig.cmake
[0.472s] -- Up-to-date: /home/unknown/ROS2_Workspaces/bumperbot_ws/install/gz_ros2_control/share/gz_ros2_control/cmake/gz_ros2_controlConfig-version.cmake
[0.472s] -- Up-to-date: /home/unknown/ROS2_Workspaces/bumperbot_ws/install/gz_ros2_control/share/gz_ros2_control/package.xml
[0.520s] Invoked command in '/home/unknown/ROS2_Workspaces/bumperbot_ws/build/gz_ros2_control' returned '0': CMAKE_PREFIX_PATH=${CMAKE_PREFIX_PATH}:/home/unknown/ROS2_Workspaces/bumperbot_ws/install/my_robot_controller:/home/unknown/ROS2_Workspaces/bumperbot_ws/install/bumper_bot_py:/opt/ros/humble /usr/bin/cmake --install /home/unknown/ROS2_Workspaces/bumperbot_ws/build/gz_ros2_control
