-- Install configuration: ""
-- Up-to-date: /home/unknown/ROS2_Workspaces/bumperbot_ws/install/bumperbot_utils/share/bumperbot_utils/launch
-- Up-to-date: /home/unknown/ROS2_Workspaces/bumperbot_ws/install/bumperbot_utils/share/bumperbot_utils/launch/path_creation.launch.py
-- Up-to-date: /home/unknown/ROS2_Workspaces/bumperbot_ws/install/bumperbot_utils/share/bumperbot_utils/launch/trajectory.launch.py
-- Up-to-date: /home/unknown/ROS2_Workspaces/bumperbot_ws/install/bumperbot_utils/lib/bumperbot_utils/trajectory_drawer.py
-- Up-to-date: /home/unknown/ROS2_Workspaces/bumperbot_ws/install/bumperbot_utils/share/ament_index/resource_index/package_run_dependencies/bumperbot_utils
-- Up-to-date: /home/unknown/ROS2_Workspaces/bumperbot_ws/install/bumperbot_utils/share/ament_index/resource_index/parent_prefix_path/bumperbot_utils
-- Up-to-date: /home/unknown/ROS2_Workspaces/bumperbot_ws/install/bumperbot_utils/share/bumperbot_utils/environment/ament_prefix_path.sh
-- Up-to-date: /home/unknown/ROS2_Workspaces/bumperbot_ws/install/bumperbot_utils/share/bumperbot_utils/environment/ament_prefix_path.dsv
-- Up-to-date: /home/unknown/ROS2_Workspaces/bumperbot_ws/install/bumperbot_utils/share/bumperbot_utils/environment/path.sh
-- Up-to-date: /home/unknown/ROS2_Workspaces/bumperbot_ws/install/bumperbot_utils/share/bumperbot_utils/environment/path.dsv
-- Up-to-date: /home/unknown/ROS2_Workspaces/bumperbot_ws/install/bumperbot_utils/share/bumperbot_utils/local_setup.bash
-- Up-to-date: /home/unknown/ROS2_Workspaces/bumperbot_ws/install/bumperbot_utils/share/bumperbot_utils/local_setup.sh
-- Up-to-date: /home/unknown/ROS2_Workspaces/bumperbot_ws/install/bumperbot_utils/share/bumperbot_utils/local_setup.zsh
-- Up-to-date: /home/unknown/ROS2_Workspaces/bumperbot_ws/install/bumperbot_utils/share/bumperbot_utils/local_setup.dsv
-- Up-to-date: /home/unknown/ROS2_Workspaces/bumperbot_ws/install/bumperbot_utils/share/bumperbot_utils/package.dsv
-- Up-to-date: /home/unknown/ROS2_Workspaces/bumperbot_ws/install/bumperbot_utils/share/ament_index/resource_index/packages/bumperbot_utils
-- Up-to-date: /home/unknown/ROS2_Workspaces/bumperbot_ws/install/bumperbot_utils/share/bumperbot_utils/cmake/bumperbot_utilsConfig.cmake
-- Up-to-date: /home/unknown/ROS2_Workspaces/bumperbot_ws/install/bumperbot_utils/share/bumperbot_utils/cmake/bumperbot_utilsConfig-version.cmake
-- Up-to-date: /home/unknown/ROS2_Workspaces/bumperbot_ws/install/bumperbot_utils/share/bumperbot_utils/package.xml
