[0.060s] Invoking command in '/home/unknown/ROS2_Workspaces/bumperbot_ws/build/bumperbot_utils': CMAKE_PREFIX_PATH=${CMAKE_PREFIX_PATH}:/home/unknown/ROS2_Workspaces/bumperbot_ws/install/my_robot_controller:/home/unknown/ROS2_Workspaces/bumperbot_ws/install/bumper_bot_py:/opt/ros/humble /usr/bin/cmake --build /home/unknown/ROS2_Workspaces/bumperbot_ws/build/bumperbot_utils -- -j8 -l8
[0.430s] Invoked command in '/home/unknown/ROS2_Workspaces/bumperbot_ws/build/bumperbot_utils' returned '0': CMAKE_PREFIX_PATH=${CMAKE_PREFIX_PATH}:/home/unknown/ROS2_Workspaces/bumperbot_ws/install/my_robot_controller:/home/unknown/ROS2_Workspaces/bumperbot_ws/install/bumper_bot_py:/opt/ros/humble /usr/bin/cmake --build /home/unknown/ROS2_Workspaces/bumperbot_ws/build/bumperbot_utils -- -j8 -l8
[0.432s] Invoking command in '/home/unknown/ROS2_Workspaces/bumperbot_ws/build/bumperbot_utils': CMAKE_PREFIX_PATH=${CMAKE_PREFIX_PATH}:/home/unknown/ROS2_Workspaces/bumperbot_ws/install/my_robot_controller:/home/unknown/ROS2_Workspaces/bumperbot_ws/install/bumper_bot_py:/opt/ros/humble /usr/bin/cmake --install /home/unknown/ROS2_Workspaces/bumperbot_ws/build/bumperbot_utils
[0.443s] -- Install configuration: ""
[0.443s] -- Up-to-date: /home/unknown/ROS2_Workspaces/bumperbot_ws/install/bumperbot_utils/share/bumperbot_utils/launch
[0.443s] -- Up-to-date: /home/unknown/ROS2_Workspaces/bumperbot_ws/install/bumperbot_utils/share/bumperbot_utils/launch/path_creation.launch.py
[0.443s] -- Up-to-date: /home/unknown/ROS2_Workspaces/bumperbot_ws/install/bumperbot_utils/share/bumperbot_utils/launch/trajectory.launch.py
[0.444s] -- Up-to-date: /home/unknown/ROS2_Workspaces/bumperbot_ws/install/bumperbot_utils/lib/bumperbot_utils/trajectory_drawer.py
[0.444s] -- Up-to-date: /home/unknown/ROS2_Workspaces/bumperbot_ws/install/bumperbot_utils/share/ament_index/resource_index/package_run_dependencies/bumperbot_utils
[0.444s] -- Up-to-date: /home/unknown/ROS2_Workspaces/bumperbot_ws/install/bumperbot_utils/share/ament_index/resource_index/parent_prefix_path/bumperbot_utils
[0.444s] -- Up-to-date: /home/unknown/ROS2_Workspaces/bumperbot_ws/install/bumperbot_utils/share/bumperbot_utils/environment/ament_prefix_path.sh
[0.444s] -- Up-to-date: /home/unknown/ROS2_Workspaces/bumperbot_ws/install/bumperbot_utils/share/bumperbot_utils/environment/ament_prefix_path.dsv
[0.444s] -- Up-to-date: /home/unknown/ROS2_Workspaces/bumperbot_ws/install/bumperbot_utils/share/bumperbot_utils/environment/path.sh
[0.445s] -- Up-to-date: /home/unknown/ROS2_Workspaces/bumperbot_ws/install/bumperbot_utils/share/bumperbot_utils/environment/path.dsv
[0.445s] -- Up-to-date: /home/unknown/ROS2_Workspaces/bumperbot_ws/install/bumperbot_utils/share/bumperbot_utils/local_setup.bash
[0.445s] -- Up-to-date: /home/unknown/ROS2_Workspaces/bumperbot_ws/install/bumperbot_utils/share/bumperbot_utils/local_setup.sh
[0.445s] -- Up-to-date: /home/unknown/ROS2_Workspaces/bumperbot_ws/install/bumperbot_utils/share/bumperbot_utils/local_setup.zsh
[0.445s] -- Up-to-date: /home/unknown/ROS2_Workspaces/bumperbot_ws/install/bumperbot_utils/share/bumperbot_utils/local_setup.dsv
[0.446s] -- Up-to-date: /home/unknown/ROS2_Workspaces/bumperbot_ws/install/bumperbot_utils/share/bumperbot_utils/package.dsv
[0.446s] -- Up-to-date: /home/unknown/ROS2_Workspaces/bumperbot_ws/install/bumperbot_utils/share/ament_index/resource_index/packages/bumperbot_utils
[0.446s] -- Up-to-date: /home/unknown/ROS2_Workspaces/bumperbot_ws/install/bumperbot_utils/share/bumperbot_utils/cmake/bumperbot_utilsConfig.cmake
[0.446s] -- Up-to-date: /home/unknown/ROS2_Workspaces/bumperbot_ws/install/bumperbot_utils/share/bumperbot_utils/cmake/bumperbot_utilsConfig-version.cmake
[0.446s] -- Up-to-date: /home/unknown/ROS2_Workspaces/bumperbot_ws/install/bumperbot_utils/share/bumperbot_utils/package.xml
[0.479s] Invoked command in '/home/unknown/ROS2_Workspaces/bumperbot_ws/build/bumperbot_utils' returned '0': CMAKE_PREFIX_PATH=${CMAKE_PREFIX_PATH}:/home/unknown/ROS2_Workspaces/bumperbot_ws/install/my_robot_controller:/home/unknown/ROS2_Workspaces/bumperbot_ws/install/bumper_bot_py:/opt/ros/humble /usr/bin/cmake --install /home/unknown/ROS2_Workspaces/bumperbot_ws/build/bumperbot_utils
