[0.060s] Invoking command in '/home/unknown/ROS2_Workspaces/bumperbot_ws/build/bumperbot_msgs': CMAKE_PREFIX_PATH=${CMAKE_PREFIX_PATH}:/home/unknown/ROS2_Workspaces/bumperbot_ws/install/my_robot_controller:/home/unknown/ROS2_Workspaces/bumperbot_ws/install/bumper_bot_py:/opt/ros/humble /usr/bin/cmake --build /home/unknown/ROS2_Workspaces/bumperbot_ws/build/bumperbot_msgs -- -j8 -l8
[0.131s] [35m[1mConsolidate compiler generated dependencies of target bumperbot_msgs__rosidl_generator_c[0m
[0.145s] [  2%] Built target bumperbot_msgs__cpp
[0.164s] [ 12%] Built target bumperbot_msgs__rosidl_generator_c
[0.170s] [35m[1mConsolidate compiler generated dependencies of target bumperbot_msgs__rosidl_typesupport_introspection_cpp[0m
[0.171s] [35m[1mConsolidate compiler generated dependencies of target bumperbot_msgs__rosidl_typesupport_cpp[0m
[0.171s] [ 12%] Built target ament_cmake_python_copy_bumperbot_msgs
[0.180s] [35m[1mConsolidate compiler generated dependencies of target bumperbot_msgs__rosidl_typesupport_introspection_c[0m
[0.181s] [35m[1mConsolidate compiler generated dependencies of target bumperbot_msgs__rosidl_typesupport_fastrtps_cpp[0m
[0.186s] [35m[1mConsolidate compiler generated dependencies of target bumperbot_msgs__rosidl_typesupport_fastrtps_c[0m
[0.190s] [35m[1mConsolidate compiler generated dependencies of target bumperbot_msgs__rosidl_typesupport_c[0m
[0.196s] [ 23%] Built target bumperbot_msgs__rosidl_typesupport_cpp
[0.196s] [ 33%] Built target bumperbot_msgs__rosidl_typesupport_introspection_cpp
[0.200s] [ 43%] Built target bumperbot_msgs__rosidl_typesupport_introspection_c
[0.202s] [ 53%] Built target bumperbot_msgs__rosidl_typesupport_fastrtps_cpp
[0.207s] [ 64%] Built target bumperbot_msgs__rosidl_typesupport_fastrtps_c
[0.208s] [ 74%] Built target bumperbot_msgs__rosidl_typesupport_c
[0.232s] [ 74%] Built target bumperbot_msgs
[0.257s] [ 76%] Built target bumperbot_msgs__py
[0.269s] [35m[1mConsolidate compiler generated dependencies of target bumperbot_msgs__rosidl_generator_py[0m
[0.284s] [ 84%] Built target bumperbot_msgs__rosidl_generator_py
[0.299s] [35m[1mConsolidate compiler generated dependencies of target bumperbot_msgs__rosidl_typesupport_introspection_c__pyext[0m
[0.299s] [35m[1mConsolidate compiler generated dependencies of target bumperbot_msgs__rosidl_typesupport_fastrtps_c__pyext[0m
[0.300s] [35m[1mConsolidate compiler generated dependencies of target bumperbot_msgs__rosidl_typesupport_c__pyext[0m
[0.312s] [100%] Built target bumperbot_msgs__rosidl_typesupport_fastrtps_c__pyext
[0.312s] [100%] Built target bumperbot_msgs__rosidl_typesupport_introspection_c__pyext
[0.312s] [100%] Built target bumperbot_msgs__rosidl_typesupport_c__pyext
[0.467s] running egg_info
[0.468s] writing bumperbot_msgs.egg-info/PKG-INFO
[0.468s] writing dependency_links to bumperbot_msgs.egg-info/dependency_links.txt
[0.468s] writing top-level names to bumperbot_msgs.egg-info/top_level.txt
[0.468s] reading manifest file 'bumperbot_msgs.egg-info/SOURCES.txt'
[0.468s] writing manifest file 'bumperbot_msgs.egg-info/SOURCES.txt'
[0.507s] [100%] Built target ament_cmake_python_build_bumperbot_msgs_egg
[0.541s] Invoked command in '/home/unknown/ROS2_Workspaces/bumperbot_ws/build/bumperbot_msgs' returned '0': CMAKE_PREFIX_PATH=${CMAKE_PREFIX_PATH}:/home/unknown/ROS2_Workspaces/bumperbot_ws/install/my_robot_controller:/home/unknown/ROS2_Workspaces/bumperbot_ws/install/bumper_bot_py:/opt/ros/humble /usr/bin/cmake --build /home/unknown/ROS2_Workspaces/bumperbot_ws/build/bumperbot_msgs -- -j8 -l8
[0.542s] Invoking command in '/home/unknown/ROS2_Workspaces/bumperbot_ws/build/bumperbot_msgs': CMAKE_PREFIX_PATH=${CMAKE_PREFIX_PATH}:/home/unknown/ROS2_Workspaces/bumperbot_ws/install/my_robot_controller:/home/unknown/ROS2_Workspaces/bumperbot_ws/install/bumper_bot_py:/opt/ros/humble /usr/bin/cmake --install /home/unknown/ROS2_Workspaces/bumperbot_ws/build/bumperbot_msgs
[0.554s] -- Install configuration: ""
[0.554s] -- Up-to-date: /home/unknown/ROS2_Workspaces/bumperbot_ws/install/bumperbot_msgs/share/ament_index/resource_index/rosidl_interfaces/bumperbot_msgs
[0.554s] -- Up-to-date: /home/unknown/ROS2_Workspaces/bumperbot_ws/install/bumperbot_msgs/include/bumperbot_msgs/bumperbot_msgs
[0.555s] -- Up-to-date: /home/unknown/ROS2_Workspaces/bumperbot_ws/install/bumperbot_msgs/include/bumperbot_msgs/bumperbot_msgs/srv
[0.555s] -- Up-to-date: /home/unknown/ROS2_Workspaces/bumperbot_ws/install/bumperbot_msgs/include/bumperbot_msgs/bumperbot_msgs/srv/add_two_ints.h
[0.555s] -- Up-to-date: /home/unknown/ROS2_Workspaces/bumperbot_ws/install/bumperbot_msgs/include/bumperbot_msgs/bumperbot_msgs/srv/get_transform.h
[0.555s] -- Up-to-date: /home/unknown/ROS2_Workspaces/bumperbot_ws/install/bumperbot_msgs/include/bumperbot_msgs/bumperbot_msgs/srv/detail
[0.555s] -- Up-to-date: /home/unknown/ROS2_Workspaces/bumperbot_ws/install/bumperbot_msgs/include/bumperbot_msgs/bumperbot_msgs/srv/detail/get_transform__struct.h
[0.555s] -- Up-to-date: /home/unknown/ROS2_Workspaces/bumperbot_ws/install/bumperbot_msgs/include/bumperbot_msgs/bumperbot_msgs/srv/detail/add_two_ints__type_support.h
[0.555s] -- Up-to-date: /home/unknown/ROS2_Workspaces/bumperbot_ws/install/bumperbot_msgs/include/bumperbot_msgs/bumperbot_msgs/srv/detail/add_two_ints__functions.h
[0.555s] -- Up-to-date: /home/unknown/ROS2_Workspaces/bumperbot_ws/install/bumperbot_msgs/include/bumperbot_msgs/bumperbot_msgs/srv/detail/add_two_ints__struct.h
[0.555s] -- Up-to-date: /home/unknown/ROS2_Workspaces/bumperbot_ws/install/bumperbot_msgs/include/bumperbot_msgs/bumperbot_msgs/srv/detail/get_transform__functions.h
[0.556s] -- Up-to-date: /home/unknown/ROS2_Workspaces/bumperbot_ws/install/bumperbot_msgs/include/bumperbot_msgs/bumperbot_msgs/srv/detail/get_transform__functions.c
[0.556s] -- Up-to-date: /home/unknown/ROS2_Workspaces/bumperbot_ws/install/bumperbot_msgs/include/bumperbot_msgs/bumperbot_msgs/srv/detail/add_two_ints__functions.c
[0.556s] -- Up-to-date: /home/unknown/ROS2_Workspaces/bumperbot_ws/install/bumperbot_msgs/include/bumperbot_msgs/bumperbot_msgs/srv/detail/get_transform__type_support.h
[0.556s] -- Up-to-date: /home/unknown/ROS2_Workspaces/bumperbot_ws/install/bumperbot_msgs/include/bumperbot_msgs/bumperbot_msgs/msg
[0.557s] -- Up-to-date: /home/unknown/ROS2_Workspaces/bumperbot_ws/install/bumperbot_msgs/include/bumperbot_msgs/bumperbot_msgs/msg/rosidl_generator_c__visibility_control.h
[0.557s] -- Up-to-date: /home/unknown/ROS2_Workspaces/bumperbot_ws/install/bumperbot_msgs/share/bumperbot_msgs/environment/library_path.sh
[0.557s] -- Up-to-date: /home/unknown/ROS2_Workspaces/bumperbot_ws/install/bumperbot_msgs/share/bumperbot_msgs/environment/library_path.dsv
[0.557s] -- Up-to-date: /home/unknown/ROS2_Workspaces/bumperbot_ws/install/bumperbot_msgs/lib/libbumperbot_msgs__rosidl_generator_c.so
[0.557s] -- Up-to-date: /home/unknown/ROS2_Workspaces/bumperbot_ws/install/bumperbot_msgs/include/bumperbot_msgs/bumperbot_msgs
[0.557s] -- Up-to-date: /home/unknown/ROS2_Workspaces/bumperbot_ws/install/bumperbot_msgs/include/bumperbot_msgs/bumperbot_msgs/srv
[0.558s] -- Up-to-date: /home/unknown/ROS2_Workspaces/bumperbot_ws/install/bumperbot_msgs/include/bumperbot_msgs/bumperbot_msgs/srv/detail
[0.558s] -- Up-to-date: /home/unknown/ROS2_Workspaces/bumperbot_ws/install/bumperbot_msgs/include/bumperbot_msgs/bumperbot_msgs/srv/detail/add_two_ints__rosidl_typesupport_fastrtps_c.h
[0.558s] -- Up-to-date: /home/unknown/ROS2_Workspaces/bumperbot_ws/install/bumperbot_msgs/include/bumperbot_msgs/bumperbot_msgs/srv/detail/get_transform__rosidl_typesupport_fastrtps_c.h
[0.558s] -- Up-to-date: /home/unknown/ROS2_Workspaces/bumperbot_ws/install/bumperbot_msgs/include/bumperbot_msgs/bumperbot_msgs/msg
[0.558s] -- Up-to-date: /home/unknown/ROS2_Workspaces/bumperbot_ws/install/bumperbot_msgs/include/bumperbot_msgs/bumperbot_msgs/msg/rosidl_typesupport_fastrtps_c__visibility_control.h
[0.558s] -- Up-to-date: /home/unknown/ROS2_Workspaces/bumperbot_ws/install/bumperbot_msgs/lib/libbumperbot_msgs__rosidl_typesupport_fastrtps_c.so
[0.558s] -- Up-to-date: /home/unknown/ROS2_Workspaces/bumperbot_ws/install/bumperbot_msgs/include/bumperbot_msgs/bumperbot_msgs
[0.558s] -- Up-to-date: /home/unknown/ROS2_Workspaces/bumperbot_ws/install/bumperbot_msgs/include/bumperbot_msgs/bumperbot_msgs/srv
[0.558s] -- Up-to-date: /home/unknown/ROS2_Workspaces/bumperbot_ws/install/bumperbot_msgs/include/bumperbot_msgs/bumperbot_msgs/srv/add_two_ints.hpp
[0.558s] -- Up-to-date: /home/unknown/ROS2_Workspaces/bumperbot_ws/install/bumperbot_msgs/include/bumperbot_msgs/bumperbot_msgs/srv/get_transform.hpp
[0.558s] -- Up-to-date: /home/unknown/ROS2_Workspaces/bumperbot_ws/install/bumperbot_msgs/include/bumperbot_msgs/bumperbot_msgs/srv/detail
[0.559s] -- Up-to-date: /home/unknown/ROS2_Workspaces/bumperbot_ws/install/bumperbot_msgs/include/bumperbot_msgs/bumperbot_msgs/srv/detail/add_two_ints__type_support.hpp
[0.559s] -- Up-to-date: /home/unknown/ROS2_Workspaces/bumperbot_ws/install/bumperbot_msgs/include/bumperbot_msgs/bumperbot_msgs/srv/detail/add_two_ints__struct.hpp
[0.559s] -- Up-to-date: /home/unknown/ROS2_Workspaces/bumperbot_ws/install/bumperbot_msgs/include/bumperbot_msgs/bumperbot_msgs/srv/detail/get_transform__type_support.hpp
[0.559s] -- Up-to-date: /home/unknown/ROS2_Workspaces/bumperbot_ws/install/bumperbot_msgs/include/bumperbot_msgs/bumperbot_msgs/srv/detail/get_transform__traits.hpp
[0.559s] -- Up-to-date: /home/unknown/ROS2_Workspaces/bumperbot_ws/install/bumperbot_msgs/include/bumperbot_msgs/bumperbot_msgs/srv/detail/add_two_ints__traits.hpp
[0.559s] -- Up-to-date: /home/unknown/ROS2_Workspaces/bumperbot_ws/install/bumperbot_msgs/include/bumperbot_msgs/bumperbot_msgs/srv/detail/add_two_ints__builder.hpp
[0.559s] -- Up-to-date: /home/unknown/ROS2_Workspaces/bumperbot_ws/install/bumperbot_msgs/include/bumperbot_msgs/bumperbot_msgs/srv/detail/get_transform__struct.hpp
[0.559s] -- Up-to-date: /home/unknown/ROS2_Workspaces/bumperbot_ws/install/bumperbot_msgs/include/bumperbot_msgs/bumperbot_msgs/srv/detail/get_transform__builder.hpp
[0.559s] -- Up-to-date: /home/unknown/ROS2_Workspaces/bumperbot_ws/install/bumperbot_msgs/include/bumperbot_msgs/bumperbot_msgs/msg
[0.559s] -- Up-to-date: /home/unknown/ROS2_Workspaces/bumperbot_ws/install/bumperbot_msgs/include/bumperbot_msgs/bumperbot_msgs/msg/rosidl_generator_cpp__visibility_control.hpp
[0.559s] -- Up-to-date: /home/unknown/ROS2_Workspaces/bumperbot_ws/install/bumperbot_msgs/include/bumperbot_msgs/bumperbot_msgs
[0.559s] -- Up-to-date: /home/unknown/ROS2_Workspaces/bumperbot_ws/install/bumperbot_msgs/include/bumperbot_msgs/bumperbot_msgs/srv
[0.559s] -- Up-to-date: /home/unknown/ROS2_Workspaces/bumperbot_ws/install/bumperbot_msgs/include/bumperbot_msgs/bumperbot_msgs/srv/detail
[0.560s] -- Up-to-date: /home/unknown/ROS2_Workspaces/bumperbot_ws/install/bumperbot_msgs/include/bumperbot_msgs/bumperbot_msgs/srv/detail/get_transform__rosidl_typesupport_fastrtps_cpp.hpp
[0.560s] -- Up-to-date: /home/unknown/ROS2_Workspaces/bumperbot_ws/install/bumperbot_msgs/include/bumperbot_msgs/bumperbot_msgs/srv/detail/dds_fastrtps
[0.560s] -- Up-to-date: /home/unknown/ROS2_Workspaces/bumperbot_ws/install/bumperbot_msgs/include/bumperbot_msgs/bumperbot_msgs/srv/detail/add_two_ints__rosidl_typesupport_fastrtps_cpp.hpp
[0.560s] -- Up-to-date: /home/unknown/ROS2_Workspaces/bumperbot_ws/install/bumperbot_msgs/include/bumperbot_msgs/bumperbot_msgs/msg
[0.560s] -- Up-to-date: /home/unknown/ROS2_Workspaces/bumperbot_ws/install/bumperbot_msgs/include/bumperbot_msgs/bumperbot_msgs/msg/rosidl_typesupport_fastrtps_cpp__visibility_control.h
[0.560s] -- Up-to-date: /home/unknown/ROS2_Workspaces/bumperbot_ws/install/bumperbot_msgs/lib/libbumperbot_msgs__rosidl_typesupport_fastrtps_cpp.so
[0.560s] -- Up-to-date: /home/unknown/ROS2_Workspaces/bumperbot_ws/install/bumperbot_msgs/include/bumperbot_msgs/bumperbot_msgs
[0.560s] -- Up-to-date: /home/unknown/ROS2_Workspaces/bumperbot_ws/install/bumperbot_msgs/include/bumperbot_msgs/bumperbot_msgs/srv
[0.560s] -- Up-to-date: /home/unknown/ROS2_Workspaces/bumperbot_ws/install/bumperbot_msgs/include/bumperbot_msgs/bumperbot_msgs/srv/detail
[0.560s] -- Up-to-date: /home/unknown/ROS2_Workspaces/bumperbot_ws/install/bumperbot_msgs/include/bumperbot_msgs/bumperbot_msgs/srv/detail/add_two_ints__rosidl_typesupport_introspection_c.h
[0.560s] -- Up-to-date: /home/unknown/ROS2_Workspaces/bumperbot_ws/install/bumperbot_msgs/include/bumperbot_msgs/bumperbot_msgs/srv/detail/get_transform__rosidl_typesupport_introspection_c.h
[0.560s] -- Up-to-date: /home/unknown/ROS2_Workspaces/bumperbot_ws/install/bumperbot_msgs/include/bumperbot_msgs/bumperbot_msgs/srv/detail/add_two_ints__type_support.c
[0.560s] -- Up-to-date: /home/unknown/ROS2_Workspaces/bumperbot_ws/install/bumperbot_msgs/include/bumperbot_msgs/bumperbot_msgs/srv/detail/get_transform__type_support.c
[0.560s] -- Up-to-date: /home/unknown/ROS2_Workspaces/bumperbot_ws/install/bumperbot_msgs/include/bumperbot_msgs/bumperbot_msgs/msg
[0.560s] -- Up-to-date: /home/unknown/ROS2_Workspaces/bumperbot_ws/install/bumperbot_msgs/include/bumperbot_msgs/bumperbot_msgs/msg/rosidl_typesupport_introspection_c__visibility_control.h
[0.560s] -- Up-to-date: /home/unknown/ROS2_Workspaces/bumperbot_ws/install/bumperbot_msgs/lib/libbumperbot_msgs__rosidl_typesupport_introspection_c.so
[0.560s] -- Up-to-date: /home/unknown/ROS2_Workspaces/bumperbot_ws/install/bumperbot_msgs/lib/libbumperbot_msgs__rosidl_typesupport_c.so
[0.561s] -- Up-to-date: /home/unknown/ROS2_Workspaces/bumperbot_ws/install/bumperbot_msgs/include/bumperbot_msgs/bumperbot_msgs
[0.561s] -- Up-to-date: /home/unknown/ROS2_Workspaces/bumperbot_ws/install/bumperbot_msgs/include/bumperbot_msgs/bumperbot_msgs/srv
[0.561s] -- Up-to-date: /home/unknown/ROS2_Workspaces/bumperbot_ws/install/bumperbot_msgs/include/bumperbot_msgs/bumperbot_msgs/srv/detail
[0.561s] -- Up-to-date: /home/unknown/ROS2_Workspaces/bumperbot_ws/install/bumperbot_msgs/include/bumperbot_msgs/bumperbot_msgs/srv/detail/add_two_ints__type_support.cpp
[0.561s] -- Up-to-date: /home/unknown/ROS2_Workspaces/bumperbot_ws/install/bumperbot_msgs/include/bumperbot_msgs/bumperbot_msgs/srv/detail/get_transform__type_support.cpp
[0.561s] -- Up-to-date: /home/unknown/ROS2_Workspaces/bumperbot_ws/install/bumperbot_msgs/include/bumperbot_msgs/bumperbot_msgs/srv/detail/get_transform__rosidl_typesupport_introspection_cpp.hpp
[0.561s] -- Up-to-date: /home/unknown/ROS2_Workspaces/bumperbot_ws/install/bumperbot_msgs/include/bumperbot_msgs/bumperbot_msgs/srv/detail/add_two_ints__rosidl_typesupport_introspection_cpp.hpp
[0.561s] -- Up-to-date: /home/unknown/ROS2_Workspaces/bumperbot_ws/install/bumperbot_msgs/lib/libbumperbot_msgs__rosidl_typesupport_introspection_cpp.so
[0.561s] -- Up-to-date: /home/unknown/ROS2_Workspaces/bumperbot_ws/install/bumperbot_msgs/lib/libbumperbot_msgs__rosidl_typesupport_cpp.so
[0.561s] -- Up-to-date: /home/unknown/ROS2_Workspaces/bumperbot_ws/install/bumperbot_msgs/share/bumperbot_msgs/environment/pythonpath.sh
[0.562s] -- Up-to-date: /home/unknown/ROS2_Workspaces/bumperbot_ws/install/bumperbot_msgs/share/bumperbot_msgs/environment/pythonpath.dsv
[0.562s] -- Up-to-date: /home/unknown/ROS2_Workspaces/bumperbot_ws/install/bumperbot_msgs/local/lib/python3.10/dist-packages/bumperbot_msgs-0.0.0-py3.10.egg-info
[0.562s] -- Installing: /home/unknown/ROS2_Workspaces/bumperbot_ws/install/bumperbot_msgs/local/lib/python3.10/dist-packages/bumperbot_msgs-0.0.0-py3.10.egg-info/PKG-INFO
[0.562s] -- Installing: /home/unknown/ROS2_Workspaces/bumperbot_ws/install/bumperbot_msgs/local/lib/python3.10/dist-packages/bumperbot_msgs-0.0.0-py3.10.egg-info/dependency_links.txt
[0.562s] -- Installing: /home/unknown/ROS2_Workspaces/bumperbot_ws/install/bumperbot_msgs/local/lib/python3.10/dist-packages/bumperbot_msgs-0.0.0-py3.10.egg-info/top_level.txt
[0.562s] -- Installing: /home/unknown/ROS2_Workspaces/bumperbot_ws/install/bumperbot_msgs/local/lib/python3.10/dist-packages/bumperbot_msgs-0.0.0-py3.10.egg-info/SOURCES.txt
[0.563s] -- Up-to-date: /home/unknown/ROS2_Workspaces/bumperbot_ws/install/bumperbot_msgs/local/lib/python3.10/dist-packages/bumperbot_msgs
[0.563s] -- Up-to-date: /home/unknown/ROS2_Workspaces/bumperbot_ws/install/bumperbot_msgs/local/lib/python3.10/dist-packages/bumperbot_msgs/_bumperbot_msgs_s.ep.rosidl_typesupport_fastrtps_c.c
[0.563s] -- Up-to-date: /home/unknown/ROS2_Workspaces/bumperbot_ws/install/bumperbot_msgs/local/lib/python3.10/dist-packages/bumperbot_msgs/_bumperbot_msgs_s.ep.rosidl_typesupport_introspection_c.c
[0.563s] -- Up-to-date: /home/unknown/ROS2_Workspaces/bumperbot_ws/install/bumperbot_msgs/local/lib/python3.10/dist-packages/bumperbot_msgs/__init__.py
[0.563s] -- Up-to-date: /home/unknown/ROS2_Workspaces/bumperbot_ws/install/bumperbot_msgs/local/lib/python3.10/dist-packages/bumperbot_msgs/bumperbot_msgs_s__rosidl_typesupport_fastrtps_c.cpython-310-x86_64-linux-gnu.so
[0.563s] -- Up-to-date: /home/unknown/ROS2_Workspaces/bumperbot_ws/install/bumperbot_msgs/local/lib/python3.10/dist-packages/bumperbot_msgs/srv
[0.564s] -- Up-to-date: /home/unknown/ROS2_Workspaces/bumperbot_ws/install/bumperbot_msgs/local/lib/python3.10/dist-packages/bumperbot_msgs/srv/__init__.py
[0.564s] -- Up-to-date: /home/unknown/ROS2_Workspaces/bumperbot_ws/install/bumperbot_msgs/local/lib/python3.10/dist-packages/bumperbot_msgs/srv/_get_transform.py
[0.564s] -- Up-to-date: /home/unknown/ROS2_Workspaces/bumperbot_ws/install/bumperbot_msgs/local/lib/python3.10/dist-packages/bumperbot_msgs/srv/_add_two_ints.py
[0.564s] -- Up-to-date: /home/unknown/ROS2_Workspaces/bumperbot_ws/install/bumperbot_msgs/local/lib/python3.10/dist-packages/bumperbot_msgs/srv/_add_two_ints_s.c
[0.564s] -- Up-to-date: /home/unknown/ROS2_Workspaces/bumperbot_ws/install/bumperbot_msgs/local/lib/python3.10/dist-packages/bumperbot_msgs/srv/_get_transform_s.c
[0.564s] -- Up-to-date: /home/unknown/ROS2_Workspaces/bumperbot_ws/install/bumperbot_msgs/local/lib/python3.10/dist-packages/bumperbot_msgs/libbumperbot_msgs__rosidl_generator_py.so
[0.564s] -- Up-to-date: /home/unknown/ROS2_Workspaces/bumperbot_ws/install/bumperbot_msgs/local/lib/python3.10/dist-packages/bumperbot_msgs/bumperbot_msgs_s__rosidl_typesupport_c.cpython-310-x86_64-linux-gnu.so
[0.565s] -- Up-to-date: /home/unknown/ROS2_Workspaces/bumperbot_ws/install/bumperbot_msgs/local/lib/python3.10/dist-packages/bumperbot_msgs/_bumperbot_msgs_s.ep.rosidl_typesupport_c.c
[0.565s] -- Up-to-date: /home/unknown/ROS2_Workspaces/bumperbot_ws/install/bumperbot_msgs/local/lib/python3.10/dist-packages/bumperbot_msgs/bumperbot_msgs_s__rosidl_typesupport_introspection_c.cpython-310-x86_64-linux-gnu.so
[0.610s] Listing '/home/unknown/ROS2_Workspaces/bumperbot_ws/install/bumperbot_msgs/local/lib/python3.10/dist-packages/bumperbot_msgs'...
[0.610s] Listing '/home/unknown/ROS2_Workspaces/bumperbot_ws/install/bumperbot_msgs/local/lib/python3.10/dist-packages/bumperbot_msgs/srv'...
[0.615s] -- Up-to-date: /home/unknown/ROS2_Workspaces/bumperbot_ws/install/bumperbot_msgs/local/lib/python3.10/dist-packages/bumperbot_msgs/bumperbot_msgs_s__rosidl_typesupport_fastrtps_c.cpython-310-x86_64-linux-gnu.so
[0.615s] -- Up-to-date: /home/unknown/ROS2_Workspaces/bumperbot_ws/install/bumperbot_msgs/local/lib/python3.10/dist-packages/bumperbot_msgs/bumperbot_msgs_s__rosidl_typesupport_introspection_c.cpython-310-x86_64-linux-gnu.so
[0.615s] -- Up-to-date: /home/unknown/ROS2_Workspaces/bumperbot_ws/install/bumperbot_msgs/local/lib/python3.10/dist-packages/bumperbot_msgs/bumperbot_msgs_s__rosidl_typesupport_c.cpython-310-x86_64-linux-gnu.so
[0.618s] -- Up-to-date: /home/unknown/ROS2_Workspaces/bumperbot_ws/install/bumperbot_msgs/lib/libbumperbot_msgs__rosidl_generator_py.so
[0.619s] -- Up-to-date: /home/unknown/ROS2_Workspaces/bumperbot_ws/install/bumperbot_msgs/share/bumperbot_msgs/srv/AddTwoInts.idl
[0.620s] -- Up-to-date: /home/unknown/ROS2_Workspaces/bumperbot_ws/install/bumperbot_msgs/share/bumperbot_msgs/srv/GetTransform.idl
[0.620s] -- Up-to-date: /home/unknown/ROS2_Workspaces/bumperbot_ws/install/bumperbot_msgs/share/bumperbot_msgs/srv/AddTwoInts.srv
[0.620s] -- Up-to-date: /home/unknown/ROS2_Workspaces/bumperbot_ws/install/bumperbot_msgs/share/bumperbot_msgs/srv/AddTwoInts_Request.msg
[0.627s] -- Up-to-date: /home/unknown/ROS2_Workspaces/bumperbot_ws/install/bumperbot_msgs/share/bumperbot_msgs/srv/AddTwoInts_Response.msg
[0.628s] -- Up-to-date: /home/unknown/ROS2_Workspaces/bumperbot_ws/install/bumperbot_msgs/share/bumperbot_msgs/srv/GetTransform.srv
[0.628s] -- Up-to-date: /home/unknown/ROS2_Workspaces/bumperbot_ws/install/bumperbot_msgs/share/bumperbot_msgs/srv/GetTransform_Request.msg
[0.628s] -- Up-to-date: /home/unknown/ROS2_Workspaces/bumperbot_ws/install/bumperbot_msgs/share/bumperbot_msgs/srv/GetTransform_Response.msg
[0.628s] -- Up-to-date: /home/unknown/ROS2_Workspaces/bumperbot_ws/install/bumperbot_msgs/share/ament_index/resource_index/package_run_dependencies/bumperbot_msgs
[0.628s] -- Up-to-date: /home/unknown/ROS2_Workspaces/bumperbot_ws/install/bumperbot_msgs/share/ament_index/resource_index/parent_prefix_path/bumperbot_msgs
[0.628s] -- Up-to-date: /home/unknown/ROS2_Workspaces/bumperbot_ws/install/bumperbot_msgs/share/bumperbot_msgs/environment/ament_prefix_path.sh
[0.628s] -- Up-to-date: /home/unknown/ROS2_Workspaces/bumperbot_ws/install/bumperbot_msgs/share/bumperbot_msgs/environment/ament_prefix_path.dsv
[0.629s] -- Up-to-date: /home/unknown/ROS2_Workspaces/bumperbot_ws/install/bumperbot_msgs/share/bumperbot_msgs/environment/path.sh
[0.629s] -- Up-to-date: /home/unknown/ROS2_Workspaces/bumperbot_ws/install/bumperbot_msgs/share/bumperbot_msgs/environment/path.dsv
[0.629s] -- Up-to-date: /home/unknown/ROS2_Workspaces/bumperbot_ws/install/bumperbot_msgs/share/bumperbot_msgs/local_setup.bash
[0.629s] -- Up-to-date: /home/unknown/ROS2_Workspaces/bumperbot_ws/install/bumperbot_msgs/share/bumperbot_msgs/local_setup.sh
[0.629s] -- Up-to-date: /home/unknown/ROS2_Workspaces/bumperbot_ws/install/bumperbot_msgs/share/bumperbot_msgs/local_setup.zsh
[0.629s] -- Up-to-date: /home/unknown/ROS2_Workspaces/bumperbot_ws/install/bumperbot_msgs/share/bumperbot_msgs/local_setup.dsv
[0.629s] -- Installing: /home/unknown/ROS2_Workspaces/bumperbot_ws/install/bumperbot_msgs/share/bumperbot_msgs/package.dsv
[0.629s] -- Up-to-date: /home/unknown/ROS2_Workspaces/bumperbot_ws/install/bumperbot_msgs/share/ament_index/resource_index/packages/bumperbot_msgs
[0.629s] -- Up-to-date: /home/unknown/ROS2_Workspaces/bumperbot_ws/install/bumperbot_msgs/share/bumperbot_msgs/cmake/export_bumperbot_msgs__rosidl_generator_cExport.cmake
[0.629s] -- Up-to-date: /home/unknown/ROS2_Workspaces/bumperbot_ws/install/bumperbot_msgs/share/bumperbot_msgs/cmake/export_bumperbot_msgs__rosidl_generator_cExport-noconfig.cmake
[0.629s] -- Up-to-date: /home/unknown/ROS2_Workspaces/bumperbot_ws/install/bumperbot_msgs/share/bumperbot_msgs/cmake/export_bumperbot_msgs__rosidl_typesupport_fastrtps_cExport.cmake
[0.629s] -- Up-to-date: /home/unknown/ROS2_Workspaces/bumperbot_ws/install/bumperbot_msgs/share/bumperbot_msgs/cmake/export_bumperbot_msgs__rosidl_typesupport_fastrtps_cExport-noconfig.cmake
[0.630s] -- Up-to-date: /home/unknown/ROS2_Workspaces/bumperbot_ws/install/bumperbot_msgs/share/bumperbot_msgs/cmake/export_bumperbot_msgs__rosidl_generator_cppExport.cmake
[0.630s] -- Up-to-date: /home/unknown/ROS2_Workspaces/bumperbot_ws/install/bumperbot_msgs/share/bumperbot_msgs/cmake/export_bumperbot_msgs__rosidl_typesupport_fastrtps_cppExport.cmake
[0.630s] -- Up-to-date: /home/unknown/ROS2_Workspaces/bumperbot_ws/install/bumperbot_msgs/share/bumperbot_msgs/cmake/export_bumperbot_msgs__rosidl_typesupport_fastrtps_cppExport-noconfig.cmake
[0.630s] -- Up-to-date: /home/unknown/ROS2_Workspaces/bumperbot_ws/install/bumperbot_msgs/share/bumperbot_msgs/cmake/bumperbot_msgs__rosidl_typesupport_introspection_cExport.cmake
[0.630s] -- Up-to-date: /home/unknown/ROS2_Workspaces/bumperbot_ws/install/bumperbot_msgs/share/bumperbot_msgs/cmake/bumperbot_msgs__rosidl_typesupport_introspection_cExport-noconfig.cmake
[0.630s] -- Up-to-date: /home/unknown/ROS2_Workspaces/bumperbot_ws/install/bumperbot_msgs/share/bumperbot_msgs/cmake/bumperbot_msgs__rosidl_typesupport_cExport.cmake
[0.630s] -- Up-to-date: /home/unknown/ROS2_Workspaces/bumperbot_ws/install/bumperbot_msgs/share/bumperbot_msgs/cmake/bumperbot_msgs__rosidl_typesupport_cExport-noconfig.cmake
[0.630s] -- Up-to-date: /home/unknown/ROS2_Workspaces/bumperbot_ws/install/bumperbot_msgs/share/bumperbot_msgs/cmake/bumperbot_msgs__rosidl_typesupport_introspection_cppExport.cmake
[0.630s] -- Up-to-date: /home/unknown/ROS2_Workspaces/bumperbot_ws/install/bumperbot_msgs/share/bumperbot_msgs/cmake/bumperbot_msgs__rosidl_typesupport_introspection_cppExport-noconfig.cmake
[0.634s] -- Up-to-date: /home/unknown/ROS2_Workspaces/bumperbot_ws/install/bumperbot_msgs/share/bumperbot_msgs/cmake/bumperbot_msgs__rosidl_typesupport_cppExport.cmake
[0.634s] -- Up-to-date: /home/unknown/ROS2_Workspaces/bumperbot_ws/install/bumperbot_msgs/share/bumperbot_msgs/cmake/bumperbot_msgs__rosidl_typesupport_cppExport-noconfig.cmake
[0.634s] -- Up-to-date: /home/unknown/ROS2_Workspaces/bumperbot_ws/install/bumperbot_msgs/share/bumperbot_msgs/cmake/export_bumperbot_msgs__rosidl_generator_pyExport.cmake
[0.635s] -- Up-to-date: /home/unknown/ROS2_Workspaces/bumperbot_ws/install/bumperbot_msgs/share/bumperbot_msgs/cmake/export_bumperbot_msgs__rosidl_generator_pyExport-noconfig.cmake
[0.635s] -- Up-to-date: /home/unknown/ROS2_Workspaces/bumperbot_ws/install/bumperbot_msgs/share/bumperbot_msgs/cmake/rosidl_cmake-extras.cmake
[0.635s] -- Up-to-date: /home/unknown/ROS2_Workspaces/bumperbot_ws/install/bumperbot_msgs/share/bumperbot_msgs/cmake/ament_cmake_export_dependencies-extras.cmake
[0.635s] -- Up-to-date: /home/unknown/ROS2_Workspaces/bumperbot_ws/install/bumperbot_msgs/share/bumperbot_msgs/cmake/ament_cmake_export_include_directories-extras.cmake
[0.635s] -- Up-to-date: /home/unknown/ROS2_Workspaces/bumperbot_ws/install/bumperbot_msgs/share/bumperbot_msgs/cmake/ament_cmake_export_libraries-extras.cmake
[0.636s] -- Up-to-date: /home/unknown/ROS2_Workspaces/bumperbot_ws/install/bumperbot_msgs/share/bumperbot_msgs/cmake/ament_cmake_export_targets-extras.cmake
[0.636s] -- Up-to-date: /home/unknown/ROS2_Workspaces/bumperbot_ws/install/bumperbot_msgs/share/bumperbot_msgs/cmake/rosidl_cmake_export_typesupport_targets-extras.cmake
[0.636s] -- Up-to-date: /home/unknown/ROS2_Workspaces/bumperbot_ws/install/bumperbot_msgs/share/bumperbot_msgs/cmake/rosidl_cmake_export_typesupport_libraries-extras.cmake
[0.636s] -- Up-to-date: /home/unknown/ROS2_Workspaces/bumperbot_ws/install/bumperbot_msgs/share/bumperbot_msgs/cmake/bumperbot_msgsConfig.cmake
[0.636s] -- Up-to-date: /home/unknown/ROS2_Workspaces/bumperbot_ws/install/bumperbot_msgs/share/bumperbot_msgs/cmake/bumperbot_msgsConfig-version.cmake
[0.636s] -- Up-to-date: /home/unknown/ROS2_Workspaces/bumperbot_ws/install/bumperbot_msgs/share/bumperbot_msgs/package.xml
[0.667s] Invoked command in '/home/unknown/ROS2_Workspaces/bumperbot_ws/build/bumperbot_msgs' returned '0': CMAKE_PREFIX_PATH=${CMAKE_PREFIX_PATH}:/home/unknown/ROS2_Workspaces/bumperbot_ws/install/my_robot_controller:/home/unknown/ROS2_Workspaces/bumperbot_ws/install/bumper_bot_py:/opt/ros/humble /usr/bin/cmake --install /home/unknown/ROS2_Workspaces/bumperbot_ws/build/bumperbot_msgs
