[35m[1mConsolidate compiler generated dependencies of target imu_republisher[0m
[35m[1mConsolidate compiler generated dependencies of target kalman_filter[0m
[ 50%] Built target kalman_filter
[ 50%] Built target ament_cmake_python_copy_bumperbot_localisation
[100%] Built target imu_republisher
running egg_info
writing bumperbot_localisation.egg-info/PKG-INFO
writing dependency_links to bumperbot_localisation.egg-info/dependency_links.txt
writing top-level names to bumperbot_localisation.egg-info/top_level.txt
reading manifest file 'bumperbot_localisation.egg-info/SOURCES.txt'
writing manifest file 'bumperbot_localisation.egg-info/SOURCES.txt'
[100%] Built target ament_cmake_python_build_bumperbot_localisation_egg
-- Install configuration: ""
-- Up-to-date: /home/unknown/ROS2_Workspaces/bumperbot_ws/install/bumperbot_localisation/share/bumperbot_localisation/environment/pythonpath.sh
-- Up-to-date: /home/unknown/ROS2_Workspaces/bumperbot_ws/install/bumperbot_localisation/share/bumperbot_localisation/environment/pythonpath.dsv
-- Up-to-date: /home/unknown/ROS2_Workspaces/bumperbot_ws/install/bumperbot_localisation/local/lib/python3.10/dist-packages/bumperbot_localisation-0.0.0-py3.10.egg-info
-- Installing: /home/unknown/ROS2_Workspaces/bumperbot_ws/install/bumperbot_localisation/local/lib/python3.10/dist-packages/bumperbot_localisation-0.0.0-py3.10.egg-info/PKG-INFO
-- Installing: /home/unknown/ROS2_Workspaces/bumperbot_ws/install/bumperbot_localisation/local/lib/python3.10/dist-packages/bumperbot_localisation-0.0.0-py3.10.egg-info/dependency_links.txt
-- Installing: /home/unknown/ROS2_Workspaces/bumperbot_ws/install/bumperbot_localisation/local/lib/python3.10/dist-packages/bumperbot_localisation-0.0.0-py3.10.egg-info/top_level.txt
-- Installing: /home/unknown/ROS2_Workspaces/bumperbot_ws/install/bumperbot_localisation/local/lib/python3.10/dist-packages/bumperbot_localisation-0.0.0-py3.10.egg-info/SOURCES.txt
-- Up-to-date: /home/unknown/ROS2_Workspaces/bumperbot_ws/install/bumperbot_localisation/local/lib/python3.10/dist-packages/bumperbot_localisation
-- Up-to-date: /home/unknown/ROS2_Workspaces/bumperbot_ws/install/bumperbot_localisation/local/lib/python3.10/dist-packages/bumperbot_localisation/__init__.py
-- Up-to-date: /home/unknown/ROS2_Workspaces/bumperbot_ws/install/bumperbot_localisation/local/lib/python3.10/dist-packages/bumperbot_localisation/imu_republisher.py
-- Up-to-date: /home/unknown/ROS2_Workspaces/bumperbot_ws/install/bumperbot_localisation/local/lib/python3.10/dist-packages/bumperbot_localisation/kalman_filter.py
-- Up-to-date: /home/unknown/ROS2_Workspaces/bumperbot_ws/install/bumperbot_localisation/local/lib/python3.10/dist-packages/bumperbot_localisation/odometry_motion_model.py
Listing '/home/unknown/ROS2_Workspaces/bumperbot_ws/install/bumperbot_localisation/local/lib/python3.10/dist-packages/bumperbot_localisation'...
-- Up-to-date: /home/unknown/ROS2_Workspaces/bumperbot_ws/install/bumperbot_localisation/include/include
-- Up-to-date: /home/unknown/ROS2_Workspaces/bumperbot_ws/install/bumperbot_localisation/include/include/bumperbot_localisation
-- Up-to-date: /home/unknown/ROS2_Workspaces/bumperbot_ws/install/bumperbot_localisation/include/include/bumperbot_localisation/kalman_filter.hpp
-- Up-to-date: /home/unknown/ROS2_Workspaces/bumperbot_ws/install/bumperbot_localisation/include/include/bumperbot_localisation/odometry_motion_model.hpp
-- Up-to-date: /home/unknown/ROS2_Workspaces/bumperbot_ws/install/bumperbot_localisation/share/bumperbot_localisation/launch
-- Up-to-date: /home/unknown/ROS2_Workspaces/bumperbot_ws/install/bumperbot_localisation/share/bumperbot_localisation/launch/local_localisation.launch.py
-- Up-to-date: /home/unknown/ROS2_Workspaces/bumperbot_ws/install/bumperbot_localisation/share/bumperbot_localisation/config
-- Up-to-date: /home/unknown/ROS2_Workspaces/bumperbot_ws/install/bumperbot_localisation/share/bumperbot_localisation/config/ekf.yaml
-- Up-to-date: /home/unknown/ROS2_Workspaces/bumperbot_ws/install/bumperbot_localisation/lib/bumperbot_localisation/kalman_filter.py
-- Up-to-date: /home/unknown/ROS2_Workspaces/bumperbot_ws/install/bumperbot_localisation/lib/bumperbot_localisation/imu_republisher.py
-- Up-to-date: /home/unknown/ROS2_Workspaces/bumperbot_ws/install/bumperbot_localisation/lib/bumperbot_localisation/odometry_motion_model.py
-- Up-to-date: /home/unknown/ROS2_Workspaces/bumperbot_ws/install/bumperbot_localisation/lib/bumperbot_localisation/kalman_filter
-- Up-to-date: /home/unknown/ROS2_Workspaces/bumperbot_ws/install/bumperbot_localisation/lib/bumperbot_localisation/imu_republisher
-- Up-to-date: /home/unknown/ROS2_Workspaces/bumperbot_ws/install/bumperbot_localisation/share/ament_index/resource_index/package_run_dependencies/bumperbot_localisation
-- Up-to-date: /home/unknown/ROS2_Workspaces/bumperbot_ws/install/bumperbot_localisation/share/ament_index/resource_index/parent_prefix_path/bumperbot_localisation
-- Up-to-date: /home/unknown/ROS2_Workspaces/bumperbot_ws/install/bumperbot_localisation/share/bumperbot_localisation/environment/ament_prefix_path.sh
-- Up-to-date: /home/unknown/ROS2_Workspaces/bumperbot_ws/install/bumperbot_localisation/share/bumperbot_localisation/environment/ament_prefix_path.dsv
-- Up-to-date: /home/unknown/ROS2_Workspaces/bumperbot_ws/install/bumperbot_localisation/share/bumperbot_localisation/environment/path.sh
-- Up-to-date: /home/unknown/ROS2_Workspaces/bumperbot_ws/install/bumperbot_localisation/share/bumperbot_localisation/environment/path.dsv
-- Up-to-date: /home/unknown/ROS2_Workspaces/bumperbot_ws/install/bumperbot_localisation/share/bumperbot_localisation/local_setup.bash
-- Up-to-date: /home/unknown/ROS2_Workspaces/bumperbot_ws/install/bumperbot_localisation/share/bumperbot_localisation/local_setup.sh
-- Up-to-date: /home/unknown/ROS2_Workspaces/bumperbot_ws/install/bumperbot_localisation/share/bumperbot_localisation/local_setup.zsh
-- Up-to-date: /home/unknown/ROS2_Workspaces/bumperbot_ws/install/bumperbot_localisation/share/bumperbot_localisation/local_setup.dsv
-- Installing: /home/unknown/ROS2_Workspaces/bumperbot_ws/install/bumperbot_localisation/share/bumperbot_localisation/package.dsv
-- Up-to-date: /home/unknown/ROS2_Workspaces/bumperbot_ws/install/bumperbot_localisation/share/ament_index/resource_index/packages/bumperbot_localisation
-- Up-to-date: /home/unknown/ROS2_Workspaces/bumperbot_ws/install/bumperbot_localisation/share/bumperbot_localisation/cmake/bumperbot_localisationConfig.cmake
-- Up-to-date: /home/unknown/ROS2_Workspaces/bumperbot_ws/install/bumperbot_localisation/share/bumperbot_localisation/cmake/bumperbot_localisationConfig-version.cmake
-- Up-to-date: /home/unknown/ROS2_Workspaces/bumperbot_ws/install/bumperbot_localisation/share/bumperbot_localisation/package.xml
