[0.057s] Invoking command in '/home/unknown/ROS2_Workspaces/bumperbot_ws/build/bumperbot_localisation': CMAKE_PREFIX_PATH=${CMAKE_PREFIX_PATH}:/home/unknown/ROS2_Workspaces/bumperbot_ws/install/my_robot_controller:/home/unknown/ROS2_Workspaces/bumperbot_ws/install/bumper_bot_py:/opt/ros/humble /usr/bin/cmake --build /home/unknown/ROS2_Workspaces/bumperbot_ws/build/bumperbot_localisation -- -j8 -l8
[0.131s] [35m[1mConsolidate compiler generated dependencies of target imu_republisher[0m
[0.131s] [35m[1mConsolidate compiler generated dependencies of target kalman_filter[0m
[0.161s] [ 50%] Built target kalman_filter
[0.168s] [ 50%] Built target ament_cmake_python_copy_bumperbot_localisation
[0.173s] [100%] Built target imu_republisher
[0.447s] running egg_info
[0.450s] writing bumperbot_localisation.egg-info/PKG-INFO
[0.451s] writing dependency_links to bumperbot_localisation.egg-info/dependency_links.txt
[0.452s] writing top-level names to bumperbot_localisation.egg-info/top_level.txt
[0.454s] reading manifest file 'bumperbot_localisation.egg-info/SOURCES.txt'
[0.457s] writing manifest file 'bumperbot_localisation.egg-info/SOURCES.txt'
[0.490s] [100%] Built target ament_cmake_python_build_bumperbot_localisation_egg
[0.534s] Invoked command in '/home/unknown/ROS2_Workspaces/bumperbot_ws/build/bumperbot_localisation' returned '0': CMAKE_PREFIX_PATH=${CMAKE_PREFIX_PATH}:/home/unknown/ROS2_Workspaces/bumperbot_ws/install/my_robot_controller:/home/unknown/ROS2_Workspaces/bumperbot_ws/install/bumper_bot_py:/opt/ros/humble /usr/bin/cmake --build /home/unknown/ROS2_Workspaces/bumperbot_ws/build/bumperbot_localisation -- -j8 -l8
[0.535s] Invoking command in '/home/unknown/ROS2_Workspaces/bumperbot_ws/build/bumperbot_localisation': CMAKE_PREFIX_PATH=${CMAKE_PREFIX_PATH}:/home/unknown/ROS2_Workspaces/bumperbot_ws/install/my_robot_controller:/home/unknown/ROS2_Workspaces/bumperbot_ws/install/bumper_bot_py:/opt/ros/humble /usr/bin/cmake --install /home/unknown/ROS2_Workspaces/bumperbot_ws/build/bumperbot_localisation
[0.551s] -- Install configuration: ""
[0.551s] -- Up-to-date: /home/unknown/ROS2_Workspaces/bumperbot_ws/install/bumperbot_localisation/share/bumperbot_localisation/environment/pythonpath.sh
[0.551s] -- Up-to-date: /home/unknown/ROS2_Workspaces/bumperbot_ws/install/bumperbot_localisation/share/bumperbot_localisation/environment/pythonpath.dsv
[0.552s] -- Up-to-date: /home/unknown/ROS2_Workspaces/bumperbot_ws/install/bumperbot_localisation/local/lib/python3.10/dist-packages/bumperbot_localisation-0.0.0-py3.10.egg-info
[0.552s] -- Installing: /home/unknown/ROS2_Workspaces/bumperbot_ws/install/bumperbot_localisation/local/lib/python3.10/dist-packages/bumperbot_localisation-0.0.0-py3.10.egg-info/PKG-INFO
[0.552s] -- Installing: /home/unknown/ROS2_Workspaces/bumperbot_ws/install/bumperbot_localisation/local/lib/python3.10/dist-packages/bumperbot_localisation-0.0.0-py3.10.egg-info/dependency_links.txt
[0.552s] -- Installing: /home/unknown/ROS2_Workspaces/bumperbot_ws/install/bumperbot_localisation/local/lib/python3.10/dist-packages/bumperbot_localisation-0.0.0-py3.10.egg-info/top_level.txt
[0.553s] -- Installing: /home/unknown/ROS2_Workspaces/bumperbot_ws/install/bumperbot_localisation/local/lib/python3.10/dist-packages/bumperbot_localisation-0.0.0-py3.10.egg-info/SOURCES.txt
[0.553s] -- Up-to-date: /home/unknown/ROS2_Workspaces/bumperbot_ws/install/bumperbot_localisation/local/lib/python3.10/dist-packages/bumperbot_localisation
[0.553s] -- Up-to-date: /home/unknown/ROS2_Workspaces/bumperbot_ws/install/bumperbot_localisation/local/lib/python3.10/dist-packages/bumperbot_localisation/__init__.py
[0.555s] -- Up-to-date: /home/unknown/ROS2_Workspaces/bumperbot_ws/install/bumperbot_localisation/local/lib/python3.10/dist-packages/bumperbot_localisation/imu_republisher.py
[0.555s] -- Up-to-date: /home/unknown/ROS2_Workspaces/bumperbot_ws/install/bumperbot_localisation/local/lib/python3.10/dist-packages/bumperbot_localisation/kalman_filter.py
[0.555s] -- Up-to-date: /home/unknown/ROS2_Workspaces/bumperbot_ws/install/bumperbot_localisation/local/lib/python3.10/dist-packages/bumperbot_localisation/odometry_motion_model.py
[0.591s] Listing '/home/unknown/ROS2_Workspaces/bumperbot_ws/install/bumperbot_localisation/local/lib/python3.10/dist-packages/bumperbot_localisation'...
[0.594s] -- Up-to-date: /home/unknown/ROS2_Workspaces/bumperbot_ws/install/bumperbot_localisation/include/include
[0.595s] -- Up-to-date: /home/unknown/ROS2_Workspaces/bumperbot_ws/install/bumperbot_localisation/include/include/bumperbot_localisation
[0.595s] -- Up-to-date: /home/unknown/ROS2_Workspaces/bumperbot_ws/install/bumperbot_localisation/include/include/bumperbot_localisation/kalman_filter.hpp
[0.595s] -- Up-to-date: /home/unknown/ROS2_Workspaces/bumperbot_ws/install/bumperbot_localisation/include/include/bumperbot_localisation/odometry_motion_model.hpp
[0.595s] -- Up-to-date: /home/unknown/ROS2_Workspaces/bumperbot_ws/install/bumperbot_localisation/share/bumperbot_localisation/launch
[0.595s] -- Up-to-date: /home/unknown/ROS2_Workspaces/bumperbot_ws/install/bumperbot_localisation/share/bumperbot_localisation/launch/local_localisation.launch.py
[0.595s] -- Up-to-date: /home/unknown/ROS2_Workspaces/bumperbot_ws/install/bumperbot_localisation/share/bumperbot_localisation/config
[0.595s] -- Up-to-date: /home/unknown/ROS2_Workspaces/bumperbot_ws/install/bumperbot_localisation/share/bumperbot_localisation/config/ekf.yaml
[0.595s] -- Up-to-date: /home/unknown/ROS2_Workspaces/bumperbot_ws/install/bumperbot_localisation/lib/bumperbot_localisation/kalman_filter.py
[0.596s] -- Up-to-date: /home/unknown/ROS2_Workspaces/bumperbot_ws/install/bumperbot_localisation/lib/bumperbot_localisation/imu_republisher.py
[0.596s] -- Up-to-date: /home/unknown/ROS2_Workspaces/bumperbot_ws/install/bumperbot_localisation/lib/bumperbot_localisation/odometry_motion_model.py
[0.596s] -- Up-to-date: /home/unknown/ROS2_Workspaces/bumperbot_ws/install/bumperbot_localisation/lib/bumperbot_localisation/kalman_filter
[0.596s] -- Up-to-date: /home/unknown/ROS2_Workspaces/bumperbot_ws/install/bumperbot_localisation/lib/bumperbot_localisation/imu_republisher
[0.596s] -- Up-to-date: /home/unknown/ROS2_Workspaces/bumperbot_ws/install/bumperbot_localisation/share/ament_index/resource_index/package_run_dependencies/bumperbot_localisation
[0.596s] -- Up-to-date: /home/unknown/ROS2_Workspaces/bumperbot_ws/install/bumperbot_localisation/share/ament_index/resource_index/parent_prefix_path/bumperbot_localisation
[0.599s] -- Up-to-date: /home/unknown/ROS2_Workspaces/bumperbot_ws/install/bumperbot_localisation/share/bumperbot_localisation/environment/ament_prefix_path.sh
[0.599s] -- Up-to-date: /home/unknown/ROS2_Workspaces/bumperbot_ws/install/bumperbot_localisation/share/bumperbot_localisation/environment/ament_prefix_path.dsv
[0.599s] -- Up-to-date: /home/unknown/ROS2_Workspaces/bumperbot_ws/install/bumperbot_localisation/share/bumperbot_localisation/environment/path.sh
[0.599s] -- Up-to-date: /home/unknown/ROS2_Workspaces/bumperbot_ws/install/bumperbot_localisation/share/bumperbot_localisation/environment/path.dsv
[0.599s] -- Up-to-date: /home/unknown/ROS2_Workspaces/bumperbot_ws/install/bumperbot_localisation/share/bumperbot_localisation/local_setup.bash
[0.599s] -- Up-to-date: /home/unknown/ROS2_Workspaces/bumperbot_ws/install/bumperbot_localisation/share/bumperbot_localisation/local_setup.sh
[0.599s] -- Up-to-date: /home/unknown/ROS2_Workspaces/bumperbot_ws/install/bumperbot_localisation/share/bumperbot_localisation/local_setup.zsh
[0.599s] -- Up-to-date: /home/unknown/ROS2_Workspaces/bumperbot_ws/install/bumperbot_localisation/share/bumperbot_localisation/local_setup.dsv
[0.599s] -- Installing: /home/unknown/ROS2_Workspaces/bumperbot_ws/install/bumperbot_localisation/share/bumperbot_localisation/package.dsv
[0.600s] -- Up-to-date: /home/unknown/ROS2_Workspaces/bumperbot_ws/install/bumperbot_localisation/share/ament_index/resource_index/packages/bumperbot_localisation
[0.600s] -- Up-to-date: /home/unknown/ROS2_Workspaces/bumperbot_ws/install/bumperbot_localisation/share/bumperbot_localisation/cmake/bumperbot_localisationConfig.cmake
[0.600s] -- Up-to-date: /home/unknown/ROS2_Workspaces/bumperbot_ws/install/bumperbot_localisation/share/bumperbot_localisation/cmake/bumperbot_localisationConfig-version.cmake
[0.600s] -- Up-to-date: /home/unknown/ROS2_Workspaces/bumperbot_ws/install/bumperbot_localisation/share/bumperbot_localisation/package.xml
[0.625s] Invoked command in '/home/unknown/ROS2_Workspaces/bumperbot_ws/build/bumperbot_localisation' returned '0': CMAKE_PREFIX_PATH=${CMAKE_PREFIX_PATH}:/home/unknown/ROS2_Workspaces/bumperbot_ws/install/my_robot_controller:/home/unknown/ROS2_Workspaces/bumperbot_ws/install/bumper_bot_py:/opt/ros/humble /usr/bin/cmake --install /home/unknown/ROS2_Workspaces/bumperbot_ws/build/bumperbot_localisation
