[35m[1mConsolidate compiler generated dependencies of target turtle_cpp_publisher[0m
[35m[1mConsolidate compiler generated dependencies of target simple_service_server[0m
[35m[1mConsolidate compiler generated dependencies of target simple_parameter[0m
[35m[1mConsolidate compiler generated dependencies of target dynamic_tf_kinematics[0m
[35m[1mConsolidate compiler generated dependencies of target turtlesim_kinematics[0m
[35m[1mConsolidate compiler generated dependencies of target simple_service_client[0m
[35m[1mConsolidate compiler generated dependencies of target simple_tf_kinematics[0m
[35m[1mConsolidate compiler generated dependencies of target simple_tf_service[0m
[ 11%] Built target simple_service_server
[ 22%] Built target simple_parameter
[ 33%] Built target turtle_cpp_publisher
[ 44%] Built target dynamic_tf_kinematics
[ 55%] Built target turtlesim_kinematics
[35m[1mConsolidate compiler generated dependencies of target euler_to_quaternion[0m
[ 66%] Built target simple_service_client
[ 77%] Built target simple_tf_kinematics
[ 88%] Built target simple_tf_service
[100%] Built target euler_to_quaternion
-- Install configuration: ""
-- Up-to-date: /home/unknown/ROS2_Workspaces/bumperbot_ws/install/cpp_folder/include/include
-- Up-to-date: /home/unknown/ROS2_Workspaces/bumperbot_ws/install/cpp_folder/include/include/cpp_folder
-- Up-to-date: /home/unknown/ROS2_Workspaces/bumperbot_ws/install/cpp_folder/include/include/cpp_folder/euler_to_quaternion.hpp
-- Up-to-date: /home/unknown/ROS2_Workspaces/bumperbot_ws/install/cpp_folder/include/include/cpp_folder/dynamic_tf_kinematics.hpp
-- Up-to-date: /home/unknown/ROS2_Workspaces/bumperbot_ws/install/cpp_folder/include/include/cpp_folder/simple_tf_kinematics.hpp
-- Up-to-date: /home/unknown/ROS2_Workspaces/bumperbot_ws/install/cpp_folder/include/include/cpp_folder/simple_tf_service.hpp
-- Up-to-date: /home/unknown/ROS2_Workspaces/bumperbot_ws/install/cpp_folder/include/include/cpp_folder/turtlesim_kinematics.hpp
-- Up-to-date: /home/unknown/ROS2_Workspaces/bumperbot_ws/install/cpp_folder/lib/cpp_folder/turtle_cpp_publisher
-- Up-to-date: /home/unknown/ROS2_Workspaces/bumperbot_ws/install/cpp_folder/lib/cpp_folder/simple_parameter
-- Up-to-date: /home/unknown/ROS2_Workspaces/bumperbot_ws/install/cpp_folder/lib/cpp_folder/turtlesim_kinematics
-- Up-to-date: /home/unknown/ROS2_Workspaces/bumperbot_ws/install/cpp_folder/lib/cpp_folder/simple_tf_kinematics
-- Up-to-date: /home/unknown/ROS2_Workspaces/bumperbot_ws/install/cpp_folder/lib/cpp_folder/dynamic_tf_kinematics
-- Up-to-date: /home/unknown/ROS2_Workspaces/bumperbot_ws/install/cpp_folder/lib/cpp_folder/simple_service_server
-- Up-to-date: /home/unknown/ROS2_Workspaces/bumperbot_ws/install/cpp_folder/lib/cpp_folder/simple_service_client
-- Up-to-date: /home/unknown/ROS2_Workspaces/bumperbot_ws/install/cpp_folder/lib/cpp_folder/simple_tf_service
-- Up-to-date: /home/unknown/ROS2_Workspaces/bumperbot_ws/install/cpp_folder/lib/cpp_folder/euler_to_quaternion
-- Up-to-date: /home/unknown/ROS2_Workspaces/bumperbot_ws/install/cpp_folder/share/ament_index/resource_index/package_run_dependencies/cpp_folder
-- Up-to-date: /home/unknown/ROS2_Workspaces/bumperbot_ws/install/cpp_folder/share/ament_index/resource_index/parent_prefix_path/cpp_folder
-- Up-to-date: /home/unknown/ROS2_Workspaces/bumperbot_ws/install/cpp_folder/share/cpp_folder/environment/ament_prefix_path.sh
-- Up-to-date: /home/unknown/ROS2_Workspaces/bumperbot_ws/install/cpp_folder/share/cpp_folder/environment/ament_prefix_path.dsv
-- Up-to-date: /home/unknown/ROS2_Workspaces/bumperbot_ws/install/cpp_folder/share/cpp_folder/environment/path.sh
-- Up-to-date: /home/unknown/ROS2_Workspaces/bumperbot_ws/install/cpp_folder/share/cpp_folder/environment/path.dsv
-- Up-to-date: /home/unknown/ROS2_Workspaces/bumperbot_ws/install/cpp_folder/share/cpp_folder/local_setup.bash
-- Up-to-date: /home/unknown/ROS2_Workspaces/bumperbot_ws/install/cpp_folder/share/cpp_folder/local_setup.sh
-- Up-to-date: /home/unknown/ROS2_Workspaces/bumperbot_ws/install/cpp_folder/share/cpp_folder/local_setup.zsh
-- Up-to-date: /home/unknown/ROS2_Workspaces/bumperbot_ws/install/cpp_folder/share/cpp_folder/local_setup.dsv
-- Installing: /home/unknown/ROS2_Workspaces/bumperbot_ws/install/cpp_folder/share/cpp_folder/package.dsv
-- Up-to-date: /home/unknown/ROS2_Workspaces/bumperbot_ws/install/cpp_folder/share/ament_index/resource_index/packages/cpp_folder
-- Up-to-date: /home/unknown/ROS2_Workspaces/bumperbot_ws/install/cpp_folder/share/cpp_folder/cmake/cpp_folderConfig.cmake
-- Up-to-date: /home/unknown/ROS2_Workspaces/bumperbot_ws/install/cpp_folder/share/cpp_folder/cmake/cpp_folderConfig-version.cmake
-- Up-to-date: /home/unknown/ROS2_Workspaces/bumperbot_ws/install/cpp_folder/share/cpp_folder/package.xml
