[0.283s] Invoking command in '/home/unknown/ROS2_Workspaces/bumperbot_ws/build/cpp_folder': CMAKE_PREFIX_PATH=/home/unknown/ROS2_Workspaces/bumperbot_ws/install/bumperbot_msgs:/home/unknown/ROS2_Workspaces/bumperbot_ws/install/ign_ros2_control_demos:/home/unknown/ROS2_Workspaces/bumperbot_ws/install/bumper_bot:/home/unknown/ROS2_Workspaces/bumperbot_ws/install/ign_ros2_control:/home/unknown/ROS2_Workspaces/bumperbot_ws/install/gz_ros2_control_tests:/home/unknown/ROS2_Workspaces/bumperbot_ws/install/gz_ros2_control_demos:/home/unknown/ROS2_Workspaces/bumperbot_ws/install/gz_ros2_control:/home/unknown/ROS2_Workspaces/bumperbot_ws/install/cpp_folder:/home/unknown/ROS2_Workspaces/bumperbot_ws/install/bumperbot_utils:/home/unknown/ROS2_Workspaces/bumperbot_ws/install/bumperbot_localisation:/home/unknown/ROS2_Workspaces/bumperbot_ws/install/bumperbot_firmware:/home/unknown/ROS2_Workspaces/bumperbot_ws/install/bumperbot_controller:/home/unknown/ROS2_Workspaces/bumperbot_ws/install/my_robot_controller:/home/unknown/ROS2_Workspaces/bumperbot_ws/install/bumper_bot_py:/opt/ros/humble LD_LIBRARY_PATH=/home/unknown/ROS2_Workspaces/bumperbot_ws/install/bumperbot_msgs/lib:/home/unknown/ROS2_Workspaces/bumperbot_ws/install/gz_ros2_control/lib:/home/unknown/bumperbot_ws/install/gz_ros2_control/lib:/home/unknown/bumperbot_ws/install/bumperbot_msgs/lib:/home/unknown/ros2_ws/install/gz_ros2_control/lib:/home/unknown/ros2_ws/install/bumperbot_msgs/lib:/opt/ros/humble/opt/rviz_ogre_vendor/lib:/opt/ros/humble/lib/x86_64-linux-gnu:/opt/ros/humble/lib /usr/bin/cmake --build /home/unknown/ROS2_Workspaces/bumperbot_ws/build/cpp_folder -- -j8 -l8
[0.322s] [35m[1mConsolidate compiler generated dependencies of target turtle_cpp_publisher[0m
[0.322s] [35m[1mConsolidate compiler generated dependencies of target simple_service_server[0m
[0.326s] [35m[1mConsolidate compiler generated dependencies of target simple_parameter[0m
[0.329s] [35m[1mConsolidate compiler generated dependencies of target dynamic_tf_kinematics[0m
[0.330s] [35m[1mConsolidate compiler generated dependencies of target turtlesim_kinematics[0m
[0.337s] [35m[1mConsolidate compiler generated dependencies of target simple_service_client[0m
[0.350s] [35m[1mConsolidate compiler generated dependencies of target simple_tf_kinematics[0m
[0.351s] [35m[1mConsolidate compiler generated dependencies of target simple_tf_service[0m
[0.365s] [ 11%] Built target simple_service_server
[0.383s] [ 22%] Built target simple_parameter
[0.384s] [ 33%] Built target turtle_cpp_publisher
[0.390s] [ 44%] Built target dynamic_tf_kinematics
[0.406s] [ 55%] Built target turtlesim_kinematics
[0.413s] [35m[1mConsolidate compiler generated dependencies of target euler_to_quaternion[0m
[0.415s] [ 66%] Built target simple_service_client
[0.418s] [ 77%] Built target simple_tf_kinematics
[0.432s] [ 88%] Built target simple_tf_service
[0.443s] [100%] Built target euler_to_quaternion
[0.454s] Invoked command in '/home/unknown/ROS2_Workspaces/bumperbot_ws/build/cpp_folder' returned '0': CMAKE_PREFIX_PATH=/home/unknown/ROS2_Workspaces/bumperbot_ws/install/bumperbot_msgs:/home/unknown/ROS2_Workspaces/bumperbot_ws/install/ign_ros2_control_demos:/home/unknown/ROS2_Workspaces/bumperbot_ws/install/bumper_bot:/home/unknown/ROS2_Workspaces/bumperbot_ws/install/ign_ros2_control:/home/unknown/ROS2_Workspaces/bumperbot_ws/install/gz_ros2_control_tests:/home/unknown/ROS2_Workspaces/bumperbot_ws/install/gz_ros2_control_demos:/home/unknown/ROS2_Workspaces/bumperbot_ws/install/gz_ros2_control:/home/unknown/ROS2_Workspaces/bumperbot_ws/install/cpp_folder:/home/unknown/ROS2_Workspaces/bumperbot_ws/install/bumperbot_utils:/home/unknown/ROS2_Workspaces/bumperbot_ws/install/bumperbot_localisation:/home/unknown/ROS2_Workspaces/bumperbot_ws/install/bumperbot_firmware:/home/unknown/ROS2_Workspaces/bumperbot_ws/install/bumperbot_controller:/home/unknown/ROS2_Workspaces/bumperbot_ws/install/my_robot_controller:/home/unknown/ROS2_Workspaces/bumperbot_ws/install/bumper_bot_py:/opt/ros/humble LD_LIBRARY_PATH=/home/unknown/ROS2_Workspaces/bumperbot_ws/install/bumperbot_msgs/lib:/home/unknown/ROS2_Workspaces/bumperbot_ws/install/gz_ros2_control/lib:/home/unknown/bumperbot_ws/install/gz_ros2_control/lib:/home/unknown/bumperbot_ws/install/bumperbot_msgs/lib:/home/unknown/ros2_ws/install/gz_ros2_control/lib:/home/unknown/ros2_ws/install/bumperbot_msgs/lib:/opt/ros/humble/opt/rviz_ogre_vendor/lib:/opt/ros/humble/lib/x86_64-linux-gnu:/opt/ros/humble/lib /usr/bin/cmake --build /home/unknown/ROS2_Workspaces/bumperbot_ws/build/cpp_folder -- -j8 -l8
[0.455s] Invoking command in '/home/unknown/ROS2_Workspaces/bumperbot_ws/build/cpp_folder': CMAKE_PREFIX_PATH=/home/unknown/ROS2_Workspaces/bumperbot_ws/install/bumperbot_msgs:/home/unknown/ROS2_Workspaces/bumperbot_ws/install/ign_ros2_control_demos:/home/unknown/ROS2_Workspaces/bumperbot_ws/install/bumper_bot:/home/unknown/ROS2_Workspaces/bumperbot_ws/install/ign_ros2_control:/home/unknown/ROS2_Workspaces/bumperbot_ws/install/gz_ros2_control_tests:/home/unknown/ROS2_Workspaces/bumperbot_ws/install/gz_ros2_control_demos:/home/unknown/ROS2_Workspaces/bumperbot_ws/install/gz_ros2_control:/home/unknown/ROS2_Workspaces/bumperbot_ws/install/cpp_folder:/home/unknown/ROS2_Workspaces/bumperbot_ws/install/bumperbot_utils:/home/unknown/ROS2_Workspaces/bumperbot_ws/install/bumperbot_localisation:/home/unknown/ROS2_Workspaces/bumperbot_ws/install/bumperbot_firmware:/home/unknown/ROS2_Workspaces/bumperbot_ws/install/bumperbot_controller:/home/unknown/ROS2_Workspaces/bumperbot_ws/install/my_robot_controller:/home/unknown/ROS2_Workspaces/bumperbot_ws/install/bumper_bot_py:/opt/ros/humble LD_LIBRARY_PATH=/home/unknown/ROS2_Workspaces/bumperbot_ws/install/bumperbot_msgs/lib:/home/unknown/ROS2_Workspaces/bumperbot_ws/install/gz_ros2_control/lib:/home/unknown/bumperbot_ws/install/gz_ros2_control/lib:/home/unknown/bumperbot_ws/install/bumperbot_msgs/lib:/home/unknown/ros2_ws/install/gz_ros2_control/lib:/home/unknown/ros2_ws/install/bumperbot_msgs/lib:/opt/ros/humble/opt/rviz_ogre_vendor/lib:/opt/ros/humble/lib/x86_64-linux-gnu:/opt/ros/humble/lib /usr/bin/cmake --install /home/unknown/ROS2_Workspaces/bumperbot_ws/build/cpp_folder
[0.461s] -- Install configuration: ""
[0.461s] -- Up-to-date: /home/unknown/ROS2_Workspaces/bumperbot_ws/install/cpp_folder/include/include
[0.461s] -- Up-to-date: /home/unknown/ROS2_Workspaces/bumperbot_ws/install/cpp_folder/include/include/cpp_folder
[0.461s] -- Up-to-date: /home/unknown/ROS2_Workspaces/bumperbot_ws/install/cpp_folder/include/include/cpp_folder/euler_to_quaternion.hpp
[0.462s] -- Up-to-date: /home/unknown/ROS2_Workspaces/bumperbot_ws/install/cpp_folder/include/include/cpp_folder/dynamic_tf_kinematics.hpp
[0.462s] -- Up-to-date: /home/unknown/ROS2_Workspaces/bumperbot_ws/install/cpp_folder/include/include/cpp_folder/simple_tf_kinematics.hpp
[0.462s] -- Up-to-date: /home/unknown/ROS2_Workspaces/bumperbot_ws/install/cpp_folder/include/include/cpp_folder/simple_tf_service.hpp
[0.462s] -- Up-to-date: /home/unknown/ROS2_Workspaces/bumperbot_ws/install/cpp_folder/include/include/cpp_folder/turtlesim_kinematics.hpp
[0.462s] -- Up-to-date: /home/unknown/ROS2_Workspaces/bumperbot_ws/install/cpp_folder/lib/cpp_folder/turtle_cpp_publisher
[0.462s] -- Up-to-date: /home/unknown/ROS2_Workspaces/bumperbot_ws/install/cpp_folder/lib/cpp_folder/simple_parameter
[0.463s] -- Up-to-date: /home/unknown/ROS2_Workspaces/bumperbot_ws/install/cpp_folder/lib/cpp_folder/turtlesim_kinematics
[0.463s] -- Up-to-date: /home/unknown/ROS2_Workspaces/bumperbot_ws/install/cpp_folder/lib/cpp_folder/simple_tf_kinematics
[0.463s] -- Up-to-date: /home/unknown/ROS2_Workspaces/bumperbot_ws/install/cpp_folder/lib/cpp_folder/dynamic_tf_kinematics
[0.463s] -- Up-to-date: /home/unknown/ROS2_Workspaces/bumperbot_ws/install/cpp_folder/lib/cpp_folder/simple_service_server
[0.463s] -- Up-to-date: /home/unknown/ROS2_Workspaces/bumperbot_ws/install/cpp_folder/lib/cpp_folder/simple_service_client
[0.463s] -- Up-to-date: /home/unknown/ROS2_Workspaces/bumperbot_ws/install/cpp_folder/lib/cpp_folder/simple_tf_service
[0.463s] -- Up-to-date: /home/unknown/ROS2_Workspaces/bumperbot_ws/install/cpp_folder/lib/cpp_folder/euler_to_quaternion
[0.464s] -- Up-to-date: /home/unknown/ROS2_Workspaces/bumperbot_ws/install/cpp_folder/share/ament_index/resource_index/package_run_dependencies/cpp_folder
[0.464s] -- Up-to-date: /home/unknown/ROS2_Workspaces/bumperbot_ws/install/cpp_folder/share/ament_index/resource_index/parent_prefix_path/cpp_folder
[0.464s] -- Up-to-date: /home/unknown/ROS2_Workspaces/bumperbot_ws/install/cpp_folder/share/cpp_folder/environment/ament_prefix_path.sh
[0.464s] -- Up-to-date: /home/unknown/ROS2_Workspaces/bumperbot_ws/install/cpp_folder/share/cpp_folder/environment/ament_prefix_path.dsv
[0.464s] -- Up-to-date: /home/unknown/ROS2_Workspaces/bumperbot_ws/install/cpp_folder/share/cpp_folder/environment/path.sh
[0.464s] -- Up-to-date: /home/unknown/ROS2_Workspaces/bumperbot_ws/install/cpp_folder/share/cpp_folder/environment/path.dsv
[0.465s] -- Up-to-date: /home/unknown/ROS2_Workspaces/bumperbot_ws/install/cpp_folder/share/cpp_folder/local_setup.bash
[0.465s] -- Up-to-date: /home/unknown/ROS2_Workspaces/bumperbot_ws/install/cpp_folder/share/cpp_folder/local_setup.sh
[0.465s] -- Up-to-date: /home/unknown/ROS2_Workspaces/bumperbot_ws/install/cpp_folder/share/cpp_folder/local_setup.zsh
[0.465s] -- Up-to-date: /home/unknown/ROS2_Workspaces/bumperbot_ws/install/cpp_folder/share/cpp_folder/local_setup.dsv
[0.465s] -- Installing: /home/unknown/ROS2_Workspaces/bumperbot_ws/install/cpp_folder/share/cpp_folder/package.dsv
[0.465s] -- Up-to-date: /home/unknown/ROS2_Workspaces/bumperbot_ws/install/cpp_folder/share/ament_index/resource_index/packages/cpp_folder
[0.465s] -- Up-to-date: /home/unknown/ROS2_Workspaces/bumperbot_ws/install/cpp_folder/share/cpp_folder/cmake/cpp_folderConfig.cmake
[0.465s] -- Up-to-date: /home/unknown/ROS2_Workspaces/bumperbot_ws/install/cpp_folder/share/cpp_folder/cmake/cpp_folderConfig-version.cmake
[0.465s] -- Up-to-date: /home/unknown/ROS2_Workspaces/bumperbot_ws/install/cpp_folder/share/cpp_folder/package.xml
[0.466s] Invoked command in '/home/unknown/ROS2_Workspaces/bumperbot_ws/build/cpp_folder' returned '0': CMAKE_PREFIX_PATH=/home/unknown/ROS2_Workspaces/bumperbot_ws/install/bumperbot_msgs:/home/unknown/ROS2_Workspaces/bumperbot_ws/install/ign_ros2_control_demos:/home/unknown/ROS2_Workspaces/bumperbot_ws/install/bumper_bot:/home/unknown/ROS2_Workspaces/bumperbot_ws/install/ign_ros2_control:/home/unknown/ROS2_Workspaces/bumperbot_ws/install/gz_ros2_control_tests:/home/unknown/ROS2_Workspaces/bumperbot_ws/install/gz_ros2_control_demos:/home/unknown/ROS2_Workspaces/bumperbot_ws/install/gz_ros2_control:/home/unknown/ROS2_Workspaces/bumperbot_ws/install/cpp_folder:/home/unknown/ROS2_Workspaces/bumperbot_ws/install/bumperbot_utils:/home/unknown/ROS2_Workspaces/bumperbot_ws/install/bumperbot_localisation:/home/unknown/ROS2_Workspaces/bumperbot_ws/install/bumperbot_firmware:/home/unknown/ROS2_Workspaces/bumperbot_ws/install/bumperbot_controller:/home/unknown/ROS2_Workspaces/bumperbot_ws/install/my_robot_controller:/home/unknown/ROS2_Workspaces/bumperbot_ws/install/bumper_bot_py:/opt/ros/humble LD_LIBRARY_PATH=/home/unknown/ROS2_Workspaces/bumperbot_ws/install/bumperbot_msgs/lib:/home/unknown/ROS2_Workspaces/bumperbot_ws/install/gz_ros2_control/lib:/home/unknown/bumperbot_ws/install/gz_ros2_control/lib:/home/unknown/bumperbot_ws/install/bumperbot_msgs/lib:/home/unknown/ros2_ws/install/gz_ros2_control/lib:/home/unknown/ros2_ws/install/bumperbot_msgs/lib:/opt/ros/humble/opt/rviz_ogre_vendor/lib:/opt/ros/humble/lib/x86_64-linux-gnu:/opt/ros/humble/lib /usr/bin/cmake --install /home/unknown/ROS2_Workspaces/bumperbot_ws/build/cpp_folder
