[0.954s] Invoking command in '/home/unknown/ROS2_Workspaces/bumperbot_ws/src/my_robot_controller': PYTHONPATH=/home/unknown/ROS2_Workspaces/bumperbot_ws/build/my_robot_controller/prefix_override:/usr/lib/python3/dist-packages/colcon_core/task/python/colcon_distutils_commands:/home/unknown/ROS2_Workspaces/bumperbot_ws/install/my_robot_controller/lib/python3.10/site-packages:${PYTHONPATH} /usr/bin/python3 -W ignore:setup.py install is deprecated -W ignore:easy_install command is deprecated setup.py egg_info --egg-base ../../build/my_robot_controller build --build-base /home/unknown/ROS2_Workspaces/bumperbot_ws/build/my_robot_controller/build install --record /home/unknown/ROS2_Workspaces/bumperbot_ws/build/my_robot_controller/install.log --single-version-externally-managed install_data
[1.260s] running egg_info
[1.261s] writing ../../build/my_robot_controller/my_robot_controller.egg-info/PKG-INFO
[1.261s] writing dependency_links to ../../build/my_robot_controller/my_robot_controller.egg-info/dependency_links.txt
[1.261s] writing entry points to ../../build/my_robot_controller/my_robot_controller.egg-info/entry_points.txt
[1.261s] writing requirements to ../../build/my_robot_controller/my_robot_controller.egg-info/requires.txt
[1.261s] writing top-level names to ../../build/my_robot_controller/my_robot_controller.egg-info/top_level.txt
[1.263s] reading manifest file '../../build/my_robot_controller/my_robot_controller.egg-info/SOURCES.txt'
[1.264s] writing manifest file '../../build/my_robot_controller/my_robot_controller.egg-info/SOURCES.txt'
[1.264s] running build
[1.264s] running build_py
[1.264s] running install
[1.264s] running install_lib
[1.266s] running install_data
[1.266s] running install_egg_info
[1.267s] removing '/home/unknown/ROS2_Workspaces/bumperbot_ws/install/my_robot_controller/lib/python3.10/site-packages/my_robot_controller-0.0.0-py3.10.egg-info' (and everything under it)
[1.267s] Copying ../../build/my_robot_controller/my_robot_controller.egg-info to /home/unknown/ROS2_Workspaces/bumperbot_ws/install/my_robot_controller/lib/python3.10/site-packages/my_robot_controller-0.0.0-py3.10.egg-info
[1.268s] running install_scripts
[1.286s] Installing auto_bot script to /home/unknown/ROS2_Workspaces/bumperbot_ws/install/my_robot_controller/lib/my_robot_controller
[1.286s] Installing draw_circle script to /home/unknown/ROS2_Workspaces/bumperbot_ws/install/my_robot_controller/lib/my_robot_controller
[1.286s] Installing test_node script to /home/unknown/ROS2_Workspaces/bumperbot_ws/install/my_robot_controller/lib/my_robot_controller
[1.286s] Installing the_poser script to /home/unknown/ROS2_Workspaces/bumperbot_ws/install/my_robot_controller/lib/my_robot_controller
[1.286s] Installing wasd_controller script to /home/unknown/ROS2_Workspaces/bumperbot_ws/install/my_robot_controller/lib/my_robot_controller
[1.287s] writing list of installed files to '/home/unknown/ROS2_Workspaces/bumperbot_ws/build/my_robot_controller/install.log'
[1.311s] Invoked command in '/home/unknown/ROS2_Workspaces/bumperbot_ws/src/my_robot_controller' returned '0': PYTHONPATH=/home/unknown/ROS2_Workspaces/bumperbot_ws/build/my_robot_controller/prefix_override:/usr/lib/python3/dist-packages/colcon_core/task/python/colcon_distutils_commands:/home/unknown/ROS2_Workspaces/bumperbot_ws/install/my_robot_controller/lib/python3.10/site-packages:${PYTHONPATH} /usr/bin/python3 -W ignore:setup.py install is deprecated -W ignore:easy_install command is deprecated setup.py egg_info --egg-base ../../build/my_robot_controller build --build-base /home/unknown/ROS2_Workspaces/bumperbot_ws/build/my_robot_controller/build install --record /home/unknown/ROS2_Workspaces/bumperbot_ws/build/my_robot_controller/install.log --single-version-externally-managed install_data
